Archive member included to satisfy reference by file (symbol)

C:/ST/STM32CubeIDE_1.12.1/STM32CubeIDE/plugins/com.st.stm32cube.ide.mcu.externaltools.gnu-tools-for-stm32.11.3.rel1.win32_1.1.1.202309131626/tools/bin/../lib/gcc/arm-none-eabi/11.3.1/../../../../arm-none-eabi/lib/thumb/v7e-m+fp/hard\libc_nano.a(libc_a-exit.o)
                              C:/ST/STM32CubeIDE_1.12.1/STM32CubeIDE/plugins/com.st.stm32cube.ide.mcu.externaltools.gnu-tools-for-stm32.11.3.rel1.win32_1.1.1.202309131626/tools/bin/../lib/gcc/arm-none-eabi/11.3.1/../../../../arm-none-eabi/lib/thumb/v7e-m+fp/hard/crt0.o (exit)
C:/ST/STM32CubeIDE_1.12.1/STM32CubeIDE/plugins/com.st.stm32cube.ide.mcu.externaltools.gnu-tools-for-stm32.11.3.rel1.win32_1.1.1.202309131626/tools/bin/../lib/gcc/arm-none-eabi/11.3.1/../../../../arm-none-eabi/lib/thumb/v7e-m+fp/hard\libc_nano.a(libc_a-findfp.o)
                              C:/ST/STM32CubeIDE_1.12.1/STM32CubeIDE/plugins/com.st.stm32cube.ide.mcu.externaltools.gnu-tools-for-stm32.11.3.rel1.win32_1.1.1.202309131626/tools/bin/../lib/gcc/arm-none-eabi/11.3.1/../../../../arm-none-eabi/lib/thumb/v7e-m+fp/hard\libc_nano.a(libc_a-exit.o) (__stdio_exit_handler)
C:/ST/STM32CubeIDE_1.12.1/STM32CubeIDE/plugins/com.st.stm32cube.ide.mcu.externaltools.gnu-tools-for-stm32.11.3.rel1.win32_1.1.1.202309131626/tools/bin/../lib/gcc/arm-none-eabi/11.3.1/../../../../arm-none-eabi/lib/thumb/v7e-m+fp/hard\libc_nano.a(libc_a-fwalk.o)
                              C:/ST/STM32CubeIDE_1.12.1/STM32CubeIDE/plugins/com.st.stm32cube.ide.mcu.externaltools.gnu-tools-for-stm32.11.3.rel1.win32_1.1.1.202309131626/tools/bin/../lib/gcc/arm-none-eabi/11.3.1/../../../../arm-none-eabi/lib/thumb/v7e-m+fp/hard\libc_nano.a(libc_a-findfp.o) (_fwalk_sglue)
C:/ST/STM32CubeIDE_1.12.1/STM32CubeIDE/plugins/com.st.stm32cube.ide.mcu.externaltools.gnu-tools-for-stm32.11.3.rel1.win32_1.1.1.202309131626/tools/bin/../lib/gcc/arm-none-eabi/11.3.1/../../../../arm-none-eabi/lib/thumb/v7e-m+fp/hard\libc_nano.a(libc_a-stdio.o)
                              C:/ST/STM32CubeIDE_1.12.1/STM32CubeIDE/plugins/com.st.stm32cube.ide.mcu.externaltools.gnu-tools-for-stm32.11.3.rel1.win32_1.1.1.202309131626/tools/bin/../lib/gcc/arm-none-eabi/11.3.1/../../../../arm-none-eabi/lib/thumb/v7e-m+fp/hard\libc_nano.a(libc_a-findfp.o) (__sread)
C:/ST/STM32CubeIDE_1.12.1/STM32CubeIDE/plugins/com.st.stm32cube.ide.mcu.externaltools.gnu-tools-for-stm32.11.3.rel1.win32_1.1.1.202309131626/tools/bin/../lib/gcc/arm-none-eabi/11.3.1/../../../../arm-none-eabi/lib/thumb/v7e-m+fp/hard\libc_nano.a(libc_a-memset.o)
                              C:/ST/STM32CubeIDE_1.12.1/STM32CubeIDE/plugins/com.st.stm32cube.ide.mcu.externaltools.gnu-tools-for-stm32.11.3.rel1.win32_1.1.1.202309131626/tools/bin/../lib/gcc/arm-none-eabi/11.3.1/../../../../arm-none-eabi/lib/thumb/v7e-m+fp/hard/crt0.o (memset)
C:/ST/STM32CubeIDE_1.12.1/STM32CubeIDE/plugins/com.st.stm32cube.ide.mcu.externaltools.gnu-tools-for-stm32.11.3.rel1.win32_1.1.1.202309131626/tools/bin/../lib/gcc/arm-none-eabi/11.3.1/../../../../arm-none-eabi/lib/thumb/v7e-m+fp/hard\libc_nano.a(libc_a-closer.o)
                              C:/ST/STM32CubeIDE_1.12.1/STM32CubeIDE/plugins/com.st.stm32cube.ide.mcu.externaltools.gnu-tools-for-stm32.11.3.rel1.win32_1.1.1.202309131626/tools/bin/../lib/gcc/arm-none-eabi/11.3.1/../../../../arm-none-eabi/lib/thumb/v7e-m+fp/hard\libc_nano.a(libc_a-stdio.o) (_close_r)
C:/ST/STM32CubeIDE_1.12.1/STM32CubeIDE/plugins/com.st.stm32cube.ide.mcu.externaltools.gnu-tools-for-stm32.11.3.rel1.win32_1.1.1.202309131626/tools/bin/../lib/gcc/arm-none-eabi/11.3.1/../../../../arm-none-eabi/lib/thumb/v7e-m+fp/hard\libc_nano.a(libc_a-reent.o)
                              C:/ST/STM32CubeIDE_1.12.1/STM32CubeIDE/plugins/com.st.stm32cube.ide.mcu.externaltools.gnu-tools-for-stm32.11.3.rel1.win32_1.1.1.202309131626/tools/bin/../lib/gcc/arm-none-eabi/11.3.1/../../../../arm-none-eabi/lib/thumb/v7e-m+fp/hard\libc_nano.a(libc_a-closer.o) (errno)
C:/ST/STM32CubeIDE_1.12.1/STM32CubeIDE/plugins/com.st.stm32cube.ide.mcu.externaltools.gnu-tools-for-stm32.11.3.rel1.win32_1.1.1.202309131626/tools/bin/../lib/gcc/arm-none-eabi/11.3.1/../../../../arm-none-eabi/lib/thumb/v7e-m+fp/hard\libc_nano.a(libc_a-impure.o)
                              C:/ST/STM32CubeIDE_1.12.1/STM32CubeIDE/plugins/com.st.stm32cube.ide.mcu.externaltools.gnu-tools-for-stm32.11.3.rel1.win32_1.1.1.202309131626/tools/bin/../lib/gcc/arm-none-eabi/11.3.1/../../../../arm-none-eabi/lib/thumb/v7e-m+fp/hard\libc_nano.a(libc_a-reent.o) (_impure_ptr)
C:/ST/STM32CubeIDE_1.12.1/STM32CubeIDE/plugins/com.st.stm32cube.ide.mcu.externaltools.gnu-tools-for-stm32.11.3.rel1.win32_1.1.1.202309131626/tools/bin/../lib/gcc/arm-none-eabi/11.3.1/../../../../arm-none-eabi/lib/thumb/v7e-m+fp/hard\libc_nano.a(libc_a-lseekr.o)
[...]
Memory Configuration

Name             Origin             Length             Attributes
RAM              0x0000000020000000 0x0000000000020000 xrw
FLASH            0x0000000008000000 0x0000000000080000 xr
*default*        0x0000000000000000 0xffffffffffffffff

Linker script and memory map

LOAD C:/ST/STM32CubeIDE_1.12.1/STM32CubeIDE/plugins/com.st.stm32cube.ide.mcu.externaltools.gnu-tools-for-stm32.11.3.rel1.win32_1.1.1.202309131626/tools/bin/../lib/gcc/arm-none-eabi/11.3.1/thumb/v7e-m+fp/hard/crti.o
LOAD C:/ST/STM32CubeIDE_1.12.1/STM32CubeIDE/plugins/com.st.stm32cube.ide.mcu.externaltools.gnu-tools-for-stm32.11.3.rel1.win32_1.1.1.202309131626/tools/bin/../lib/gcc/arm-none-eabi/11.3.1/thumb/v7e-m+fp/hard/crtbegin.o
LOAD C:/ST/STM32CubeIDE_1.12.1/STM32CubeIDE/plugins/com.st.stm32cube.ide.mcu.externaltools.gnu-tools-for-stm32.11.3.rel1.win32_1.1.1.202309131626/tools/bin/../lib/gcc/arm-none-eabi/11.3.1/../../../../arm-none-eabi/lib/thumb/v7e-m+fp/hard/crt0.o
LOAD ./Core/Src/adc.o
LOAD ./Core/Src/dma.o
LOAD ./Core/Src/gpio.o
LOAD ./Core/Src/hall_detection.o
LOAD ./Core/Src/main.o
LOAD ./Core/Src/stm32f4xx_hal_msp.o
LOAD ./Core/Src/stm32f4xx_it.o
LOAD ./Core/Src/syscalls.o
LOAD ./Core/Src/sysmem.o
LOAD ./Core/Src/system_stm32f4xx.o
LOAD ./Core/Src/tim.o
LOAD ./Core/Src/usart.o
LOAD ./Core/Startup/startup_stm32f446retx.o
LOAD ./Drivers/STM32F4xx_HAL_Driver/Src/stm32f4xx_hal.o
LOAD ./Drivers/STM32F4xx_HAL_Driver/Src/stm32f4xx_hal_adc.o
LOAD ./Drivers/STM32F4xx_HAL_Driver/Src/stm32f4xx_hal_adc_ex.o
LOAD ./Drivers/STM32F4xx_HAL_Driver/Src/stm32f4xx_hal_cortex.o
LOAD ./Drivers/STM32F4xx_HAL_Driver/Src/stm32f4xx_hal_dma.o
LOAD ./Drivers/STM32F4xx_HAL_Driver/Src/stm32f4xx_hal_dma_ex.o
LOAD ./Drivers/STM32F4xx_HAL_Driver/Src/stm32f4xx_hal_exti.o
LOAD ./Drivers/STM32F4xx_HAL_Driver/Src/stm32f4xx_hal_flash.o
LOAD ./Drivers/STM32F4xx_HAL_Driver/Src/stm32f4xx_hal_flash_ex.o
LOAD ./Drivers/STM32F4xx_HAL_Driver/Src/stm32f4xx_hal_flash_ramfunc.o
LOAD ./Drivers/STM32F4xx_HAL_Driver/Src/stm32f4xx_hal_gpio.o
LOAD ./Drivers/STM32F4xx_HAL_Driver/Src/stm32f4xx_hal_pwr.o
LOAD ./Drivers/STM32F4xx_HAL_Driver/Src/stm32f4xx_hal_pwr_ex.o
LOAD ./Drivers/STM32F4xx_HAL_Driver/Src/stm32f4xx_hal_rcc.o
LOAD ./Drivers/STM32F4xx_HAL_Driver/Src/stm32f4xx_hal_rcc_ex.o
LOAD ./Drivers/STM32F4xx_HAL_Driver/Src/stm32f4xx_hal_tim.o
LOAD ./Drivers/STM32F4xx_HAL_Driver/Src/stm32f4xx_hal_tim_ex.o
LOAD ./Drivers/STM32F4xx_HAL_Driver/Src/stm32f4xx_hal_uart.o
LOAD ./Drivers/STM32F4xx_HAL_Driver/Src/stm32f4xx_ll_adc.o
START GROUP
LOAD C:/ST/STM32CubeIDE_1.12.1/STM32CubeIDE/plugins/com.st.stm32cube.ide.mcu.externaltools.gnu-tools-for-stm32.11.3.rel1.win32_1.1.1.202309131626/tools/bin/../lib/gcc/arm-none-eabi/11.3.1/../../../../arm-none-eabi/lib/thumb/v7e-m+fp/hard\libc_nano.a
LOAD C:/ST/STM32CubeIDE_1.12.1/STM32CubeIDE/plugins/com.st.stm32cube.ide.mcu.externaltools.gnu-tools-for-stm32.11.3.rel1.win32_1.1.1.202309131626/tools/bin/../lib/gcc/arm-none-eabi/11.3.1/../../../../arm-none-eabi/lib/thumb/v7e-m+fp/hard\libm.a
END GROUP
START GROUP
LOAD C:/ST/STM32CubeIDE_1.12.1/STM32CubeIDE/plugins/com.st.stm32cube.ide.mcu.externaltools.gnu-tools-for-stm32.11.3.rel1.win32_1.1.1.202309131626/tools/bin/../lib/gcc/arm-none-eabi/11.3.1/thumb/v7e-m+fp/hard\libgcc.a
LOAD C:/ST/STM32CubeIDE_1.12.1/STM32CubeIDE/plugins/com.st.stm32cube.ide.mcu.externaltools.gnu-tools-for-stm32.11.3.rel1.win32_1.1.1.202309131626/tools/bin/../lib/gcc/arm-none-eabi/11.3.1/../../../../arm-none-eabi/lib/thumb/v7e-m+fp/hard\libc_nano.a
END GROUP
START GROUP
LOAD C:/ST/STM32CubeIDE_1.12.1/STM32CubeIDE/plugins/com.st.stm32cube.ide.mcu.externaltools.gnu-tools-for-stm32.11.3.rel1.win32_1.1.1.202309131626/tools/bin/../lib/gcc/arm-none-eabi/11.3.1/thumb/v7e-m+fp/hard\libgcc.a
LOAD C:/ST/STM32CubeIDE_1.12.1/STM32CubeIDE/plugins/com.st.stm32cube.ide.mcu.externaltools.gnu-tools-for-stm32.11.3.rel1.win32_1.1.1.202309131626/tools/bin/../lib/gcc/arm-none-eabi/11.3.1/../../../../arm-none-eabi/lib/thumb/v7e-m+fp/hard\libc_nano.a
LOAD C:/ST/STM32CubeIDE_1.12.1/STM32CubeIDE/plugins/com.st.stm32cube.ide.mcu.externaltools.gnu-tools-for-stm32.11.3.rel1.win32_1.1.1.202309131626/tools/bin/../lib/gcc/arm-none-eabi/11.3.1/../../../../arm-none-eabi/lib/thumb/v7e-m+fp/hard\libnosys.a
END GROUP
START GROUP
LOAD C:/ST/STM32CubeIDE_1.12.1/STM32CubeIDE/plugins/com.st.stm32cube.ide.mcu.externaltools.gnu-tools-for-stm32.11.3.rel1.win32_1.1.1.202309131626/tools/bin/../lib/gcc/arm-none-eabi/11.3.1/thumb/v7e-m+fp/hard\libgcc.a
LOAD C:/ST/STM32CubeIDE_1.12.1/STM32CubeIDE/plugins/com.st.stm32cube.ide.mcu.externaltools.gnu-tools-for-stm32.11.3.rel1.win32_1.1.1.202309131626/tools/bin/../lib/gcc/arm-none-eabi/11.3.1/../../../../arm-none-eabi/lib/thumb/v7e-m+fp/hard\libc_nano.a
LOAD C:/ST/STM32CubeIDE_1.12.1/STM32CubeIDE/plugins/com.st.stm32cube.ide.mcu.externaltools.gnu-tools-for-stm32.11.3.rel1.win32_1.1.1.202309131626/tools/bin/../lib/gcc/arm-none-eabi/11.3.1/../../../../arm-none-eabi/lib/thumb/v7e-m+fp/hard\libnosys.a
END GROUP
LOAD C:/ST/STM32CubeIDE_1.12.1/STM32CubeIDE/plugins/com.st.stm32cube.ide.mcu.externaltools.gnu-tools-for-stm32.11.3.rel1.win32_1.1.1.202309131626/tools/bin/../lib/gcc/arm-none-eabi/11.3.1/thumb/v7e-m+fp/hard/crtend.o
LOAD C:/ST/STM32CubeIDE_1.12.1/STM32CubeIDE/plugins/com.st.stm32cube.ide.mcu.externaltools.gnu-tools-for-stm32.11.3.rel1.win32_1.1.1.202309131626/tools/bin/../lib/gcc/arm-none-eabi/11.3.1/thumb/v7e-m+fp/hard/crtn.o
                0x0000000020020000                _estack = (ORIGIN (RAM) + LENGTH (RAM))
                0x0000000000000200                _Min_Heap_Size = 0x200
                0x0000000000000400                _Min_Stack_Size = 0x400

.isr_vector     0x0000000008000000      0x1c4
                0x0000000008000000                . = ALIGN (0x4)
 *(.isr_vector)
 .isr_vector    0x0000000008000000      0x1c4 ./Core/Startup/startup_stm32f446retx.o
                0x0000000008000000                g_pfnVectors
                0x00000000080001c4                . = ALIGN (0x4)

.text           0x00000000080001c4     0x48a8
                0x00000000080001c4                . = ALIGN (0x4)
 *(.text)
 .text          0x00000000080001c4       0x40 C:/ST/STM32CubeIDE_1.12.1/STM32CubeIDE/plugins/com.st.stm32cube.ide.mcu.externaltools.gnu-tools-for-stm32.11.3.rel1.win32_1.1.1.202309131626/tools/bin/../lib/gcc/arm-none-eabi/11.3.1/thumb/v7e-m+fp/hard/crtbegin.o
 .text          0x0000000008000204       0x30 C:/ST/STM32CubeIDE_1.12.1/STM32CubeIDE/plugins/com.st.stm32cube.ide.mcu.externaltools.gnu-tools-for-stm32.11.3.rel1.win32_1.1.1.202309131626/tools/bin/../lib/gcc/arm-none-eabi/11.3.1/thumb/v7e-m+fp/hard\libgcc.a(_aeabi_uldivmod.o)
                0x0000000008000204                __aeabi_uldivmod
 .text          0x0000000008000234      0x2c8 C:/ST/STM32CubeIDE_1.12.1/STM32CubeIDE/plugins/com.st.stm32cube.ide.mcu.externaltools.gnu-tools-for-stm32.11.3.rel1.win32_1.1.1.202309131626/tools/bin/../lib/gcc/arm-none-eabi/11.3.1/thumb/v7e-m+fp/hard\libgcc.a(_udivmoddi4.o)
                0x0000000008000234                __udivmoddi4
 .text          0x00000000080004fc        0x4 C:/ST/STM32CubeIDE_1.12.1/STM32CubeIDE/plugins/com.st.stm32cube.ide.mcu.externaltools.gnu-tools-for-stm32.11.3.rel1.win32_1.1.1.202309131626/tools/bin/../lib/gcc/arm-none-eabi/11.3.1/thumb/v7e-m+fp/hard\libgcc.a(_dvmd_tls.o)
                0x00000000080004fc                __aeabi_idiv0
                0x00000000080004fc                __aeabi_ldiv0
 *(.text*)
 .text.MX_ADC1_Init
                0x0000000008000500       0xc0 ./Core/Src/adc.o
                0x0000000008000500                MX_ADC1_Init
 .text.HAL_ADC_MspInit
                0x00000000080005c0       0xf0 ./Core/Src/adc.o
                0x00000000080005c0                HAL_ADC_MspInit
 .text.MX_DMA_Init
                0x00000000080006b0       0x40 ./Core/Src/dma.o
                0x00000000080006b0                MX_DMA_Init
 .text.MX_GPIO_Init
                0x00000000080006f0      0x10c ./Core/Src/gpio.o
                0x00000000080006f0                MX_GPIO_Init
 .text.Hall_Identification_Test_measurement
                0x00000000080007fc       0x4c ./Core/Src/hall_detection.o
                0x00000000080007fc                Hall_Identification_Test_measurement
 .text.signals_adquisition
                0x0000000008000848       0xcc ./Core/Src/hall_detection.o
                0x0000000008000848                signals_adquisition
 .text.detect_all_zerocrossings
                0x0000000008000914       0x50 ./Core/Src/hall_detection.o
                0x0000000008000914                detect_all_zerocrossings
 .text.detect_current_zerocrossings
                0x0000000008000964       0xec ./Core/Src/hall_detection.o
                0x0000000008000964                detect_current_zerocrossings
 .text.detect_hall_zerocrossings
                0x0000000008000a50       0x6c ./Core/Src/hall_detection.o
                0x0000000008000a50                detect_hall_zerocrossings
 .text.end_detection
                0x0000000008000abc       0x78 ./Core/Src/hall_detection.o
                0x0000000008000abc                end_detection
 .text.evaluate_and_present_results
                0x0000000008000b34       0x40 ./Core/Src/hall_detection.o
                0x0000000008000b34                evaluate_and_present_results
 .text.swap_hall_gpios_with_detected_results
                0x0000000008000b74      0x178 ./Core/Src/hall_detection.o
                0x0000000008000b74                swap_hall_gpios_with_detected_results
 .text.calculateElectricPeriod_inTicks
                0x0000000008000cec       0xf8 ./Core/Src/hall_detection.o
                0x0000000008000cec                calculateElectricPeriod_inTicks
 .text.assign_closest_phase_to_hall
                0x0000000008000de4      0x46c ./Core/Src/hall_detection.o
                0x0000000008000de4                assign_closest_phase_to_hall
 .text.absolute
                0x0000000008001250       0x1c ./Core/Src/hall_detection.o
                0x0000000008001250                absolute
 .text.assign_polarity
                0x000000000800126c      0x190 ./Core/Src/hall_detection.o
                0x000000000800126c                assign_polarity
 .text.main     0x00000000080013fc       0x9c ./Core/Src/main.o
                0x00000000080013fc                main
 .text.SystemClock_Config
                0x0000000008001498       0xe4 ./Core/Src/main.o
                0x0000000008001498                SystemClock_Config
 .text.Error_Handler
                0x000000000800157c        0xa ./Core/Src/main.o
                0x000000000800157c                Error_Handler
 *fill*         0x0000000008001586        0x2 
 .text.HAL_MspInit
                0x0000000008001588       0x50 ./Core/Src/stm32f4xx_hal_msp.o
                0x0000000008001588                HAL_MspInit
 .text.NMI_Handler
                0x00000000080015d8        0x6 ./Core/Src/stm32f4xx_it.o
                0x00000000080015d8                NMI_Handler
 .text.HardFault_Handler
                0x00000000080015de        0x6 ./Core/Src/stm32f4xx_it.o
                0x00000000080015de                HardFault_Handler
 .text.MemManage_Handler
                0x00000000080015e4        0x6 ./Core/Src/stm32f4xx_it.o
                0x00000000080015e4                MemManage_Handler
 .text.BusFault_Handler
                0x00000000080015ea        0x6 ./Core/Src/stm32f4xx_it.o
                0x00000000080015ea                BusFault_Handler
 .text.UsageFault_Handler
                0x00000000080015f0        0x6 ./Core/Src/stm32f4xx_it.o
                0x00000000080015f0                UsageFault_Handler
 .text.SVC_Handler
                0x00000000080015f6        0xe ./Core/Src/stm32f4xx_it.o
                0x00000000080015f6                SVC_Handler
 .text.DebugMon_Handler
                0x0000000008001604        0xe ./Core/Src/stm32f4xx_it.o
                0x0000000008001604                DebugMon_Handler
 .text.PendSV_Handler
                0x0000000008001612        0xe ./Core/Src/stm32f4xx_it.o
                0x0000000008001612                PendSV_Handler
 .text.SysTick_Handler
                0x0000000008001620        0xc ./Core/Src/stm32f4xx_it.o
                0x0000000008001620                SysTick_Handler
 .text.TIM8_UP_TIM13_IRQHandler
                0x000000000800162c       0x30 ./Core/Src/stm32f4xx_it.o
                0x000000000800162c                TIM8_UP_TIM13_IRQHandler
 .text.DMA2_Stream0_IRQHandler
                0x000000000800165c       0x14 ./Core/Src/stm32f4xx_it.o
                0x000000000800165c                DMA2_Stream0_IRQHandler
 .text.SystemInit
                0x0000000008001670       0x24 ./Core/Src/system_stm32f4xx.o
                0x0000000008001670                SystemInit
 .text.MX_TIM8_Init
                0x0000000008001694       0xa0 ./Core/Src/tim.o
                0x0000000008001694                MX_TIM8_Init
 .text.HAL_TIM_Base_MspInit
                0x0000000008001734       0x50 ./Core/Src/tim.o
                0x0000000008001734                HAL_TIM_Base_MspInit
 .text.MX_USART2_UART_Init
                0x0000000008001784       0x54 ./Core/Src/usart.o
                0x0000000008001784                MX_USART2_UART_Init
 .text.HAL_UART_MspInit
                0x00000000080017d8       0x90 ./Core/Src/usart.o
                0x00000000080017d8                HAL_UART_MspInit
 .text.Reset_Handler
                0x0000000008001868       0x50 ./Core/Startup/startup_stm32f446retx.o
                0x0000000008001868                Reset_Handler
 .text.Default_Handler
                0x00000000080018b8        0x2 ./Core/Startup/startup_stm32f446retx.o
                0x00000000080018b8                RTC_Alarm_IRQHandler
                0x00000000080018b8                EXTI2_IRQHandler
                0x00000000080018b8                TIM8_CC_IRQHandler
                0x00000000080018b8                FMPI2C1_EV_IRQHandler
                0x00000000080018b8                SPI4_IRQHandler
                0x00000000080018b8                TIM1_CC_IRQHandler
                0x00000000080018b8                DMA2_Stream5_IRQHandler
                0x00000000080018b8                DMA1_Stream5_IRQHandler
                0x00000000080018b8                PVD_IRQHandler
                0x00000000080018b8                SDIO_IRQHandler
                0x00000000080018b8                TAMP_STAMP_IRQHandler
                0x00000000080018b8                CAN2_RX1_IRQHandler
                0x00000000080018b8                EXTI3_IRQHandler
                0x00000000080018b8                TIM8_TRG_COM_TIM14_IRQHandler
                0x00000000080018b8                TIM1_UP_TIM10_IRQHandler
                0x00000000080018b8                I2C3_ER_IRQHandler
                0x00000000080018b8                EXTI0_IRQHandler
                0x00000000080018b8                I2C2_EV_IRQHandler
                0x00000000080018b8                DMA1_Stream2_IRQHandler
                0x00000000080018b8                CAN1_RX0_IRQHandler
                0x00000000080018b8                FPU_IRQHandler
                0x00000000080018b8                OTG_HS_WKUP_IRQHandler
                0x00000000080018b8                CAN2_SCE_IRQHandler
                0x00000000080018b8                DMA2_Stream2_IRQHandler
                0x00000000080018b8                SPI1_IRQHandler
                0x00000000080018b8                TIM6_DAC_IRQHandler
                0x00000000080018b8                TIM1_BRK_TIM9_IRQHandler
                0x00000000080018b8                DCMI_IRQHandler
                0x00000000080018b8                CAN2_RX0_IRQHandler
                0x00000000080018b8                DMA2_Stream3_IRQHandler
                0x00000000080018b8                SAI2_IRQHandler
                0x00000000080018b8                USART6_IRQHandler
                0x00000000080018b8                USART3_IRQHandler
                0x00000000080018b8                CAN1_RX1_IRQHandler
                0x00000000080018b8                UART5_IRQHandler
                0x00000000080018b8                TIM4_IRQHandler
                0x00000000080018b8                QUADSPI_IRQHandler
                0x00000000080018b8                I2C1_EV_IRQHandler
                0x00000000080018b8                DMA1_Stream6_IRQHandler
                0x00000000080018b8                DMA1_Stream1_IRQHandler
                0x00000000080018b8                UART4_IRQHandler
                0x00000000080018b8                TIM3_IRQHandler
                0x00000000080018b8                RCC_IRQHandler
                0x00000000080018b8                TIM8_BRK_TIM12_IRQHandler
                0x00000000080018b8                Default_Handler
                0x00000000080018b8                CEC_IRQHandler
                0x00000000080018b8                EXTI15_10_IRQHandler
                0x00000000080018b8                ADC_IRQHandler
                0x00000000080018b8                DMA1_Stream7_IRQHandler
                0x00000000080018b8                TIM7_IRQHandler
                0x00000000080018b8                CAN2_TX_IRQHandler
                0x00000000080018b8                TIM5_IRQHandler
                0x00000000080018b8                DMA2_Stream7_IRQHandler
                0x00000000080018b8                I2C3_EV_IRQHandler
                0x00000000080018b8                EXTI9_5_IRQHandler
                0x00000000080018b8                RTC_WKUP_IRQHandler
                0x00000000080018b8                SPDIF_RX_IRQHandler
                0x00000000080018b8                SPI2_IRQHandler
                0x00000000080018b8                OTG_HS_EP1_IN_IRQHandler
                0x00000000080018b8                DMA1_Stream0_IRQHandler
                0x00000000080018b8                CAN1_TX_IRQHandler
                0x00000000080018b8                FMPI2C1_ER_IRQHandler
                0x00000000080018b8                EXTI4_IRQHandler
                0x00000000080018b8                OTG_HS_EP1_OUT_IRQHandler
                0x00000000080018b8                WWDG_IRQHandler
                0x00000000080018b8                TIM2_IRQHandler
                0x00000000080018b8                OTG_FS_WKUP_IRQHandler
                0x00000000080018b8                TIM1_TRG_COM_TIM11_IRQHandler
                0x00000000080018b8                OTG_HS_IRQHandler
                0x00000000080018b8                EXTI1_IRQHandler
                0x00000000080018b8                USART2_IRQHandler
                0x00000000080018b8                I2C2_ER_IRQHandler
                0x00000000080018b8                DMA2_Stream1_IRQHandler
                0x00000000080018b8                CAN1_SCE_IRQHandler
                0x00000000080018b8                FLASH_IRQHandler
                0x00000000080018b8                DMA2_Stream4_IRQHandler
                0x00000000080018b8                USART1_IRQHandler
                0x00000000080018b8                OTG_FS_IRQHandler
                0x00000000080018b8                SPI3_IRQHandler
                0x00000000080018b8                DMA1_Stream4_IRQHandler
                0x00000000080018b8                I2C1_ER_IRQHandler
                0x00000000080018b8                FMC_IRQHandler
                0x00000000080018b8                DMA2_Stream6_IRQHandler
                0x00000000080018b8                SAI1_IRQHandler
                0x00000000080018b8                DMA1_Stream3_IRQHandler
 *fill*         0x00000000080018ba        0x2 
 .text.HAL_Init
                0x00000000080018bc       0x44 ./Drivers/STM32F4xx_HAL_Driver/Src/stm32f4xx_hal.o
                0x00000000080018bc                HAL_Init
 .text.HAL_InitTick
                0x0000000008001900       0x60 ./Drivers/STM32F4xx_HAL_Driver/Src/stm32f4xx_hal.o
                0x0000000008001900                HAL_InitTick
 .text.HAL_IncTick
                0x0000000008001960       0x28 ./Drivers/STM32F4xx_HAL_Driver/Src/stm32f4xx_hal.o
                0x0000000008001960                HAL_IncTick
 .text.HAL_GetTick
                0x0000000008001988       0x18 ./Drivers/STM32F4xx_HAL_Driver/Src/stm32f4xx_hal.o
                0x0000000008001988                HAL_GetTick
 .text.HAL_Delay
                0x00000000080019a0       0x48 ./Drivers/STM32F4xx_HAL_Driver/Src/stm32f4xx_hal.o
                0x00000000080019a0                HAL_Delay
 .text.HAL_ADC_Init
                0x00000000080019e8       0x86 ./Drivers/STM32F4xx_HAL_Driver/Src/stm32f4xx_hal_adc.o
                0x00000000080019e8                HAL_ADC_Init
 *fill*         0x0000000008001a6e        0x2 
 .text.HAL_ADC_Start_DMA
                0x0000000008001a70      0x220 ./Drivers/STM32F4xx_HAL_Driver/Src/stm32f4xx_hal_adc.o
                0x0000000008001a70                HAL_ADC_Start_DMA
 .text.HAL_ADC_ConvCpltCallback
                0x0000000008001c90       0x14 ./Drivers/STM32F4xx_HAL_Driver/Src/stm32f4xx_hal_adc.o
                0x0000000008001c90                HAL_ADC_ConvCpltCallback
 .text.HAL_ADC_ConvHalfCpltCallback
                0x0000000008001ca4       0x14 ./Drivers/STM32F4xx_HAL_Driver/Src/stm32f4xx_hal_adc.o
                0x0000000008001ca4                HAL_ADC_ConvHalfCpltCallback
 .text.HAL_ADC_ErrorCallback
                0x0000000008001cb8       0x14 ./Drivers/STM32F4xx_HAL_Driver/Src/stm32f4xx_hal_adc.o
                0x0000000008001cb8                HAL_ADC_ErrorCallback
 .text.HAL_ADC_ConfigChannel
                0x0000000008001ccc      0x264 ./Drivers/STM32F4xx_HAL_Driver/Src/stm32f4xx_hal_adc.o
                0x0000000008001ccc                HAL_ADC_ConfigChannel
 .text.ADC_Init
                0x0000000008001f30      0x1f8 ./Drivers/STM32F4xx_HAL_Driver/Src/stm32f4xx_hal_adc.o
 .text.ADC_DMAConvCplt
                0x0000000008002128       0xba ./Drivers/STM32F4xx_HAL_Driver/Src/stm32f4xx_hal_adc.o
 .text.ADC_DMAHalfConvCplt
                0x00000000080021e2       0x1c ./Drivers/STM32F4xx_HAL_Driver/Src/stm32f4xx_hal_adc.o
 .text.ADC_DMAError
                0x00000000080021fe       0x2e ./Drivers/STM32F4xx_HAL_Driver/Src/stm32f4xx_hal_adc.o
 .text.__NVIC_SetPriorityGrouping
                0x000000000800222c       0x48 ./Drivers/STM32F4xx_HAL_Driver/Src/stm32f4xx_hal_cortex.o
 .text.__NVIC_GetPriorityGrouping
                0x0000000008002274       0x1c ./Drivers/STM32F4xx_HAL_Driver/Src/stm32f4xx_hal_cortex.o
 .text.__NVIC_EnableIRQ
                0x0000000008002290       0x3c ./Drivers/STM32F4xx_HAL_Driver/Src/stm32f4xx_hal_cortex.o
 .text.__NVIC_SetPriority
                0x00000000080022cc       0x54 ./Drivers/STM32F4xx_HAL_Driver/Src/stm32f4xx_hal_cortex.o
 .text.NVIC_EncodePriority
                0x0000000008002320       0x66 ./Drivers/STM32F4xx_HAL_Driver/Src/stm32f4xx_hal_cortex.o
 *fill*         0x0000000008002386        0x2 
 .text.SysTick_Config
                0x0000000008002388       0x44 ./Drivers/STM32F4xx_HAL_Driver/Src/stm32f4xx_hal_cortex.o
 .text.HAL_NVIC_SetPriorityGrouping
                0x00000000080023cc       0x16 ./Drivers/STM32F4xx_HAL_Driver/Src/stm32f4xx_hal_cortex.o
                0x00000000080023cc                HAL_NVIC_SetPriorityGrouping
 .text.HAL_NVIC_SetPriority
                0x00000000080023e2       0x38 ./Drivers/STM32F4xx_HAL_Driver/Src/stm32f4xx_hal_cortex.o
                0x00000000080023e2                HAL_NVIC_SetPriority
 .text.HAL_NVIC_EnableIRQ
                0x000000000800241a       0x1c ./Drivers/STM32F4xx_HAL_Driver/Src/stm32f4xx_hal_cortex.o
                0x000000000800241a                HAL_NVIC_EnableIRQ
 .text.HAL_SYSTICK_Config
                0x0000000008002436       0x18 ./Drivers/STM32F4xx_HAL_Driver/Src/stm32f4xx_hal_cortex.o
                0x0000000008002436                HAL_SYSTICK_Config
 *fill*         0x000000000800244e        0x2 
 .text.HAL_DMA_Init
                0x0000000008002450      0x15c ./Drivers/STM32F4xx_HAL_Driver/Src/stm32f4xx_hal_dma.o
                0x0000000008002450                HAL_DMA_Init
 .text.HAL_DMA_Start_IT
                0x00000000080025ac       0xb0 ./Drivers/STM32F4xx_HAL_Driver/Src/stm32f4xx_hal_dma.o
                0x00000000080025ac                HAL_DMA_Start_IT
 .text.HAL_DMA_IRQHandler
                0x000000000800265c      0x314 ./Drivers/STM32F4xx_HAL_Driver/Src/stm32f4xx_hal_dma.o
                0x000000000800265c                HAL_DMA_IRQHandler
 .text.DMA_SetConfig
                0x0000000008002970       0x5c ./Drivers/STM32F4xx_HAL_Driver/Src/stm32f4xx_hal_dma.o
 .text.DMA_CalcBaseAndBitshift
                0x00000000080029cc       0x6c ./Drivers/STM32F4xx_HAL_Driver/Src/stm32f4xx_hal_dma.o
 .text.DMA_CheckFifoParam
                0x0000000008002a38       0xf8 ./Drivers/STM32F4xx_HAL_Driver/Src/stm32f4xx_hal_dma.o
 .text.HAL_GPIO_Init
                0x0000000008002b30      0x328 ./Drivers/STM32F4xx_HAL_Driver/Src/stm32f4xx_hal_gpio.o
                0x0000000008002b30                HAL_GPIO_Init
 .text.HAL_GPIO_ReadPin
                0x0000000008002e58       0x30 ./Drivers/STM32F4xx_HAL_Driver/Src/stm32f4xx_hal_gpio.o
                0x0000000008002e58                HAL_GPIO_ReadPin
 .text.HAL_GPIO_WritePin
                0x0000000008002e88       0x32 ./Drivers/STM32F4xx_HAL_Driver/Src/stm32f4xx_hal_gpio.o
                0x0000000008002e88                HAL_GPIO_WritePin
 .text.HAL_GPIO_TogglePin
                0x0000000008002eba       0x34 ./Drivers/STM32F4xx_HAL_Driver/Src/stm32f4xx_hal_gpio.o
                0x0000000008002eba                HAL_GPIO_TogglePin
 *fill*         0x0000000008002eee        0x2 
 .text.HAL_PWREx_EnableOverDrive
                0x0000000008002ef0       0xa0 ./Drivers/STM32F4xx_HAL_Driver/Src/stm32f4xx_hal_pwr_ex.o
                0x0000000008002ef0                HAL_PWREx_EnableOverDrive
 .text.HAL_RCC_ClockConfig
                0x0000000008002f90      0x1cc ./Drivers/STM32F4xx_HAL_Driver/Src/stm32f4xx_hal_rcc.o
                0x0000000008002f90                HAL_RCC_ClockConfig
 .text.HAL_RCC_GetHCLKFreq
                0x000000000800315c       0x18 ./Drivers/STM32F4xx_HAL_Driver/Src/stm32f4xx_hal_rcc.o
                0x000000000800315c                HAL_RCC_GetHCLKFreq
 .text.HAL_RCC_GetPCLK1Freq
                0x0000000008003174       0x28 ./Drivers/STM32F4xx_HAL_Driver/Src/stm32f4xx_hal_rcc.o
                0x0000000008003174                HAL_RCC_GetPCLK1Freq
 .text.HAL_RCC_GetPCLK2Freq
                0x000000000800319c       0x28 ./Drivers/STM32F4xx_HAL_Driver/Src/stm32f4xx_hal_rcc.o
                0x000000000800319c                HAL_RCC_GetPCLK2Freq
 .text.HAL_RCC_GetSysClockFreq
                0x00000000080031c4      0x460 ./Drivers/STM32F4xx_HAL_Driver/Src/stm32f4xx_hal_rcc_ex.o
                0x00000000080031c4                HAL_RCC_GetSysClockFreq
 .text.HAL_RCC_OscConfig
                0x0000000008003624      0x53c ./Drivers/STM32F4xx_HAL_Driver/Src/stm32f4xx_hal_rcc_ex.o
                0x0000000008003624                HAL_RCC_OscConfig
 .text.HAL_TIM_Base_Init
                0x0000000008003b60       0x9e ./Drivers/STM32F4xx_HAL_Driver/Src/stm32f4xx_hal_tim.o
                0x0000000008003b60                HAL_TIM_Base_Init
 *fill*         0x0000000008003bfe        0x2 
 .text.HAL_TIM_Base_Start_IT
                0x0000000008003c00       0xe0 ./Drivers/STM32F4xx_HAL_Driver/Src/stm32f4xx_hal_tim.o
                0x0000000008003c00                HAL_TIM_Base_Start_IT
 .text.HAL_TIM_IRQHandler
                0x0000000008003ce0      0x210 ./Drivers/STM32F4xx_HAL_Driver/Src/stm32f4xx_hal_tim.o
                0x0000000008003ce0                HAL_TIM_IRQHandler
 .text.HAL_TIM_ConfigClockSource
                0x0000000008003ef0      0x18e ./Drivers/STM32F4xx_HAL_Driver/Src/stm32f4xx_hal_tim.o
                0x0000000008003ef0                HAL_TIM_ConfigClockSource
 .text.HAL_TIM_PeriodElapsedCallback
                0x000000000800407e       0x14 ./Drivers/STM32F4xx_HAL_Driver/Src/stm32f4xx_hal_tim.o
                0x000000000800407e                HAL_TIM_PeriodElapsedCallback
 .text.HAL_TIM_OC_DelayElapsedCallback
                0x0000000008004092       0x14 ./Drivers/STM32F4xx_HAL_Driver/Src/stm32f4xx_hal_tim.o
                0x0000000008004092                HAL_TIM_OC_DelayElapsedCallback
 .text.HAL_TIM_IC_CaptureCallback
                0x00000000080040a6       0x14 ./Drivers/STM32F4xx_HAL_Driver/Src/stm32f4xx_hal_tim.o
                0x00000000080040a6                HAL_TIM_IC_CaptureCallback
 .text.HAL_TIM_PWM_PulseFinishedCallback
                0x00000000080040ba       0x14 ./Drivers/STM32F4xx_HAL_Driver/Src/stm32f4xx_hal_tim.o
                0x00000000080040ba                HAL_TIM_PWM_PulseFinishedCallback
 .text.HAL_TIM_TriggerCallback
                0x00000000080040ce       0x14 ./Drivers/STM32F4xx_HAL_Driver/Src/stm32f4xx_hal_tim.o
                0x00000000080040ce                HAL_TIM_TriggerCallback
 *fill*         0x00000000080040e2        0x2 
 .text.TIM_Base_SetConfig
                0x00000000080040e4      0x140 ./Drivers/STM32F4xx_HAL_Driver/Src/stm32f4xx_hal_tim.o
                0x00000000080040e4                TIM_Base_SetConfig
 .text.TIM_TI1_ConfigInputStage
                0x0000000008004224       0x5e ./Drivers/STM32F4xx_HAL_Driver/Src/stm32f4xx_hal_tim.o
 .text.TIM_TI2_ConfigInputStage
                0x0000000008004282       0x60 ./Drivers/STM32F4xx_HAL_Driver/Src/stm32f4xx_hal_tim.o
 .text.TIM_ITRx_SetConfig
                0x00000000080042e2       0x36 ./Drivers/STM32F4xx_HAL_Driver/Src/stm32f4xx_hal_tim.o
 .text.TIM_ETR_SetConfig
                0x0000000008004318       0x40 ./Drivers/STM32F4xx_HAL_Driver/Src/stm32f4xx_hal_tim.o
                0x0000000008004318                TIM_ETR_SetConfig
 .text.HAL_TIMEx_MasterConfigSynchronization
                0x0000000008004358       0xf8 ./Drivers/STM32F4xx_HAL_Driver/Src/stm32f4xx_hal_tim_ex.o
                0x0000000008004358                HAL_TIMEx_MasterConfigSynchronization
 .text.HAL_TIMEx_CommutCallback
                0x0000000008004450       0x14 ./Drivers/STM32F4xx_HAL_Driver/Src/stm32f4xx_hal_tim_ex.o
                0x0000000008004450                HAL_TIMEx_CommutCallback
 .text.HAL_TIMEx_BreakCallback
                0x0000000008004464       0x14 ./Drivers/STM32F4xx_HAL_Driver/Src/stm32f4xx_hal_tim_ex.o
                0x0000000008004464                HAL_TIMEx_BreakCallback
 .text.HAL_UART_Init
                0x0000000008004478       0x9a ./Drivers/STM32F4xx_HAL_Driver/Src/stm32f4xx_hal_uart.o
                0x0000000008004478                HAL_UART_Init
 *fill*         0x0000000008004512        0x2 
 .text.UART_SetConfig
                0x0000000008004514      0x4e8 ./Drivers/STM32F4xx_HAL_Driver/Src/stm32f4xx_hal_uart.o
 .text.memset   0x00000000080049fc       0x10 C:/ST/STM32CubeIDE_1.12.1/STM32CubeIDE/plugins/com.st.stm32cube.ide.mcu.externaltools.gnu-tools-for-stm32.11.3.rel1.win32_1.1.1.202309131626/tools/bin/../lib/gcc/arm-none-eabi/11.3.1/../../../../arm-none-eabi/lib/thumb/v7e-m+fp/hard\libc_nano.a(libc_a-memset.o)
                0x00000000080049fc                memset
 .text.__libc_init_array
                0x0000000008004a0c       0x48 C:/ST/STM32CubeIDE_1.12.1/STM32CubeIDE/plugins/com.st.stm32cube.ide.mcu.externaltools.gnu-tools-for-stm32.11.3.rel1.win32_1.1.1.202309131626/tools/bin/../lib/gcc/arm-none-eabi/11.3.1/../../../../arm-none-eabi/lib/thumb/v7e-m+fp/hard\libc_nano.a(libc_a-init.o)
                0x0000000008004a0c                __libc_init_array
 *(.glue_7)
 .glue_7        0x0000000008004a54        0x0 linker stubs
 *(.glue_7t)
 .glue_7t       0x0000000008004a54        0x0 linker stubs
 *(.eh_frame)
 .eh_frame      0x0000000008004a54        0x0 C:/ST/STM32CubeIDE_1.12.1/STM32CubeIDE/plugins/com.st.stm32cube.ide.mcu.externaltools.gnu-tools-for-stm32.11.3.rel1.win32_1.1.1.202309131626/tools/bin/../lib/gcc/arm-none-eabi/11.3.1/thumb/v7e-m+fp/hard/crtbegin.o
 *(.init)
 .init          0x0000000008004a54        0x4 C:/ST/STM32CubeIDE_1.12.1/STM32CubeIDE/plugins/com.st.stm32cube.ide.mcu.externaltools.gnu-tools-for-stm32.11.3.rel1.win32_1.1.1.202309131626/tools/bin/../lib/gcc/arm-none-eabi/11.3.1/thumb/v7e-m+fp/hard/crti.o
                0x0000000008004a54                _init
 .init          0x0000000008004a58        0x8 C:/ST/STM32CubeIDE_1.12.1/STM32CubeIDE/plugins/com.st.stm32cube.ide.mcu.externaltools.gnu-tools-for-stm32.11.3.rel1.win32_1.1.1.202309131626/tools/bin/../lib/gcc/arm-none-eabi/11.3.1/thumb/v7e-m+fp/hard/crtn.o
 *(.fini)
 .fini          0x0000000008004a60        0x4 C:/ST/STM32CubeIDE_1.12.1/STM32CubeIDE/plugins/com.st.stm32cube.ide.mcu.externaltools.gnu-tools-for-stm32.11.3.rel1.win32_1.1.1.202309131626/tools/bin/../lib/gcc/arm-none-eabi/11.3.1/thumb/v7e-m+fp/hard/crti.o
                0x0000000008004a60                _fini
 .fini          0x0000000008004a64        0x8 C:/ST/STM32CubeIDE_1.12.1/STM32CubeIDE/plugins/com.st.stm32cube.ide.mcu.externaltools.gnu-tools-for-stm32.11.3.rel1.win32_1.1.1.202309131626/tools/bin/../lib/gcc/arm-none-eabi/11.3.1/thumb/v7e-m+fp/hard/crtn.o
                0x0000000008004a6c                . = ALIGN (0x4)
                0x0000000008004a6c                _etext = .

.vfp11_veneer   0x0000000008004a6c        0x0
 .vfp11_veneer  0x0000000008004a6c        0x0 linker stubs

.v4_bx          0x0000000008004a6c        0x0
 .v4_bx         0x0000000008004a6c        0x0 linker stubs

.iplt           0x0000000008004a6c        0x0
 .iplt          0x0000000008004a6c        0x0 C:/ST/STM32CubeIDE_1.12.1/STM32CubeIDE/plugins/com.st.stm32cube.ide.mcu.externaltools.gnu-tools-for-stm32.11.3.rel1.win32_1.1.1.202309131626/tools/bin/../lib/gcc/arm-none-eabi/11.3.1/thumb/v7e-m+fp/hard/crtbegin.o

.rodata         0x0000000008004a6c       0x20
                0x0000000008004a6c                . = ALIGN (0x4)
 *(.rodata)
 *(.rodata*)
 .rodata.AHBPrescTable
                0x0000000008004a6c       0x10 ./Core/Src/system_stm32f4xx.o
                0x0000000008004a6c                AHBPrescTable
 .rodata.APBPrescTable
                0x0000000008004a7c        0x8 ./Core/Src/system_stm32f4xx.o
                0x0000000008004a7c                APBPrescTable
 .rodata.flagBitshiftOffset.0
                0x0000000008004a84        0x8 ./Drivers/STM32F4xx_HAL_Driver/Src/stm32f4xx_hal_dma.o
                0x0000000008004a8c                . = ALIGN (0x4)

.ARM.extab      0x0000000008004a8c        0x0
                0x0000000008004a8c                . = ALIGN (0x4)
 *(.ARM.extab* .gnu.linkonce.armextab.*)
                0x0000000008004a8c                . = ALIGN (0x4)

.ARM            0x0000000008004a8c        0x8
                0x0000000008004a8c                . = ALIGN (0x4)
                0x0000000008004a8c                __exidx_start = .
 *(.ARM.exidx*)
 .ARM.exidx     0x0000000008004a8c        0x8 C:/ST/STM32CubeIDE_1.12.1/STM32CubeIDE/plugins/com.st.stm32cube.ide.mcu.externaltools.gnu-tools-for-stm32.11.3.rel1.win32_1.1.1.202309131626/tools/bin/../lib/gcc/arm-none-eabi/11.3.1/thumb/v7e-m+fp/hard\libgcc.a(_udivmoddi4.o)
                0x0000000008004a94                __exidx_end = .
                0x0000000008004a94                . = ALIGN (0x4)

.rel.dyn        0x0000000008004a94        0x0
 .rel.iplt      0x0000000008004a94        0x0 C:/ST/STM32CubeIDE_1.12.1/STM32CubeIDE/plugins/com.st.stm32cube.ide.mcu.externaltools.gnu-tools-for-stm32.11.3.rel1.win32_1.1.1.202309131626/tools/bin/../lib/gcc/arm-none-eabi/11.3.1/thumb/v7e-m+fp/hard/crtbegin.o

.preinit_array  0x0000000008004a94        0x0
                0x0000000008004a94                . = ALIGN (0x4)
                0x0000000008004a94                PROVIDE (__preinit_array_start = .)
 *(.preinit_array*)
                0x0000000008004a94                PROVIDE (__preinit_array_end = .)
                0x0000000008004a94                . = ALIGN (0x4)

.init_array     0x0000000008004a94        0x4
                0x0000000008004a94                . = ALIGN (0x4)
                0x0000000008004a94                PROVIDE (__init_array_start = .)
 *(SORT_BY_NAME(.init_array.*))
 *(.init_array*)
 .init_array    0x0000000008004a94        0x4 C:/ST/STM32CubeIDE_1.12.1/STM32CubeIDE/plugins/com.st.stm32cube.ide.mcu.externaltools.gnu-tools-for-stm32.11.3.rel1.win32_1.1.1.202309131626/tools/bin/../lib/gcc/arm-none-eabi/11.3.1/thumb/v7e-m+fp/hard/crtbegin.o
                0x0000000008004a98                PROVIDE (__init_array_end = .)
                0x0000000008004a98                . = ALIGN (0x4)

.fini_array     0x0000000008004a98        0x4
                0x0000000008004a98                . = ALIGN (0x4)
                [!provide]                        PROVIDE (__fini_array_start = .)
 *(SORT_BY_NAME(.fini_array.*))
 *(.fini_array*)
 .fini_array    0x0000000008004a98        0x4 C:/ST/STM32CubeIDE_1.12.1/STM32CubeIDE/plugins/com.st.stm32cube.ide.mcu.externaltools.gnu-tools-for-stm32.11.3.rel1.win32_1.1.1.202309131626/tools/bin/../lib/gcc/arm-none-eabi/11.3.1/thumb/v7e-m+fp/hard/crtbegin.o
                [!provide]                        PROVIDE (__fini_array_end = .)
                0x0000000008004a9c                . = ALIGN (0x4)
                0x0000000008004a9c                _sidata = LOADADDR (.data)

.data           0x0000000020000000       0x14 load address 0x0000000008004a9c
                0x0000000020000000                . = ALIGN (0x4)
                0x0000000020000000                _sdata = .
 *(.data)
 *(.data*)
 .data.currentADCoffset
                0x0000000020000000        0x4 ./Core/Src/hall_detection.o
                0x0000000020000000                currentADCoffset
 .data.detection_state
                0x0000000020000004        0x1 ./Core/Src/stm32f4xx_it.o
                0x0000000020000004                detection_state
 *fill*         0x0000000020000005        0x3 
 .data.SystemCoreClock
                0x0000000020000008        0x4 ./Core/Src/system_stm32f4xx.o
                0x0000000020000008                SystemCoreClock
 .data.uwTickPrio
                0x000000002000000c        0x4 ./Drivers/STM32F4xx_HAL_Driver/Src/stm32f4xx_hal.o
                0x000000002000000c                uwTickPrio
 .data.uwTickFreq
                0x0000000020000010        0x1 ./Drivers/STM32F4xx_HAL_Driver/Src/stm32f4xx_hal.o
                0x0000000020000010                uwTickFreq
 *(.RamFunc)
 *(.RamFunc*)
                0x0000000020000014                . = ALIGN (0x4)
 *fill*         0x0000000020000011        0x3 
                0x0000000020000014                _edata = .

.igot.plt       0x0000000020000014        0x0 load address 0x0000000008004ab0
 .igot.plt      0x0000000020000014        0x0 C:/ST/STM32CubeIDE_1.12.1/STM32CubeIDE/plugins/com.st.stm32cube.ide.mcu.externaltools.gnu-tools-for-stm32.11.3.rel1.win32_1.1.1.202309131626/tools/bin/../lib/gcc/arm-none-eabi/11.3.1/thumb/v7e-m+fp/hard/crtbegin.o
                0x0000000020000014                . = ALIGN (0x4)

.bss            0x0000000020000014      0x28c load address 0x0000000008004ab0
                0x0000000020000014                _sbss = .
                0x0000000020000014                __bss_start__ = _sbss
 *(.bss)
 .bss           0x0000000020000014       0x1c C:/ST/STM32CubeIDE_1.12.1/STM32CubeIDE/plugins/com.st.stm32cube.ide.mcu.externaltools.gnu-tools-for-stm32.11.3.rel1.win32_1.1.1.202309131626/tools/bin/../lib/gcc/arm-none-eabi/11.3.1/thumb/v7e-m+fp/hard/crtbegin.o
 *(.bss*)
 .bss.hadc1     0x0000000020000030       0x48 ./Core/Src/adc.o
                0x0000000020000030                hadc1
 .bss.hdma_adc1
                0x0000000020000078       0x60 ./Core/Src/adc.o
                0x0000000020000078                hdma_adc1
 .bss.ticks     0x00000000200000d8        0x4 ./Core/Src/hall_detection.o
                0x00000000200000d8                ticks
 .bss.currA     0x00000000200000dc       0x2c ./Core/Src/hall_detection.o
                0x00000000200000dc                currA
 .bss.currB     0x0000000020000108       0x2c ./Core/Src/hall_detection.o
                0x0000000020000108                currB
 .bss.currC     0x0000000020000134       0x2c ./Core/Src/hall_detection.o
                0x0000000020000134                currC
 .bss.hallA     0x0000000020000160       0x2c ./Core/Src/hall_detection.o
                0x0000000020000160                hallA
 .bss.hallB     0x000000002000018c       0x2c ./Core/Src/hall_detection.o
                0x000000002000018c                hallB
 .bss.hallC     0x00000000200001b8       0x2c ./Core/Src/hall_detection.o
                0x00000000200001b8                hallC
 .bss.results   0x00000000200001e4        0xc ./Core/Src/hall_detection.o
                0x00000000200001e4                results
 .bss.ADCreadings
                0x00000000200001f0        0x8 ./Core/Src/main.o
                0x00000000200001f0                ADCreadings
 .bss.H1        0x00000000200001f8        0x8 ./Core/Src/main.o
                0x00000000200001f8                H1
 .bss.H2        0x0000000020000200        0x8 ./Core/Src/main.o
                0x0000000020000200                H2
 .bss.H3        0x0000000020000208        0x8 ./Core/Src/main.o
                0x0000000020000208                H3
 .bss.htim8     0x0000000020000210       0x48 ./Core/Src/tim.o
                0x0000000020000210                htim8
 .bss.huart2    0x0000000020000258       0x44 ./Core/Src/usart.o
                0x0000000020000258                huart2
 .bss.uwTick    0x000000002000029c        0x4 ./Drivers/STM32F4xx_HAL_Driver/Src/stm32f4xx_hal.o
                0x000000002000029c                uwTick
 *(COMMON)
                0x00000000200002a0                . = ALIGN (0x4)
                0x00000000200002a0                _ebss = .
                0x00000000200002a0                __bss_end__ = _ebss

._user_heap_stack
                0x00000000200002a0      0x600 load address 0x0000000008004ab0
                0x00000000200002a0                . = ALIGN (0x8)
                [!provide]                        PROVIDE (end = .)
                0x00000000200002a0                PROVIDE (_end = .)
                0x00000000200004a0                . = (. + _Min_Heap_Size)
 *fill*         0x00000000200002a0      0x200 
                0x00000000200008a0                . = (. + _Min_Stack_Size)
 *fill*         0x00000000200004a0      0x400 
                0x00000000200008a0                . = ALIGN (0x8)

/DISCARD/
 libc.a(*)
 libm.a(*)
 libgcc.a(*)

.ARM.attributes
                0x0000000000000000       0x30
 *(.ARM.attributes)
 .ARM.attributes
                0x0000000000000000       0x1e C:/ST/STM32CubeIDE_1.12.1/STM32CubeIDE/plugins/com.st.stm32cube.ide.mcu.externaltools.gnu-tools-for-stm32.11.3.rel1.win32_1.1.1.202309131626/tools/bin/../lib/gcc/arm-none-eabi/11.3.1/thumb/v7e-m+fp/hard/crti.o
 .ARM.attributes
                0x000000000000001e       0x34 C:/ST/STM32CubeIDE_1.12.1/STM32CubeIDE/plugins/com.st.stm32cube.ide.mcu.externaltools.gnu-tools-for-stm32.11.3.rel1.win32_1.1.1.202309131626/tools/bin/../lib/gcc/arm-none-eabi/11.3.1/thumb/v7e-m+fp/hard/crtbegin.o
 .ARM.attributes
                0x0000000000000052       0x34 ./Core/Src/adc.o
 .ARM.attributes
                0x0000000000000086       0x34 ./Core/Src/dma.o
 .ARM.attributes
                0x00000000000000ba       0x34 ./Core/Src/gpio.o
 .ARM.attributes
                0x00000000000000ee       0x34 ./Core/Src/hall_detection.o
 .ARM.attributes
                0x0000000000000122       0x34 ./Core/Src/main.o
 .ARM.attributes
                0x0000000000000156       0x34 ./Core/Src/stm32f4xx_hal_msp.o
 .ARM.attributes
                0x000000000000018a       0x34 ./Core/Src/stm32f4xx_it.o
 .ARM.attributes
                0x00000000000001be       0x34 ./Core/Src/system_stm32f4xx.o
 .ARM.attributes
                0x00000000000001f2       0x34 ./Core/Src/tim.o
 .ARM.attributes
                0x0000000000000226       0x34 ./Core/Src/usart.o
 .ARM.attributes
                0x000000000000025a       0x21 ./Core/Startup/startup_stm32f446retx.o
 .ARM.attributes
                0x000000000000027b       0x34 ./Drivers/STM32F4xx_HAL_Driver/Src/stm32f4xx_hal.o
 .ARM.attributes
                0x00000000000002af       0x34 ./Drivers/STM32F4xx_HAL_Driver/Src/stm32f4xx_hal_adc.o
 .ARM.attributes
                0x00000000000002e3       0x34 ./Drivers/STM32F4xx_HAL_Driver/Src/stm32f4xx_hal_cortex.o
 .ARM.attributes
                0x0000000000000317       0x34 ./Drivers/STM32F4xx_HAL_Driver/Src/stm32f4xx_hal_dma.o
 .ARM.attributes
                0x000000000000034b       0x34 ./Drivers/STM32F4xx_HAL_Driver/Src/stm32f4xx_hal_gpio.o
 .ARM.attributes
                0x000000000000037f       0x34 ./Drivers/STM32F4xx_HAL_Driver/Src/stm32f4xx_hal_pwr_ex.o
 .ARM.attributes
                0x00000000000003b3       0x34 ./Drivers/STM32F4xx_HAL_Driver/Src/stm32f4xx_hal_rcc.o
 .ARM.attributes
                0x00000000000003e7       0x34 ./Drivers/STM32F4xx_HAL_Driver/Src/stm32f4xx_hal_rcc_ex.o
 .ARM.attributes
                0x000000000000041b       0x34 ./Drivers/STM32F4xx_HAL_Driver/Src/stm32f4xx_hal_tim.o
 .ARM.attributes
                0x000000000000044f       0x34 ./Drivers/STM32F4xx_HAL_Driver/Src/stm32f4xx_hal_tim_ex.o
 .ARM.attributes
                0x0000000000000483       0x34 ./Drivers/STM32F4xx_HAL_Driver/Src/stm32f4xx_hal_uart.o
 .ARM.attributes
                0x00000000000004b7       0x34 C:/ST/STM32CubeIDE_1.12.1/STM32CubeIDE/plugins/com.st.stm32cube.ide.mcu.externaltools.gnu-tools-for-stm32.11.3.rel1.win32_1.1.1.202309131626/tools/bin/../lib/gcc/arm-none-eabi/11.3.1/../../../../arm-none-eabi/lib/thumb/v7e-m+fp/hard\libc_nano.a(libc_a-memset.o)
 .ARM.attributes
                0x00000000000004eb       0x34 C:/ST/STM32CubeIDE_1.12.1/STM32CubeIDE/plugins/com.st.stm32cube.ide.mcu.externaltools.gnu-tools-for-stm32.11.3.rel1.win32_1.1.1.202309131626/tools/bin/../lib/gcc/arm-none-eabi/11.3.1/../../../../arm-none-eabi/lib/thumb/v7e-m+fp/hard\libc_nano.a(libc_a-init.o)
 .ARM.attributes
                0x000000000000051f       0x1e C:/ST/STM32CubeIDE_1.12.1/STM32CubeIDE/plugins/com.st.stm32cube.ide.mcu.externaltools.gnu-tools-for-stm32.11.3.rel1.win32_1.1.1.202309131626/tools/bin/../lib/gcc/arm-none-eabi/11.3.1/thumb/v7e-m+fp/hard\libgcc.a(_aeabi_uldivmod.o)
 .ARM.attributes
                0x000000000000053d       0x34 C:/ST/STM32CubeIDE_1.12.1/STM32CubeIDE/plugins/com.st.stm32cube.ide.mcu.externaltools.gnu-tools-for-stm32.11.3.rel1.win32_1.1.1.202309131626/tools/bin/../lib/gcc/arm-none-eabi/11.3.1/thumb/v7e-m+fp/hard\libgcc.a(_udivmoddi4.o)
 .ARM.attributes
                0x0000000000000571       0x1e C:/ST/STM32CubeIDE_1.12.1/STM32CubeIDE/plugins/com.st.stm32cube.ide.mcu.externaltools.gnu-tools-for-stm32.11.3.rel1.win32_1.1.1.202309131626/tools/bin/../lib/gcc/arm-none-eabi/11.3.1/thumb/v7e-m+fp/hard\libgcc.a(_dvmd_tls.o)
 .ARM.attributes
                0x000000000000058f       0x1e C:/ST/STM32CubeIDE_1.12.1/STM32CubeIDE/plugins/com.st.stm32cube.ide.mcu.externaltools.gnu-tools-for-stm32.11.3.rel1.win32_1.1.1.202309131626/tools/bin/../lib/gcc/arm-none-eabi/11.3.1/thumb/v7e-m+fp/hard/crtn.o
OUTPUT(hall_detection_algoritm.elf elf32-littlearm)
LOAD linker stubs
LOAD C:/ST/STM32CubeIDE_1.12.1/STM32CubeIDE/plugins/com.st.stm32cube.ide.mcu.externaltools.gnu-tools-for-stm32.11.3.rel1.win32_1.1.1.202309131626/tools/bin/../lib/gcc/arm-none-eabi/11.3.1/../../../../arm-none-eabi/lib/thumb/v7e-m+fp/hard\libc.a
LOAD C:/ST/STM32CubeIDE_1.12.1/STM32CubeIDE/plugins/com.st.stm32cube.ide.mcu.externaltools.gnu-tools-for-stm32.11.3.rel1.win32_1.1.1.202309131626/tools/bin/../lib/gcc/arm-none-eabi/11.3.1/../../../../arm-none-eabi/lib/thumb/v7e-m+fp/hard\libm.a
LOAD C:/ST/STM32CubeIDE_1.12.1/STM32CubeIDE/plugins/com.st.stm32cube.ide.mcu.externaltools.gnu-tools-for-stm32.11.3.rel1.win32_1.1.1.202309131626/tools/bin/../lib/gcc/arm-none-eabi/11.3.1/thumb/v7e-m+fp/hard\libgcc.a

.comment        0x0000000000000000       0x43
 .comment       0x0000000000000000       0x43 C:/ST/STM32CubeIDE_1.12.1/STM32CubeIDE/plugins/com.st.stm32cube.ide.mcu.externaltools.gnu-tools-for-stm32.11.3.rel1.win32_1.1.1.202309131626/tools/bin/../lib/gcc/arm-none-eabi/11.3.1/thumb/v7e-m+fp/hard/crtbegin.o
                                         0x44 (size before relaxing)
 .comment       0x0000000000000043       0x44 ./Core/Src/adc.o
 .comment       0x0000000000000043       0x44 ./Core/Src/dma.o
 .comment       0x0000000000000043       0x44 ./Core/Src/gpio.o
 .comment       0x0000000000000043       0x44 ./Core/Src/hall_detection.o
 .comment       0x0000000000000043       0x44 ./Core/Src/main.o
 .comment       0x0000000000000043       0x44 ./Core/Src/stm32f4xx_hal_msp.o
 .comment       0x0000000000000043       0x44 ./Core/Src/stm32f4xx_it.o
 .comment       0x0000000000000043       0x44 ./Core/Src/system_stm32f4xx.o
 .comment       0x0000000000000043       0x44 ./Core/Src/tim.o
 .comment       0x0000000000000043       0x44 ./Core/Src/usart.o
 .comment       0x0000000000000043       0x44 ./Drivers/STM32F4xx_HAL_Driver/Src/stm32f4xx_hal.o
 .comment       0x0000000000000043       0x44 ./Drivers/STM32F4xx_HAL_Driver/Src/stm32f4xx_hal_adc.o
 .comment       0x0000000000000043       0x44 ./Drivers/STM32F4xx_HAL_Driver/Src/stm32f4xx_hal_cortex.o
 .comment       0x0000000000000043       0x44 ./Drivers/STM32F4xx_HAL_Driver/Src/stm32f4xx_hal_dma.o
 .comment       0x0000000000000043       0x44 ./Drivers/STM32F4xx_HAL_Driver/Src/stm32f4xx_hal_gpio.o
 .comment       0x0000000000000043       0x44 ./Drivers/STM32F4xx_HAL_Driver/Src/stm32f4xx_hal_pwr_ex.o
 .comment       0x0000000000000043       0x44 ./Drivers/STM32F4xx_HAL_Driver/Src/stm32f4xx_hal_rcc.o
 .comment       0x0000000000000043       0x44 ./Drivers/STM32F4xx_HAL_Driver/Src/stm32f4xx_hal_rcc_ex.o
 .comment       0x0000000000000043       0x44 ./Drivers/STM32F4xx_HAL_Driver/Src/stm32f4xx_hal_tim.o
 .comment       0x0000000000000043       0x44 ./Drivers/STM32F4xx_HAL_Driver/Src/stm32f4xx_hal_tim_ex.o
 .comment       0x0000000000000043       0x44 ./Drivers/STM32F4xx_HAL_Driver/Src/stm32f4xx_hal_uart.o

.debug_info     0x0000000000000000    0x10ad8
 .debug_info    0x0000000000000000      0xa05 ./Core/Src/adc.o
 .debug_info    0x0000000000000a05      0x4fb ./Core/Src/dma.o
 .debug_info    0x0000000000000f00      0x41d ./Core/Src/gpio.o
 .debug_info    0x000000000000131d      0x7d7 ./Core/Src/hall_detection.o
 .debug_info    0x0000000000001af4      0xf1b ./Core/Src/main.o
 .debug_info    0x0000000000002a0f      0x2ac ./Core/Src/stm32f4xx_hal_msp.o
 .debug_info    0x0000000000002cbb      0x89f ./Core/Src/stm32f4xx_it.o
 .debug_info    0x000000000000355a      0x54a ./Core/Src/system_stm32f4xx.o
 .debug_info    0x0000000000003aa4      0xc4f ./Core/Src/tim.o
 .debug_info    0x00000000000046f3      0x92f ./Core/Src/usart.o
 .debug_info    0x0000000000005022       0x23 ./Core/Startup/startup_stm32f446retx.o
 .debug_info    0x0000000000005045      0x99e ./Drivers/STM32F4xx_HAL_Driver/Src/stm32f4xx_hal.o
 .debug_info    0x00000000000059e3      0xcd4 ./Drivers/STM32F4xx_HAL_Driver/Src/stm32f4xx_hal_adc.o
 .debug_info    0x00000000000066b7      0xd64 ./Drivers/STM32F4xx_HAL_Driver/Src/stm32f4xx_hal_cortex.o
 .debug_info    0x000000000000741b      0x8e7 ./Drivers/STM32F4xx_HAL_Driver/Src/stm32f4xx_hal_dma.o
 .debug_info    0x0000000000007d02      0x70b ./Drivers/STM32F4xx_HAL_Driver/Src/stm32f4xx_hal_gpio.o
 .debug_info    0x000000000000840d      0x6da ./Drivers/STM32F4xx_HAL_Driver/Src/stm32f4xx_hal_pwr_ex.o
 .debug_info    0x0000000000008ae7      0x8ed ./Drivers/STM32F4xx_HAL_Driver/Src/stm32f4xx_hal_rcc.o
 .debug_info    0x00000000000093d4      0x956 ./Drivers/STM32F4xx_HAL_Driver/Src/stm32f4xx_hal_rcc_ex.o
 .debug_info    0x0000000000009d2a     0x2948 ./Drivers/STM32F4xx_HAL_Driver/Src/stm32f4xx_hal_tim.o
 .debug_info    0x000000000000c672     0x14ae ./Drivers/STM32F4xx_HAL_Driver/Src/stm32f4xx_hal_tim_ex.o
 .debug_info    0x000000000000db20     0x2fb8 ./Drivers/STM32F4xx_HAL_Driver/Src/stm32f4xx_hal_uart.o

.debug_abbrev   0x0000000000000000     0x2b5e
 .debug_abbrev  0x0000000000000000      0x205 ./Core/Src/adc.o
 .debug_abbrev  0x0000000000000205      0x10e ./Core/Src/dma.o
 .debug_abbrev  0x0000000000000313      0x152 ./Core/Src/gpio.o
 .debug_abbrev  0x0000000000000465      0x277 ./Core/Src/hall_detection.o
 .debug_abbrev  0x00000000000006dc      0x25b ./Core/Src/main.o
 .debug_abbrev  0x0000000000000937       0xf4 ./Core/Src/stm32f4xx_hal_msp.o
 .debug_abbrev  0x0000000000000a2b      0x1d0 ./Core/Src/stm32f4xx_it.o
 .debug_abbrev  0x0000000000000bfb      0x11a ./Core/Src/system_stm32f4xx.o
 .debug_abbrev  0x0000000000000d15      0x1f0 ./Core/Src/tim.o
 .debug_abbrev  0x0000000000000f05      0x1f9 ./Core/Src/usart.o
 .debug_abbrev  0x00000000000010fe       0x12 ./Core/Startup/startup_stm32f446retx.o
 .debug_abbrev  0x0000000000001110      0x213 ./Drivers/STM32F4xx_HAL_Driver/Src/stm32f4xx_hal.o
 .debug_abbrev  0x0000000000001323      0x252 ./Drivers/STM32F4xx_HAL_Driver/Src/stm32f4xx_hal_adc.o
 .debug_abbrev  0x0000000000001575      0x327 ./Drivers/STM32F4xx_HAL_Driver/Src/stm32f4xx_hal_cortex.o
 .debug_abbrev  0x000000000000189c      0x264 ./Drivers/STM32F4xx_HAL_Driver/Src/stm32f4xx_hal_dma.o
 .debug_abbrev  0x0000000000001b00      0x1d4 ./Drivers/STM32F4xx_HAL_Driver/Src/stm32f4xx_hal_gpio.o
 .debug_abbrev  0x0000000000001cd4      0x1cf ./Drivers/STM32F4xx_HAL_Driver/Src/stm32f4xx_hal_pwr_ex.o
 .debug_abbrev  0x0000000000001ea3      0x2b6 ./Drivers/STM32F4xx_HAL_Driver/Src/stm32f4xx_hal_rcc.o
 .debug_abbrev  0x0000000000002159      0x20a ./Drivers/STM32F4xx_HAL_Driver/Src/stm32f4xx_hal_rcc_ex.o
 .debug_abbrev  0x0000000000002363      0x271 ./Drivers/STM32F4xx_HAL_Driver/Src/stm32f4xx_hal_tim.o
 .debug_abbrev  0x00000000000025d4      0x27c ./Drivers/STM32F4xx_HAL_Driver/Src/stm32f4xx_hal_tim_ex.o
 .debug_abbrev  0x0000000000002850      0x30e ./Drivers/STM32F4xx_HAL_Driver/Src/stm32f4xx_hal_uart.o

.debug_aranges  0x0000000000000000      0xec8
 .debug_aranges
                0x0000000000000000       0x30 ./Core/Src/adc.o
 .debug_aranges
                0x0000000000000030       0x20 ./Core/Src/dma.o
 .debug_aranges
                0x0000000000000050       0x20 ./Core/Src/gpio.o
 .debug_aranges
                0x0000000000000070       0x78 ./Core/Src/hall_detection.o
 .debug_aranges
                0x00000000000000e8       0x30 ./Core/Src/main.o
 .debug_aranges
                0x0000000000000118       0x20 ./Core/Src/stm32f4xx_hal_msp.o
 .debug_aranges
                0x0000000000000138       0x70 ./Core/Src/stm32f4xx_it.o
 .debug_aranges
                0x00000000000001a8       0x28 ./Core/Src/system_stm32f4xx.o
 .debug_aranges
                0x00000000000001d0       0x30 ./Core/Src/tim.o
 .debug_aranges
                0x0000000000000200       0x30 ./Core/Src/usart.o
 .debug_aranges
                0x0000000000000230       0x28 ./Core/Startup/startup_stm32f446retx.o
 .debug_aranges
                0x0000000000000258       0xf0 ./Drivers/STM32F4xx_HAL_Driver/Src/stm32f4xx_hal.o
 .debug_aranges
                0x0000000000000348       0xe8 ./Drivers/STM32F4xx_HAL_Driver/Src/stm32f4xx_hal_adc.o
 .debug_aranges
                0x0000000000000430      0x118 ./Drivers/STM32F4xx_HAL_Driver/Src/stm32f4xx_hal_cortex.o
 .debug_aranges
                0x0000000000000548       0x90 ./Drivers/STM32F4xx_HAL_Driver/Src/stm32f4xx_hal_dma.o
 .debug_aranges
                0x00000000000005d8       0x58 ./Drivers/STM32F4xx_HAL_Driver/Src/stm32f4xx_hal_gpio.o
 .debug_aranges
                0x0000000000000630       0x60 ./Drivers/STM32F4xx_HAL_Driver/Src/stm32f4xx_hal_pwr_ex.o
 .debug_aranges
                0x0000000000000690       0x88 ./Drivers/STM32F4xx_HAL_Driver/Src/stm32f4xx_hal_rcc.o
 .debug_aranges
                0x0000000000000718       0x78 ./Drivers/STM32F4xx_HAL_Driver/Src/stm32f4xx_hal_rcc_ex.o
 .debug_aranges
                0x0000000000000790      0x3d0 ./Drivers/STM32F4xx_HAL_Driver/Src/stm32f4xx_hal_tim.o
 .debug_aranges
                0x0000000000000b60      0x168 ./Drivers/STM32F4xx_HAL_Driver/Src/stm32f4xx_hal_tim_ex.o
 .debug_aranges
                0x0000000000000cc8      0x200 ./Drivers/STM32F4xx_HAL_Driver/Src/stm32f4xx_hal_uart.o

.debug_rnglists
                0x0000000000000000      0xb7b
 .debug_rnglists
                0x0000000000000000       0x21 ./Core/Src/adc.o
 .debug_rnglists
                0x0000000000000021       0x13 ./Core/Src/dma.o
 .debug_rnglists
                0x0000000000000034       0x14 ./Core/Src/gpio.o
 .debug_rnglists
                0x0000000000000048       0x5b ./Core/Src/hall_detection.o
 .debug_rnglists
                0x00000000000000a3       0x21 ./Core/Src/main.o
 .debug_rnglists
                0x00000000000000c4       0x13 ./Core/Src/stm32f4xx_hal_msp.o
 .debug_rnglists
                0x00000000000000d7       0x4f ./Core/Src/stm32f4xx_it.o
 .debug_rnglists
                0x0000000000000126       0x1a ./Core/Src/system_stm32f4xx.o
 .debug_rnglists
                0x0000000000000140       0x20 ./Core/Src/tim.o
 .debug_rnglists
                0x0000000000000160       0x20 ./Core/Src/usart.o
 .debug_rnglists
                0x0000000000000180       0x19 ./Core/Startup/startup_stm32f446retx.o
 .debug_rnglists
                0x0000000000000199       0xaf ./Drivers/STM32F4xx_HAL_Driver/Src/stm32f4xx_hal.o
 .debug_rnglists
                0x0000000000000248       0xb5 ./Drivers/STM32F4xx_HAL_Driver/Src/stm32f4xx_hal_adc.o
 .debug_rnglists
                0x00000000000002fd       0xce ./Drivers/STM32F4xx_HAL_Driver/Src/stm32f4xx_hal_cortex.o
 .debug_rnglists
                0x00000000000003cb       0x70 ./Drivers/STM32F4xx_HAL_Driver/Src/stm32f4xx_hal_dma.o
 .debug_rnglists
                0x000000000000043b       0x3f ./Drivers/STM32F4xx_HAL_Driver/Src/stm32f4xx_hal_gpio.o
 .debug_rnglists
                0x000000000000047a       0x47 ./Drivers/STM32F4xx_HAL_Driver/Src/stm32f4xx_hal_pwr_ex.o
 .debug_rnglists
                0x00000000000004c1       0x66 ./Drivers/STM32F4xx_HAL_Driver/Src/stm32f4xx_hal_rcc.o
 .debug_rnglists
                0x0000000000000527       0x5e ./Drivers/STM32F4xx_HAL_Driver/Src/stm32f4xx_hal_rcc_ex.o
 .debug_rnglists
                0x0000000000000585      0x31a ./Drivers/STM32F4xx_HAL_Driver/Src/stm32f4xx_hal_tim.o
 .debug_rnglists
                0x000000000000089f      0x125 ./Drivers/STM32F4xx_HAL_Driver/Src/stm32f4xx_hal_tim_ex.o
 .debug_rnglists
                0x00000000000009c4      0x1b7 ./Drivers/STM32F4xx_HAL_Driver/Src/stm32f4xx_hal_uart.o

.debug_macro    0x0000000000000000    0x23513
 .debug_macro   0x0000000000000000      0x20f ./Core/Src/adc.o
 .debug_macro   0x000000000000020f      0xaa8 ./Core/Src/adc.o
 .debug_macro   0x0000000000000cb7      0x2a1 ./Core/Src/adc.o
 .debug_macro   0x0000000000000f58       0x2e ./Core/Src/adc.o
 .debug_macro   0x0000000000000f86       0x28 ./Core/Src/adc.o
 .debug_macro   0x0000000000000fae       0x22 ./Core/Src/adc.o
 .debug_macro   0x0000000000000fd0       0x8e ./Core/Src/adc.o
 .debug_macro   0x000000000000105e       0x51 ./Core/Src/adc.o
 .debug_macro   0x00000000000010af      0x103 ./Core/Src/adc.o
 .debug_macro   0x00000000000011b2       0x6a ./Core/Src/adc.o
 .debug_macro   0x000000000000121c      0x1df ./Core/Src/adc.o
 .debug_macro   0x00000000000013fb       0x1c ./Core/Src/adc.o
 .debug_macro   0x0000000000001417       0x22 ./Core/Src/adc.o
 .debug_macro   0x0000000000001439       0xd9 ./Core/Src/adc.o
 .debug_macro   0x0000000000001512     0x102d ./Core/Src/adc.o
 .debug_macro   0x000000000000253f      0x11f ./Core/Src/adc.o
 .debug_macro   0x000000000000265e    0x16749 ./Core/Src/adc.o
 .debug_macro   0x0000000000018da7       0x6d ./Core/Src/adc.o
 .debug_macro   0x0000000000018e14     0x367e ./Core/Src/adc.o
 .debug_macro   0x000000000001c492      0x174 ./Core/Src/adc.o
 .debug_macro   0x000000000001c606       0x5c ./Core/Src/adc.o
 .debug_macro   0x000000000001c662      0xc90 ./Core/Src/adc.o
 .debug_macro   0x000000000001d2f2      0x9fe ./Core/Src/adc.o
 .debug_macro   0x000000000001dcf0      0x115 ./Core/Src/adc.o
 .debug_macro   0x000000000001de05      0x1a0 ./Core/Src/adc.o
 .debug_macro   0x000000000001dfa5       0xa5 ./Core/Src/adc.o
 .debug_macro   0x000000000001e04a      0x16d ./Core/Src/adc.o
 .debug_macro   0x000000000001e1b7      0x287 ./Core/Src/adc.o
 .debug_macro   0x000000000001e43e       0x5f ./Core/Src/adc.o
 .debug_macro   0x000000000001e49d      0x236 ./Core/Src/adc.o
 .debug_macro   0x000000000001e6d3      0xb5b ./Core/Src/adc.o
 .debug_macro   0x000000000001f22e      0x38b ./Core/Src/adc.o
 .debug_macro   0x000000000001f5b9      0x17d ./Core/Src/adc.o
 .debug_macro   0x000000000001f736       0xf9 ./Core/Src/adc.o
 .debug_macro   0x000000000001f82f      0x132 ./Core/Src/adc.o
 .debug_macro   0x000000000001f961      0x29c ./Core/Src/adc.o
 .debug_macro   0x000000000001fbfd       0x2e ./Core/Src/adc.o
 .debug_macro   0x000000000001fc2b      0x11a ./Core/Src/adc.o
 .debug_macro   0x000000000001fd45       0xe8 ./Core/Src/adc.o
 .debug_macro   0x000000000001fe2d       0x89 ./Core/Src/adc.o
 .debug_macro   0x000000000001feb6      0x8e6 ./Core/Src/adc.o
 .debug_macro   0x000000000002079c       0x4d ./Core/Src/adc.o
 .debug_macro   0x00000000000207e9      0x295 ./Core/Src/adc.o
 .debug_macro   0x0000000000020a7e      0x126 ./Core/Src/adc.o
 .debug_macro   0x0000000000020ba4       0x70 ./Core/Src/adc.o
 .debug_macro   0x0000000000020c14      0x20f ./Core/Src/dma.o
 .debug_macro   0x0000000000020e23      0x20f ./Core/Src/gpio.o
 .debug_macro   0x0000000000021032      0x227 ./Core/Src/hall_detection.o
 .debug_macro   0x0000000000021259      0x241 ./Core/Src/main.o
 .debug_macro   0x000000000002149a      0x205 ./Core/Src/stm32f4xx_hal_msp.o
 .debug_macro   0x000000000002169f      0x223 ./Core/Src/stm32f4xx_it.o
 .debug_macro   0x00000000000218c2      0x1f6 ./Core/Src/system_stm32f4xx.o
 .debug_macro   0x0000000000021ab8      0x20f ./Core/Src/tim.o
 .debug_macro   0x0000000000021cc7      0x20f ./Core/Src/usart.o
 .debug_macro   0x0000000000021ed6      0x256 ./Drivers/STM32F4xx_HAL_Driver/Src/stm32f4xx_hal.o
 .debug_macro   0x000000000002212c      0x1f7 ./Drivers/STM32F4xx_HAL_Driver/Src/stm32f4xx_hal_adc.o
 .debug_macro   0x0000000000022323      0x1f6 ./Drivers/STM32F4xx_HAL_Driver/Src/stm32f4xx_hal_cortex.o
 .debug_macro   0x0000000000022519      0x1fc ./Drivers/STM32F4xx_HAL_Driver/Src/stm32f4xx_hal_dma.o
 .debug_macro   0x0000000000022715      0x1fc ./Drivers/STM32F4xx_HAL_Driver/Src/stm32f4xx_hal_gpio.o
 .debug_macro   0x0000000000022911      0x20e ./Drivers/STM32F4xx_HAL_Driver/Src/stm32f4xx_hal_pwr_ex.o
 .debug_macro   0x0000000000022b1f      0x21a ./Drivers/STM32F4xx_HAL_Driver/Src/stm32f4xx_hal_rcc.o
 .debug_macro   0x0000000000022d39      0x1f6 ./Drivers/STM32F4xx_HAL_Driver/Src/stm32f4xx_hal_rcc_ex.o
 .debug_macro   0x0000000000022f2f      0x1f7 ./Drivers/STM32F4xx_HAL_Driver/Src/stm32f4xx_hal_tim.o
 .debug_macro   0x0000000000023126      0x1f6 ./Drivers/STM32F4xx_HAL_Driver/Src/stm32f4xx_hal_tim_ex.o
 .debug_macro   0x000000000002331c      0x1f7 ./Drivers/STM32F4xx_HAL_Driver/Src/stm32f4xx_hal_uart.o

.debug_line     0x0000000000000000    0x146a3
 .debug_line    0x0000000000000000      0x843 ./Core/Src/adc.o
 .debug_line    0x0000000000000843      0x789 ./Core/Src/dma.o
 .debug_line    0x0000000000000fcc      0x7c4 ./Core/Src/gpio.o
 .debug_line    0x0000000000001790      0xed1 ./Core/Src/hall_detection.o
 .debug_line    0x0000000000002661      0x85f ./Core/Src/main.o
 .debug_line    0x0000000000002ec0      0x78f ./Core/Src/stm32f4xx_hal_msp.o
 .debug_line    0x000000000000364f      0x897 ./Core/Src/stm32f4xx_it.o
 .debug_line    0x0000000000003ee6      0x80f ./Core/Src/system_stm32f4xx.o
 .debug_line    0x00000000000046f5      0x7fc ./Core/Src/tim.o
 .debug_line    0x0000000000004ef1      0x7f7 ./Core/Src/usart.o
 .debug_line    0x00000000000056e8       0x7a ./Core/Startup/startup_stm32f446retx.o
 .debug_line    0x0000000000005762      0xa75 ./Drivers/STM32F4xx_HAL_Driver/Src/stm32f4xx_hal.o
 .debug_line    0x00000000000061d7     0x12e5 ./Drivers/STM32F4xx_HAL_Driver/Src/stm32f4xx_hal_adc.o
 .debug_line    0x00000000000074bc      0xd24 ./Drivers/STM32F4xx_HAL_Driver/Src/stm32f4xx_hal_cortex.o
 .debug_line    0x00000000000081e0      0xfd9 ./Drivers/STM32F4xx_HAL_Driver/Src/stm32f4xx_hal_dma.o
 .debug_line    0x00000000000091b9      0xbd5 ./Drivers/STM32F4xx_HAL_Driver/Src/stm32f4xx_hal_gpio.o
 .debug_line    0x0000000000009d8e      0x99e ./Drivers/STM32F4xx_HAL_Driver/Src/stm32f4xx_hal_pwr_ex.o
 .debug_line    0x000000000000a72c      0xdfa ./Drivers/STM32F4xx_HAL_Driver/Src/stm32f4xx_hal_rcc.o
 .debug_line    0x000000000000b526     0x1493 ./Drivers/STM32F4xx_HAL_Driver/Src/stm32f4xx_hal_rcc_ex.o
 .debug_line    0x000000000000c9b9     0x3761 ./Drivers/STM32F4xx_HAL_Driver/Src/stm32f4xx_hal_tim.o
 .debug_line    0x000000000001011a     0x1a72 ./Drivers/STM32F4xx_HAL_Driver/Src/stm32f4xx_hal_tim_ex.o
 .debug_line    0x0000000000011b8c     0x2b17 ./Drivers/STM32F4xx_HAL_Driver/Src/stm32f4xx_hal_uart.o

.debug_str      0x0000000000000000    0xd9e1c
 .debug_str     0x0000000000000000    0xd5af4 ./Core/Src/adc.o
                                      0xd5dec (size before relaxing)
 .debug_str     0x00000000000d5af4      0x55d ./Core/Src/dma.o
                                      0xd5de7 (size before relaxing)
 .debug_str     0x00000000000d6051       0x68 ./Core/Src/gpio.o
                                      0xd5954 (size before relaxing)
 .debug_str     0x00000000000d60b9      0x49a ./Core/Src/hall_detection.o
                                      0xd5c66 (size before relaxing)
 .debug_str     0x00000000000d6553      0x47e ./Core/Src/main.o
                                      0xd6261 (size before relaxing)
 .debug_str     0x00000000000d69d1       0x49 ./Core/Src/stm32f4xx_hal_msp.o
                                      0xd58a6 (size before relaxing)
 .debug_str     0x00000000000d6a1a      0x130 ./Core/Src/stm32f4xx_it.o
                                      0xd5ea1 (size before relaxing)
 .debug_str     0x00000000000d6b4a       0xdb ./Core/Src/system_stm32f4xx.o
                                      0xd578f (size before relaxing)
 .debug_str     0x00000000000d6c25      0x141 ./Core/Src/tim.o
                                      0xd649f (size before relaxing)
 .debug_str     0x00000000000d6d66      0x21a ./Core/Src/usart.o
                                      0xd5de9 (size before relaxing)
 .debug_str     0x00000000000d6f80       0x34 ./Core/Startup/startup_stm32f446retx.o
                                         0xae (size before relaxing)
 .debug_str     0x00000000000d6fb4      0x5f0 ./Drivers/STM32F4xx_HAL_Driver/Src/stm32f4xx_hal.o
                                      0xd6354 (size before relaxing)
 .debug_str     0x00000000000d75a4      0x2be ./Drivers/STM32F4xx_HAL_Driver/Src/stm32f4xx_hal_adc.o
                                      0xd5d57 (size before relaxing)
 .debug_str     0x00000000000d7862      0x316 ./Drivers/STM32F4xx_HAL_Driver/Src/stm32f4xx_hal_cortex.o
                                      0xd6062 (size before relaxing)
 .debug_str     0x00000000000d7b78      0x2d5 ./Drivers/STM32F4xx_HAL_Driver/Src/stm32f4xx_hal_dma.o
                                      0xd5b84 (size before relaxing)
 .debug_str     0x00000000000d7e4d       0xfd ./Drivers/STM32F4xx_HAL_Driver/Src/stm32f4xx_hal_gpio.o
                                      0xd590a (size before relaxing)
 .debug_str     0x00000000000d7f4a      0x135 ./Drivers/STM32F4xx_HAL_Driver/Src/stm32f4xx_hal_pwr_ex.o
                                      0xd5967 (size before relaxing)
 .debug_str     0x00000000000d807f      0x233 ./Drivers/STM32F4xx_HAL_Driver/Src/stm32f4xx_hal_rcc.o
                                      0xd5bc8 (size before relaxing)
 .debug_str     0x00000000000d82b2      0x31c ./Drivers/STM32F4xx_HAL_Driver/Src/stm32f4xx_hal_rcc_ex.o
                                      0xd5bfb (size before relaxing)
 .debug_str     0x00000000000d85ce      0xdb8 ./Drivers/STM32F4xx_HAL_Driver/Src/stm32f4xx_hal_tim.o
                                      0xd6ae4 (size before relaxing)
 .debug_str     0x00000000000d9386      0x493 ./Drivers/STM32F4xx_HAL_Driver/Src/stm32f4xx_hal_tim_ex.o
                                      0xd6300 (size before relaxing)
 .debug_str     0x00000000000d9819      0x603 ./Drivers/STM32F4xx_HAL_Driver/Src/stm32f4xx_hal_uart.o
                                      0xd613d (size before relaxing)

.debug_frame    0x0000000000000000     0x3c7c
 .debug_frame   0x0000000000000000       0x7c ./Core/Src/adc.o
 .debug_frame   0x000000000000007c       0x34 ./Core/Src/dma.o
 .debug_frame   0x00000000000000b0       0x34 ./Core/Src/gpio.o
 .debug_frame   0x00000000000000e4      0x1d8 ./Core/Src/hall_detection.o
 .debug_frame   0x00000000000002bc       0x68 ./Core/Src/main.o
 .debug_frame   0x0000000000000324       0x34 ./Core/Src/stm32f4xx_hal_msp.o
 .debug_frame   0x0000000000000358      0x13c ./Core/Src/stm32f4xx_it.o
 .debug_frame   0x0000000000000494       0x58 ./Core/Src/system_stm32f4xx.o
 .debug_frame   0x00000000000004ec       0x7c ./Core/Src/tim.o
 .debug_frame   0x0000000000000568       0x74 ./Core/Src/usart.o
 .debug_frame   0x00000000000005dc      0x374 ./Drivers/STM32F4xx_HAL_Driver/Src/stm32f4xx_hal.o
 .debug_frame   0x0000000000000950      0x3fc ./Drivers/STM32F4xx_HAL_Driver/Src/stm32f4xx_hal_adc.o
 .debug_frame   0x0000000000000d4c      0x498 ./Drivers/STM32F4xx_HAL_Driver/Src/stm32f4xx_hal_cortex.o
 .debug_frame   0x00000000000011e4      0x250 ./Drivers/STM32F4xx_HAL_Driver/Src/stm32f4xx_hal_dma.o
 .debug_frame   0x0000000000001434      0x14c ./Drivers/STM32F4xx_HAL_Driver/Src/stm32f4xx_hal_gpio.o
 .debug_frame   0x0000000000001580      0x14c ./Drivers/STM32F4xx_HAL_Driver/Src/stm32f4xx_hal_pwr_ex.o
 .debug_frame   0x00000000000016cc      0x1f4 ./Drivers/STM32F4xx_HAL_Driver/Src/stm32f4xx_hal_rcc.o
 .debug_frame   0x00000000000018c0      0x1e8 ./Drivers/STM32F4xx_HAL_Driver/Src/stm32f4xx_hal_rcc_ex.o
 .debug_frame   0x0000000000001aa8     0x11c4 ./Drivers/STM32F4xx_HAL_Driver/Src/stm32f4xx_hal_tim.o
 .debug_frame   0x0000000000002c6c      0x638 ./Drivers/STM32F4xx_HAL_Driver/Src/stm32f4xx_hal_tim_ex.o
 .debug_frame   0x00000000000032a4      0x92c ./Drivers/STM32F4xx_HAL_Driver/Src/stm32f4xx_hal_uart.o
 .debug_frame   0x0000000000003bd0       0x20 C:/ST/STM32CubeIDE_1.12.1/STM32CubeIDE/plugins/com.st.stm32cube.ide.mcu.externaltools.gnu-tools-for-stm32.11.3.rel1.win32_1.1.1.202309131626/tools/bin/../lib/gcc/arm-none-eabi/11.3.1/../../../../arm-none-eabi/lib/thumb/v7e-m+fp/hard\libc_nano.a(libc_a-memset.o)
 .debug_frame   0x0000000000003bf0       0x2c C:/ST/STM32CubeIDE_1.12.1/STM32CubeIDE/plugins/com.st.stm32cube.ide.mcu.externaltools.gnu-tools-for-stm32.11.3.rel1.win32_1.1.1.202309131626/tools/bin/../lib/gcc/arm-none-eabi/11.3.1/../../../../arm-none-eabi/lib/thumb/v7e-m+fp/hard\libc_nano.a(libc_a-init.o)
 .debug_frame   0x0000000000003c1c       0x2c C:/ST/STM32CubeIDE_1.12.1/STM32CubeIDE/plugins/com.st.stm32cube.ide.mcu.externaltools.gnu-tools-for-stm32.11.3.rel1.win32_1.1.1.202309131626/tools/bin/../lib/gcc/arm-none-eabi/11.3.1/thumb/v7e-m+fp/hard\libgcc.a(_aeabi_uldivmod.o)
 .debug_frame   0x0000000000003c48       0x34 C:/ST/STM32CubeIDE_1.12.1/STM32CubeIDE/plugins/com.st.stm32cube.ide.mcu.externaltools.gnu-tools-for-stm32.11.3.rel1.win32_1.1.1.202309131626/tools/bin/../lib/gcc/arm-none-eabi/11.3.1/thumb/v7e-m+fp/hard\libgcc.a(_udivmoddi4.o)

.debug_line_str
                0x0000000000000000       0xa2
 .debug_line_str
                0x0000000000000000       0xa2 ./Core/Startup/startup_stm32f446retx.o
                                         0xba (size before relaxing)
