Archive member included to satisfy reference by file (symbol)

/usr/lib/gcc/arm-none-eabi/8.3.1/../../../arm-none-eabi/lib/thumb/v7e-m+fp/hard/libc_nano.a(lib_a-atexit.o)
                              /usr/lib/gcc/arm-none-eabi/8.3.1/../../../arm-none-eabi/lib/thumb/v7e-m+fp/hard/crt0.o (atexit)
/usr/lib/gcc/arm-none-eabi/8.3.1/../../../arm-none-eabi/lib/thumb/v7e-m+fp/hard/libc_nano.a(lib_a-exit.o)
                              /usr/lib/gcc/arm-none-eabi/8.3.1/../../../arm-none-eabi/lib/thumb/v7e-m+fp/hard/crt0.o (exit)
/usr/lib/gcc/arm-none-eabi/8.3.1/../../../arm-none-eabi/lib/thumb/v7e-m+fp/hard/libc_nano.a(lib_a-fini.o)
                              /usr/lib/gcc/arm-none-eabi/8.3.1/../../../arm-none-eabi/lib/thumb/v7e-m+fp/hard/crt0.o (__libc_fini_array)
/usr/lib/gcc/arm-none-eabi/8.3.1/../../../arm-none-eabi/lib/thumb/v7e-m+fp/hard/libc_nano.a(lib_a-impure.o)
                              /usr/lib/gcc/arm-none-eabi/8.3.1/../../../arm-none-eabi/lib/thumb/v7e-m+fp/hard/libc_nano.a(lib_a-exit.o) (_global_impure_ptr)
/usr/lib/gcc/arm-none-eabi/8.3.1/../../../arm-none-eabi/lib/thumb/v7e-m+fp/hard/libc_nano.a(lib_a-init.o)
                              /usr/lib/gcc/arm-none-eabi/8.3.1/../../../arm-none-eabi/lib/thumb/v7e-m+fp/hard/crt0.o (__libc_init_array)
/usr/lib/gcc/arm-none-eabi/8.3.1/../../../arm-none-eabi/lib/thumb/v7e-m+fp/hard/libc_nano.a(lib_a-memset.o)
                              /usr/lib/gcc/arm-none-eabi/8.3.1/../../../arm-none-eabi/lib/thumb/v7e-m+fp/hard/crt0.o (memset)
/usr/lib/gcc/arm-none-eabi/8.3.1/../../../arm-none-eabi/lib/thumb/v7e-m+fp/hard/libc_nano.a(lib_a-strstr.o)
                              build/user_interface.o (strstr)
/usr/lib/gcc/arm-none-eabi/8.3.1/../../../arm-none-eabi/lib/thumb/v7e-m+fp/hard/libc_nano.a(lib_a-__atexit.o)
                              /usr/lib/gcc/arm-none-eabi/8.3.1/../../../arm-none-eabi/lib/thumb/v7e-m+fp/hard/libc_nano.a(lib_a-atexit.o) (__register_exitproc)
/usr/lib/gcc/arm-none-eabi/8.3.1/../../../arm-none-eabi/lib/thumb/v7e-m+fp/hard/libc_nano.a(lib_a-__call_atexit.o)
                              /usr/lib/gcc/arm-none-eabi/8.3.1/../../../arm-none-eabi/lib/thumb/v7e-m+fp/hard/libc_nano.a(lib_a-__atexit.o) (__call_exitprocs)
/usr/lib/gcc/arm-none-eabi/8.3.1/../../../arm-none-eabi/lib/thumb/v7e-m+fp/hard/libc_nano.a(lib_a-memcmp.o)
                              /usr/lib/gcc/arm-none-eabi/8.3.1/../../../arm-none-eabi/lib/thumb/v7e-m+fp/hard/libc_nano.a(lib_a-strstr.o) (memcmp)
/usr/lib/gcc/arm-none-eabi/8.3.1/../../../arm-none-eabi/lib/thumb/v7e-m+fp/hard/libc_nano.a(lib_a-strchr.o)
                              /usr/lib/gcc/arm-none-eabi/8.3.1/../../../arm-none-eabi/lib/thumb/v7e-m+fp/hard/libc_nano.a(lib_a-strstr.o) (strchr)
/usr/lib/gcc/arm-none-eabi/8.3.1/../../../arm-none-eabi/lib/thumb/v7e-m+fp/hard/libc_nano.a(lib_a-strlen.o)
                              /usr/lib/gcc/arm-none-eabi/8.3.1/../../../arm-none-eabi/lib/thumb/v7e-m+fp/hard/libc_nano.a(lib_a-strstr.o) (strlen)
/usr/lib/gcc/arm-none-eabi/8.3.1/../../../arm-none-eabi/lib/thumb/v7e-m+fp/hard/libc_nano.a(lib_a-strnlen.o)
                              /usr/lib/gcc/arm-none-eabi/8.3.1/../../../arm-none-eabi/lib/thumb/v7e-m+fp/hard/libc_nano.a(lib_a-strstr.o) (strnlen)
/usr/lib/gcc/arm-none-eabi/8.3.1/../../../arm-none-eabi/lib/thumb/v7e-m+fp/hard/libnosys.a(_exit.o)
                              /usr/lib/gcc/arm-none-eabi/8.3.1/../../../arm-none-eabi/lib/thumb/v7e-m+fp/hard/libc_nano.a(lib_a-exit.o) (_exit)
/usr/lib/gcc/arm-none-eabi/8.3.1/thumb/v7e-m+fp/hard/libgcc.a(_aeabi_uldivmod.o)
                              build/stm32g4xx_hal_uart.o (__aeabi_uldivmod)
/usr/lib/gcc/arm-none-eabi/8.3.1/thumb/v7e-m+fp/hard/libgcc.a(_udivmoddi4.o)
                              /usr/lib/gcc/arm-none-eabi/8.3.1/thumb/v7e-m+fp/hard/libgcc.a(_aeabi_uldivmod.o) (__udivmoddi4)
/usr/lib/gcc/arm-none-eabi/8.3.1/thumb/v7e-m+fp/hard/libgcc.a(_dvmd_tls.o)
                              /usr/lib/gcc/arm-none-eabi/8.3.1/thumb/v7e-m+fp/hard/libgcc.a(_aeabi_uldivmod.o) (__aeabi_ldiv0)

Allocating common symbols
Common symbol       size              file

hdma_dac1_ch2       0x60              build/dac.o
htim8               0x4c              build/tim.o
hdac1               0x14              build/dac.o
hdma_dac1_ch1       0x60              build/dac.o
uwTick              0x4               build/stm32g4xx_hal.o
hlpuart1            0x90              build/usart.o
huart1              0x90              build/usart.o
hdma_lpuart1_tx     0x60              build/usart.o
hdma_lpuart1_rx     0x60              build/usart.o

Discarded input sections

 .text          0x0000000000000000        0x0 /usr/lib/gcc/arm-none-eabi/8.3.1/thumb/v7e-m+fp/hard/crti.o
 .data          0x0000000000000000        0x0 /usr/lib/gcc/arm-none-eabi/8.3.1/thumb/v7e-m+fp/hard/crti.o
 .bss           0x0000000000000000        0x0 /usr/lib/gcc/arm-none-eabi/8.3.1/thumb/v7e-m+fp/hard/crti.o
[...]
Memory Configuration

Name             Origin             Length             Attributes
RAM              0x0000000020000000 0x0000000000008000 xrw
FLASH            0x0000000008000000 0x0000000000020000 xr
*default*        0x0000000000000000 0xffffffffffffffff

Linker script and memory map

LOAD /usr/lib/gcc/arm-none-eabi/8.3.1/thumb/v7e-m+fp/hard/crti.o
LOAD /usr/lib/gcc/arm-none-eabi/8.3.1/thumb/v7e-m+fp/hard/crtbegin.o
LOAD /usr/lib/gcc/arm-none-eabi/8.3.1/../../../arm-none-eabi/lib/thumb/v7e-m+fp/hard/crt0.o
LOAD build/main.o
LOAD build/gpio.o
LOAD build/dac.o
LOAD build/dma.o
LOAD build/usart.o
LOAD build/tim.o
LOAD build/stm32g4xx_it.o
LOAD build/stm32g4xx_hal_msp.o
LOAD build/stm32g4xx_hal_dac.o
LOAD build/stm32g4xx_hal_dac_ex.o
LOAD build/stm32g4xx_hal.o
LOAD build/stm32g4xx_hal_rcc.o
LOAD build/stm32g4xx_hal_rcc_ex.o
LOAD build/stm32g4xx_hal_flash.o
LOAD build/stm32g4xx_hal_flash_ex.o
LOAD build/stm32g4xx_hal_flash_ramfunc.o
LOAD build/stm32g4xx_hal_gpio.o
LOAD build/stm32g4xx_hal_exti.o
LOAD build/stm32g4xx_hal_dma.o
LOAD build/stm32g4xx_hal_dma_ex.o
LOAD build/stm32g4xx_hal_pwr.o
LOAD build/stm32g4xx_hal_pwr_ex.o
LOAD build/stm32g4xx_hal_cortex.o
LOAD build/stm32g4xx_hal_uart.o
LOAD build/stm32g4xx_hal_uart_ex.o
LOAD build/stm32g4xx_hal_tim.o
LOAD build/stm32g4xx_hal_tim_ex.o
LOAD build/system_stm32g4xx.o
LOAD build/hall_swapper.o
LOAD build/real_waveforms.o
LOAD build/user_interface.o
LOAD build/wave_emulator.o
LOAD build/startup_stm32g431rbtx.o
LOAD /usr/lib/gcc/arm-none-eabi/8.3.1/../../../arm-none-eabi/lib/thumb/v7e-m+fp/hard/libc_nano.a
LOAD /usr/lib/gcc/arm-none-eabi/8.3.1/../../../arm-none-eabi/lib/thumb/v7e-m+fp/hard/libm.a
LOAD /usr/lib/gcc/arm-none-eabi/8.3.1/../../../arm-none-eabi/lib/thumb/v7e-m+fp/hard/libnosys.a
START GROUP
LOAD /usr/lib/gcc/arm-none-eabi/8.3.1/thumb/v7e-m+fp/hard/libgcc.a
LOAD /usr/lib/gcc/arm-none-eabi/8.3.1/../../../arm-none-eabi/lib/thumb/v7e-m+fp/hard/libc_nano.a
END GROUP
START GROUP
LOAD /usr/lib/gcc/arm-none-eabi/8.3.1/thumb/v7e-m+fp/hard/libgcc.a
LOAD /usr/lib/gcc/arm-none-eabi/8.3.1/../../../arm-none-eabi/lib/thumb/v7e-m+fp/hard/libc_nano.a
END GROUP
LOAD /usr/lib/gcc/arm-none-eabi/8.3.1/thumb/v7e-m+fp/hard/crtend.o
LOAD /usr/lib/gcc/arm-none-eabi/8.3.1/thumb/v7e-m+fp/hard/crtn.o
                0x0000000020008000                _estack = (ORIGIN (RAM) + LENGTH (RAM))
                0x0000000000000200                _Min_Heap_Size = 0x200
                0x0000000000000400                _Min_Stack_Size = 0x400

.isr_vector     0x0000000008000000      0x1d8
                0x0000000008000000                . = ALIGN (0x4)
 *(.isr_vector)
 .isr_vector    0x0000000008000000      0x1d8 build/startup_stm32g431rbtx.o
                0x0000000008000000                g_pfnVectors
                0x00000000080001d8                . = ALIGN (0x4)

.text           0x0000000008000200     0x448c
                0x0000000008000200                . = ALIGN (0x4)
 *(.text)
 .text          0x0000000008000200       0x88 /usr/lib/gcc/arm-none-eabi/8.3.1/thumb/v7e-m+fp/hard/crtbegin.o
 .text          0x0000000008000288       0x48 /usr/lib/gcc/arm-none-eabi/8.3.1/../../../arm-none-eabi/lib/thumb/v7e-m+fp/hard/libc_nano.a(lib_a-init.o)
                0x0000000008000288                __libc_init_array
 .text          0x00000000080002d0       0xa0 /usr/lib/gcc/arm-none-eabi/8.3.1/../../../arm-none-eabi/lib/thumb/v7e-m+fp/hard/libc_nano.a(lib_a-memset.o)
                0x00000000080002d0                memset
 .text          0x0000000008000370      0x458 /usr/lib/gcc/arm-none-eabi/8.3.1/../../../arm-none-eabi/lib/thumb/v7e-m+fp/hard/libc_nano.a(lib_a-strstr.o)
                0x0000000008000648                strstr
 .text          0x00000000080007c8       0x60 /usr/lib/gcc/arm-none-eabi/8.3.1/../../../arm-none-eabi/lib/thumb/v7e-m+fp/hard/libc_nano.a(lib_a-memcmp.o)
                0x00000000080007c8                memcmp
 .text          0x0000000008000828       0xc8 /usr/lib/gcc/arm-none-eabi/8.3.1/../../../arm-none-eabi/lib/thumb/v7e-m+fp/hard/libc_nano.a(lib_a-strchr.o)
                0x0000000008000828                strchr
 *fill*         0x00000000080008f0       0x10 
 .text          0x0000000008000900       0xdc /usr/lib/gcc/arm-none-eabi/8.3.1/../../../arm-none-eabi/lib/thumb/v7e-m+fp/hard/libc_nano.a(lib_a-strlen.o)
                0x0000000008000900                strlen
 .text          0x00000000080009dc       0x44 /usr/lib/gcc/arm-none-eabi/8.3.1/../../../arm-none-eabi/lib/thumb/v7e-m+fp/hard/libc_nano.a(lib_a-strnlen.o)
                0x00000000080009dc                strnlen
 .text          0x0000000008000a20       0x30 /usr/lib/gcc/arm-none-eabi/8.3.1/thumb/v7e-m+fp/hard/libgcc.a(_aeabi_uldivmod.o)
                0x0000000008000a20                __aeabi_uldivmod
 .text          0x0000000008000a50      0x2d0 /usr/lib/gcc/arm-none-eabi/8.3.1/thumb/v7e-m+fp/hard/libgcc.a(_udivmoddi4.o)
                0x0000000008000a50                __udivmoddi4
 .text          0x0000000008000d20        0x4 /usr/lib/gcc/arm-none-eabi/8.3.1/thumb/v7e-m+fp/hard/libgcc.a(_dvmd_tls.o)
                0x0000000008000d20                __aeabi_ldiv0
                0x0000000008000d20                __aeabi_idiv0
 *(.text*)
 .text.Error_Handler
                0x0000000008000d24        0x4 build/main.o
                0x0000000008000d24                Error_Handler
 .text.SystemClock_Config
                0x0000000008000d28       0x70 build/main.o
                0x0000000008000d28                SystemClock_Config
 .text.main     0x0000000008000d98       0x3c build/main.o
                0x0000000008000d98                main
 .text.MX_GPIO_Init
                0x0000000008000dd4       0xcc build/gpio.o
                0x0000000008000dd4                MX_GPIO_Init
 .text.MX_DAC1_Init
                0x0000000008000ea0       0x70 build/dac.o
                0x0000000008000ea0                MX_DAC1_Init
 .text.HAL_DAC_MspInit
                0x0000000008000f10       0xf0 build/dac.o
                0x0000000008000f10                HAL_DAC_MspInit
 .text.MX_DMA_Init
                0x0000000008001000       0x74 build/dma.o
                0x0000000008001000                MX_DMA_Init
 .text.MX_LPUART1_UART_Init
                0x0000000008001074       0x68 build/usart.o
                0x0000000008001074                MX_LPUART1_UART_Init
 .text.MX_USART1_UART_Init
                0x00000000080010dc       0x68 build/usart.o
                0x00000000080010dc                MX_USART1_UART_Init
 .text.HAL_UART_MspInit
                0x0000000008001144      0x164 build/usart.o
                0x0000000008001144                HAL_UART_MspInit
 .text.MX_TIM8_Init
                0x00000000080012a8       0x74 build/tim.o
                0x00000000080012a8                MX_TIM8_Init
 .text.HAL_TIM_Base_MspInit
                0x000000000800131c       0x40 build/tim.o
                0x000000000800131c                HAL_TIM_Base_MspInit
 .text.NMI_Handler
                0x000000000800135c        0x2 build/stm32g4xx_it.o
                0x000000000800135c                NMI_Handler
 .text.HardFault_Handler
                0x000000000800135e        0x2 build/stm32g4xx_it.o
                0x000000000800135e                HardFault_Handler
 .text.MemManage_Handler
                0x0000000008001360        0x2 build/stm32g4xx_it.o
                0x0000000008001360                MemManage_Handler
 .text.BusFault_Handler
                0x0000000008001362        0x2 build/stm32g4xx_it.o
                0x0000000008001362                BusFault_Handler
 .text.UsageFault_Handler
                0x0000000008001364        0x2 build/stm32g4xx_it.o
                0x0000000008001364                UsageFault_Handler
 .text.SVC_Handler
                0x0000000008001366        0x2 build/stm32g4xx_it.o
                0x0000000008001366                SVC_Handler
 .text.DebugMon_Handler
                0x0000000008001368        0x2 build/stm32g4xx_it.o
                0x0000000008001368                DebugMon_Handler
 .text.PendSV_Handler
                0x000000000800136a        0x2 build/stm32g4xx_it.o
                0x000000000800136a                PendSV_Handler
 .text.SysTick_Handler
                0x000000000800136c        0x8 build/stm32g4xx_it.o
                0x000000000800136c                SysTick_Handler
 .text.DMA1_Channel1_IRQHandler
                0x0000000008001374       0x10 build/stm32g4xx_it.o
                0x0000000008001374                DMA1_Channel1_IRQHandler
 .text.DMA1_Channel2_IRQHandler
                0x0000000008001384       0x10 build/stm32g4xx_it.o
                0x0000000008001384                DMA1_Channel2_IRQHandler
 .text.DMA1_Channel3_IRQHandler
                0x0000000008001394       0x10 build/stm32g4xx_it.o
                0x0000000008001394                DMA1_Channel3_IRQHandler
 .text.DMA1_Channel4_IRQHandler
                0x00000000080013a4       0x10 build/stm32g4xx_it.o
                0x00000000080013a4                DMA1_Channel4_IRQHandler
 .text.TIM8_UP_IRQHandler
                0x00000000080013b4       0x14 build/stm32g4xx_it.o
                0x00000000080013b4                TIM8_UP_IRQHandler
 .text.LPUART1_IRQHandler
                0x00000000080013c8       0x10 build/stm32g4xx_it.o
                0x00000000080013c8                LPUART1_IRQHandler
 .text.HAL_MspInit
                0x00000000080013d8       0x38 build/stm32g4xx_hal_msp.o
                0x00000000080013d8                HAL_MspInit
 .text.HAL_DAC_Init
                0x0000000008001410       0x24 build/stm32g4xx_hal_dac.o
                0x0000000008001410                HAL_DAC_Init
 .text.HAL_DAC_Start_DMA
                0x0000000008001434      0x10c build/stm32g4xx_hal_dac.o
                0x0000000008001434                HAL_DAC_Start_DMA
 .text.HAL_DAC_Stop_DMA
                0x0000000008001540       0x5a build/stm32g4xx_hal_dac.o
                0x0000000008001540                HAL_DAC_Stop_DMA
 .text.HAL_DAC_ConvCpltCallbackCh1
                0x000000000800159a        0x2 build/stm32g4xx_hal_dac.o
                0x000000000800159a                HAL_DAC_ConvCpltCallbackCh1
 .text.DAC_DMAConvCpltCh1
                0x000000000800159c       0x10 build/stm32g4xx_hal_dac.o
                0x000000000800159c                DAC_DMAConvCpltCh1
 .text.HAL_DAC_ConvHalfCpltCallbackCh1
                0x00000000080015ac        0x2 build/stm32g4xx_hal_dac.o
                0x00000000080015ac                HAL_DAC_ConvHalfCpltCallbackCh1
 .text.DAC_DMAHalfConvCpltCh1
                0x00000000080015ae        0xa build/stm32g4xx_hal_dac.o
                0x00000000080015ae                DAC_DMAHalfConvCpltCh1
 .text.HAL_DAC_ErrorCallbackCh1
                0x00000000080015b8        0x2 build/stm32g4xx_hal_dac.o
                0x00000000080015b8                HAL_DAC_ErrorCallbackCh1
 .text.DAC_DMAErrorCh1
                0x00000000080015ba       0x18 build/stm32g4xx_hal_dac.o
                0x00000000080015ba                DAC_DMAErrorCh1
 *fill*         0x00000000080015d2        0x2 
 .text.HAL_DAC_ConfigChannel
                0x00000000080015d4      0x200 build/stm32g4xx_hal_dac.o
                0x00000000080015d4                HAL_DAC_ConfigChannel
 .text.HAL_DACEx_ConvCpltCallbackCh2
                0x00000000080017d4        0x2 build/stm32g4xx_hal_dac_ex.o
                0x00000000080017d4                HAL_DACEx_ConvCpltCallbackCh2
 .text.DAC_DMAConvCpltCh2
                0x00000000080017d6       0x10 build/stm32g4xx_hal_dac_ex.o
                0x00000000080017d6                DAC_DMAConvCpltCh2
 .text.HAL_DACEx_ConvHalfCpltCallbackCh2
                0x00000000080017e6        0x2 build/stm32g4xx_hal_dac_ex.o
                0x00000000080017e6                HAL_DACEx_ConvHalfCpltCallbackCh2
 .text.DAC_DMAHalfConvCpltCh2
                0x00000000080017e8        0xa build/stm32g4xx_hal_dac_ex.o
                0x00000000080017e8                DAC_DMAHalfConvCpltCh2
 .text.HAL_DACEx_ErrorCallbackCh2
                0x00000000080017f2        0x2 build/stm32g4xx_hal_dac_ex.o
                0x00000000080017f2                HAL_DACEx_ErrorCallbackCh2
 .text.DAC_DMAErrorCh2
                0x00000000080017f4       0x18 build/stm32g4xx_hal_dac_ex.o
                0x00000000080017f4                DAC_DMAErrorCh2
 .text.HAL_InitTick
                0x000000000800180c       0x50 build/stm32g4xx_hal.o
                0x000000000800180c                HAL_InitTick
 .text.HAL_Init
                0x000000000800185c       0x1e build/stm32g4xx_hal.o
                0x000000000800185c                HAL_Init
 *fill*         0x000000000800187a        0x2 
 .text.HAL_IncTick
                0x000000000800187c       0x18 build/stm32g4xx_hal.o
                0x000000000800187c                HAL_IncTick
 .text.HAL_GetTick
                0x0000000008001894        0xc build/stm32g4xx_hal.o
                0x0000000008001894                HAL_GetTick
 .text.HAL_Delay
                0x00000000080018a0       0x28 build/stm32g4xx_hal.o
                0x00000000080018a0                HAL_Delay
 .text.RCC_GetSysClockFreqFromPLLSource
                0x00000000080018c8       0x58 build/stm32g4xx_hal_rcc.o
 .text.HAL_RCC_OscConfig
                0x0000000008001920      0x4e8 build/stm32g4xx_hal_rcc.o
                0x0000000008001920                HAL_RCC_OscConfig
 .text.HAL_RCC_GetSysClockFreq
                0x0000000008001e08       0x88 build/stm32g4xx_hal_rcc.o
                0x0000000008001e08                HAL_RCC_GetSysClockFreq
 .text.HAL_RCC_ClockConfig
                0x0000000008001e90      0x1f8 build/stm32g4xx_hal_rcc.o
                0x0000000008001e90                HAL_RCC_ClockConfig
 .text.HAL_RCC_GetHCLKFreq
                0x0000000008002088        0xc build/stm32g4xx_hal_rcc.o
                0x0000000008002088                HAL_RCC_GetHCLKFreq
 .text.HAL_RCC_GetPCLK1Freq
                0x0000000008002094       0x24 build/stm32g4xx_hal_rcc.o
                0x0000000008002094                HAL_RCC_GetPCLK1Freq
 .text.HAL_RCC_GetPCLK2Freq
                0x00000000080020b8       0x24 build/stm32g4xx_hal_rcc.o
                0x00000000080020b8                HAL_RCC_GetPCLK2Freq
 .text.HAL_RCCEx_PeriphCLKConfig
                0x00000000080020dc      0x2e4 build/stm32g4xx_hal_rcc_ex.o
                0x00000000080020dc                HAL_RCCEx_PeriphCLKConfig
 .text.HAL_GPIO_Init
                0x00000000080023c0      0x1ac build/stm32g4xx_hal_gpio.o
                0x00000000080023c0                HAL_GPIO_Init
 .text.HAL_GPIO_ReadPin
                0x000000000800256c        0xe build/stm32g4xx_hal_gpio.o
                0x000000000800256c                HAL_GPIO_ReadPin
 .text.HAL_GPIO_WritePin
                0x000000000800257a        0xa build/stm32g4xx_hal_gpio.o
                0x000000000800257a                HAL_GPIO_WritePin
 .text.DMA_SetConfig
                0x0000000008002584       0x40 build/stm32g4xx_hal_dma.o
 .text.DMA_CalcDMAMUXChannelBaseAndMask
                0x00000000080025c4       0x48 build/stm32g4xx_hal_dma.o
 .text.DMA_CalcDMAMUXRequestGenBaseAndMask
                0x000000000800260c       0x28 build/stm32g4xx_hal_dma.o
 .text.HAL_DMA_Init
                0x0000000008002634       0xd8 build/stm32g4xx_hal_dma.o
                0x0000000008002634                HAL_DMA_Init
 .text.HAL_DMA_Start_IT
                0x000000000800270c       0x94 build/stm32g4xx_hal_dma.o
                0x000000000800270c                HAL_DMA_Start_IT
 .text.HAL_DMA_Abort
                0x00000000080027a0       0x6c build/stm32g4xx_hal_dma.o
                0x00000000080027a0                HAL_DMA_Abort
 .text.HAL_DMA_Abort_IT
                0x000000000800280c       0x7e build/stm32g4xx_hal_dma.o
                0x000000000800280c                HAL_DMA_Abort_IT
 .text.HAL_DMA_IRQHandler
                0x000000000800288a       0xc4 build/stm32g4xx_hal_dma.o
                0x000000000800288a                HAL_DMA_IRQHandler
 .text.HAL_DMA_GetError
                0x000000000800294e        0x4 build/stm32g4xx_hal_dma.o
                0x000000000800294e                HAL_DMA_GetError
 *fill*         0x0000000008002952        0x2 
 .text.HAL_PWREx_ControlVoltageScaling
                0x0000000008002954      0x10c build/stm32g4xx_hal_pwr_ex.o
                0x0000000008002954                HAL_PWREx_ControlVoltageScaling
 .text.HAL_PWREx_DisableUCPDDeadBattery
                0x0000000008002a60       0x10 build/stm32g4xx_hal_pwr_ex.o
                0x0000000008002a60                HAL_PWREx_DisableUCPDDeadBattery
 .text.HAL_NVIC_SetPriorityGrouping
                0x0000000008002a70       0x24 build/stm32g4xx_hal_cortex.o
                0x0000000008002a70                HAL_NVIC_SetPriorityGrouping
 .text.HAL_NVIC_SetPriority
                0x0000000008002a94       0x68 build/stm32g4xx_hal_cortex.o
                0x0000000008002a94                HAL_NVIC_SetPriority
 .text.HAL_NVIC_EnableIRQ
                0x0000000008002afc       0x1c build/stm32g4xx_hal_cortex.o
                0x0000000008002afc                HAL_NVIC_EnableIRQ
 .text.HAL_SYSTICK_Config
                0x0000000008002b18       0x2c build/stm32g4xx_hal_cortex.o
                0x0000000008002b18                HAL_SYSTICK_Config
 .text.UART_EndTxTransfer
                0x0000000008002b44       0x32 build/stm32g4xx_hal_uart.o
 .text.UART_EndRxTransfer
                0x0000000008002b76       0x56 build/stm32g4xx_hal_uart.o
 .text.HAL_UART_Transmit_DMA
                0x0000000008002bcc       0xbc build/stm32g4xx_hal_uart.o
                0x0000000008002bcc                HAL_UART_Transmit_DMA
 .text.HAL_UART_AbortReceive
                0x0000000008002c88       0xb2 build/stm32g4xx_hal_uart.o
                0x0000000008002c88                HAL_UART_AbortReceive
 .text.UART_DMATransmitCplt
                0x0000000008002d3a       0x48 build/stm32g4xx_hal_uart.o
 .text.UART_EndTransmit_IT
                0x0000000008002d82       0x24 build/stm32g4xx_hal_uart.o
 .text.HAL_UART_TxHalfCpltCallback
                0x0000000008002da6        0x2 build/stm32g4xx_hal_uart.o
                0x0000000008002da6                HAL_UART_TxHalfCpltCallback
 .text.UART_DMATxHalfCplt
                0x0000000008002da8        0xa build/stm32g4xx_hal_uart.o
 .text.HAL_UART_RxCpltCallback
                0x0000000008002db2        0x2 build/stm32g4xx_hal_uart.o
                0x0000000008002db2                HAL_UART_RxCpltCallback
 .text.HAL_UART_RxHalfCpltCallback
                0x0000000008002db4        0x2 build/stm32g4xx_hal_uart.o
                0x0000000008002db4                HAL_UART_RxHalfCpltCallback
 .text.HAL_UART_ErrorCallback
                0x0000000008002db6        0x2 build/stm32g4xx_hal_uart.o
                0x0000000008002db6                HAL_UART_ErrorCallback
 .text.UART_DMAError
                0x0000000008002db8       0x58 build/stm32g4xx_hal_uart.o
 .text.UART_DMAAbortOnError
                0x0000000008002e10       0x14 build/stm32g4xx_hal_uart.o
 .text.HAL_UART_IRQHandler
                0x0000000008002e24      0x330 build/stm32g4xx_hal_uart.o
                0x0000000008002e24                HAL_UART_IRQHandler
 .text.UART_DMARxHalfCplt
                0x0000000008003154       0x1c build/stm32g4xx_hal_uart.o
 .text.UART_DMAReceiveCplt
                0x0000000008003170       0x90 build/stm32g4xx_hal_uart.o
 .text.UART_SetConfig
                0x0000000008003200      0x348 build/stm32g4xx_hal_uart.o
                0x0000000008003200                UART_SetConfig
 .text.UART_AdvFeatureConfig
                0x0000000008003548       0xca build/stm32g4xx_hal_uart.o
                0x0000000008003548                UART_AdvFeatureConfig
 .text.UART_WaitOnFlagUntilTimeout
                0x0000000008003612       0xd2 build/stm32g4xx_hal_uart.o
                0x0000000008003612                UART_WaitOnFlagUntilTimeout
 .text.UART_CheckIdleState
                0x00000000080036e4       0x74 build/stm32g4xx_hal_uart.o
                0x00000000080036e4                UART_CheckIdleState
 .text.HAL_UART_Init
                0x0000000008003758       0x66 build/stm32g4xx_hal_uart.o
                0x0000000008003758                HAL_UART_Init
 *fill*         0x00000000080037be        0x2 
 .text.UART_Start_Receive_DMA
                0x00000000080037c0       0xb4 build/stm32g4xx_hal_uart.o
                0x00000000080037c0                UART_Start_Receive_DMA
 .text.UARTEx_SetNbDataToProcess
                0x0000000008003874       0x4c build/stm32g4xx_hal_uart_ex.o
 .text.HAL_UARTEx_WakeupCallback
                0x00000000080038c0        0x2 build/stm32g4xx_hal_uart_ex.o
                0x00000000080038c0                HAL_UARTEx_WakeupCallback
 .text.HAL_UARTEx_RxFifoFullCallback
                0x00000000080038c2        0x2 build/stm32g4xx_hal_uart_ex.o
                0x00000000080038c2                HAL_UARTEx_RxFifoFullCallback
 .text.HAL_UARTEx_TxFifoEmptyCallback
                0x00000000080038c4        0x2 build/stm32g4xx_hal_uart_ex.o
                0x00000000080038c4                HAL_UARTEx_TxFifoEmptyCallback
 .text.HAL_UARTEx_DisableFifoMode
                0x00000000080038c6       0x3e build/stm32g4xx_hal_uart_ex.o
                0x00000000080038c6                HAL_UARTEx_DisableFifoMode
 .text.HAL_UARTEx_SetTxFifoThreshold
                0x0000000008003904       0x4a build/stm32g4xx_hal_uart_ex.o
                0x0000000008003904                HAL_UARTEx_SetTxFifoThreshold
 .text.HAL_UARTEx_SetRxFifoThreshold
                0x000000000800394e       0x4a build/stm32g4xx_hal_uart_ex.o
                0x000000000800394e                HAL_UARTEx_SetRxFifoThreshold
 .text.HAL_UARTEx_ReceiveToIdle_DMA
                0x0000000008003998       0x60 build/stm32g4xx_hal_uart_ex.o
                0x0000000008003998                HAL_UARTEx_ReceiveToIdle_DMA
 .text.TIM_TI1_ConfigInputStage
                0x00000000080039f8       0x26 build/stm32g4xx_hal_tim.o
 .text.TIM_TI2_ConfigInputStage
                0x0000000008003a1e       0x28 build/stm32g4xx_hal_tim.o
 .text.TIM_ITRx_SetConfig
                0x0000000008003a46       0x14 build/stm32g4xx_hal_tim.o
 *fill*         0x0000000008003a5a        0x2 
 .text.HAL_TIM_Base_Start_IT
                0x0000000008003a5c       0x84 build/stm32g4xx_hal_tim.o
                0x0000000008003a5c                HAL_TIM_Base_Start_IT
 .text.HAL_TIM_Base_Stop_IT
                0x0000000008003ae0       0x32 build/stm32g4xx_hal_tim.o
                0x0000000008003ae0                HAL_TIM_Base_Stop_IT
 .text.HAL_TIM_PeriodElapsedCallback
                0x0000000008003b12        0x2 build/stm32g4xx_hal_tim.o
                0x0000000008003b12                HAL_TIM_PeriodElapsedCallback
 .text.HAL_TIM_OC_DelayElapsedCallback
                0x0000000008003b14        0x2 build/stm32g4xx_hal_tim.o
                0x0000000008003b14                HAL_TIM_OC_DelayElapsedCallback
 .text.HAL_TIM_IC_CaptureCallback
                0x0000000008003b16        0x2 build/stm32g4xx_hal_tim.o
                0x0000000008003b16                HAL_TIM_IC_CaptureCallback
 .text.HAL_TIM_PWM_PulseFinishedCallback
                0x0000000008003b18        0x2 build/stm32g4xx_hal_tim.o
                0x0000000008003b18                HAL_TIM_PWM_PulseFinishedCallback
 .text.HAL_TIM_TriggerCallback
                0x0000000008003b1a        0x2 build/stm32g4xx_hal_tim.o
                0x0000000008003b1a                HAL_TIM_TriggerCallback
 .text.HAL_TIM_IRQHandler
                0x0000000008003b1c      0x21e build/stm32g4xx_hal_tim.o
                0x0000000008003b1c                HAL_TIM_IRQHandler
 *fill*         0x0000000008003d3a        0x2 
 .text.TIM_Base_SetConfig
                0x0000000008003d3c       0xb8 build/stm32g4xx_hal_tim.o
                0x0000000008003d3c                TIM_Base_SetConfig
 .text.HAL_TIM_Base_Init
                0x0000000008003df4       0x60 build/stm32g4xx_hal_tim.o
                0x0000000008003df4                HAL_TIM_Base_Init
 .text.TIM_ETR_SetConfig
                0x0000000008003e54       0x18 build/stm32g4xx_hal_tim.o
                0x0000000008003e54                TIM_ETR_SetConfig
 .text.HAL_TIM_ConfigClockSource
                0x0000000008003e6c      0x128 build/stm32g4xx_hal_tim.o
                0x0000000008003e6c                HAL_TIM_ConfigClockSource
 .text.HAL_TIMEx_MasterConfigSynchronization
                0x0000000008003f94       0x94 build/stm32g4xx_hal_tim_ex.o
                0x0000000008003f94                HAL_TIMEx_MasterConfigSynchronization
 .text.HAL_TIMEx_CommutCallback
                0x0000000008004028        0x2 build/stm32g4xx_hal_tim_ex.o
                0x0000000008004028                HAL_TIMEx_CommutCallback
 .text.HAL_TIMEx_BreakCallback
                0x000000000800402a        0x2 build/stm32g4xx_hal_tim_ex.o
                0x000000000800402a                HAL_TIMEx_BreakCallback
 .text.HAL_TIMEx_Break2Callback
                0x000000000800402c        0x2 build/stm32g4xx_hal_tim_ex.o
                0x000000000800402c                HAL_TIMEx_Break2Callback
 .text.HAL_TIMEx_EncoderIndexCallback
                0x000000000800402e        0x2 build/stm32g4xx_hal_tim_ex.o
                0x000000000800402e                HAL_TIMEx_EncoderIndexCallback
 .text.HAL_TIMEx_DirectionChangeCallback
                0x0000000008004030        0x2 build/stm32g4xx_hal_tim_ex.o
                0x0000000008004030                HAL_TIMEx_DirectionChangeCallback
 .text.HAL_TIMEx_IndexErrorCallback
                0x0000000008004032        0x2 build/stm32g4xx_hal_tim_ex.o
                0x0000000008004032                HAL_TIMEx_IndexErrorCallback
 .text.HAL_TIMEx_TransitionErrorCallback
                0x0000000008004034        0x2 build/stm32g4xx_hal_tim_ex.o
                0x0000000008004034                HAL_TIMEx_TransitionErrorCallback
 *fill*         0x0000000008004036        0x2 
 .text.SystemInit
                0x0000000008004038       0x14 build/system_stm32g4xx.o
                0x0000000008004038                SystemInit
 .text.read_input_signals
                0x000000000800404c       0x34 build/hall_swapper.o
                0x000000000800404c                read_input_signals
 .text.emulated_read_input_signals
                0x0000000008004080       0x40 build/hall_swapper.o
                0x0000000008004080                emulated_read_input_signals
 .text.polarice_signals
                0x00000000080040c0       0x2c build/hall_swapper.o
                0x00000000080040c0                polarice_signals
 .text.swap_signals
                0x00000000080040ec       0x3c build/hall_swapper.o
                0x00000000080040ec                swap_signals
 .text.write_output_signals
                0x0000000008004128       0x30 build/hall_swapper.o
                0x0000000008004128                write_output_signals
 .text.hall_swapper_twentyKHzinterruptionIRQ
                0x0000000008004158       0x40 build/hall_swapper.o
                0x0000000008004158                hall_swapper_twentyKHzinterruptionIRQ
 .text.ui_uart_transmit_initial_message
                0x0000000008004198       0x18 build/user_interface.o
                0x0000000008004198                ui_uart_transmit_initial_message
 .text.ui_uart_echo_and_breaklinedetect_rx
                0x00000000080041b0       0x94 build/user_interface.o
                0x00000000080041b0                ui_uart_echo_and_breaklinedetect_rx
 .text.decode_othercommands
                0x0000000008004244       0xd0 build/user_interface.o
                0x0000000008004244                decode_othercommands
 .text.apply_delete_character_to_buffer
                0x0000000008004314       0x4a build/user_interface.o
                0x0000000008004314                apply_delete_character_to_buffer
 .text.decode_char_to_hall_signals_order
                0x000000000800435e       0x42 build/user_interface.o
                0x000000000800435e                decode_char_to_hall_signals_order
 .text.decode_char_to_hall_signals_polarity
                0x00000000080043a0        0xe build/user_interface.o
                0x00000000080043a0                decode_char_to_hall_signals_polarity
 *fill*         0x00000000080043ae        0x2 
 .text.decode_ABCcommands
                0x00000000080043b0      0x118 build/user_interface.o
                0x00000000080043b0                decode_ABCcommands
 .text.reset_or_start_uart_DMA_communications
                0x00000000080044c8       0x28 build/user_interface.o
                0x00000000080044c8                reset_or_start_uart_DMA_communications
 .text.ui_uart_init
                0x00000000080044f0       0x2c build/user_interface.o
                0x00000000080044f0                ui_uart_init
 .text.ui_uart_listen
                0x000000000800451c       0x44 build/user_interface.o
                0x000000000800451c                ui_uart_listen
 .text.HAL_UART_TxCpltCallback
                0x0000000008004560        0x2 build/user_interface.o
                0x0000000008004560                HAL_UART_TxCpltCallback
 *fill*         0x0000000008004562        0x2 
 .text.HAL_UARTEx_RxEventCallback
                0x0000000008004564       0x14 build/user_interface.o
                0x0000000008004564                HAL_UARTEx_RxEventCallback
 .text.enable_emulator
                0x0000000008004578       0x50 build/wave_emulator.o
                0x0000000008004578                enable_emulator
 .text.disable_emulator
                0x00000000080045c8       0x2c build/wave_emulator.o
                0x00000000080045c8                disable_emulator
 .text.emulation
                0x00000000080045f4       0x2c build/wave_emulator.o
                0x00000000080045f4                emulation
 .text.Reset_Handler
                0x0000000008004620       0x50 build/startup_stm32g431rbtx.o
                0x0000000008004620                Reset_Handler
 .text.Default_Handler
                0x0000000008004670        0x2 build/startup_stm32g431rbtx.o
                0x0000000008004670                RTC_Alarm_IRQHandler
                0x0000000008004670                EXTI2_IRQHandler
                0x0000000008004670                TIM8_TRG_COM_IRQHandler
                0x0000000008004670                TIM8_CC_IRQHandler
                0x0000000008004670                TIM1_CC_IRQHandler
                0x0000000008004670                USB_HP_IRQHandler
                0x0000000008004670                CORDIC_IRQHandler
                0x0000000008004670                EXTI3_IRQHandler
                0x0000000008004670                I2C3_ER_IRQHandler
                0x0000000008004670                EXTI0_IRQHandler
                0x0000000008004670                I2C2_EV_IRQHandler
                0x0000000008004670                FPU_IRQHandler
                0x0000000008004670                FDCAN1_IT1_IRQHandler
                0x0000000008004670                TIM1_UP_TIM16_IRQHandler
                0x0000000008004670                ADC1_2_IRQHandler
                0x0000000008004670                SPI1_IRQHandler
                0x0000000008004670                TIM6_DAC_IRQHandler
                0x0000000008004670                DMA2_Channel2_IRQHandler
                0x0000000008004670                USART3_IRQHandler
                0x0000000008004670                TIM4_IRQHandler
                0x0000000008004670                DMA2_Channel1_IRQHandler
                0x0000000008004670                I2C1_EV_IRQHandler
                0x0000000008004670                DMA1_Channel6_IRQHandler
                0x0000000008004670                UART4_IRQHandler
                0x0000000008004670                DMA2_Channel4_IRQHandler
                0x0000000008004670                TIM3_IRQHandler
                0x0000000008004670                RCC_IRQHandler
                0x0000000008004670                Default_Handler
                0x0000000008004670                RTC_TAMP_LSECSS_IRQHandler
                0x0000000008004670                FMAC_IRQHandler
                0x0000000008004670                EXTI15_10_IRQHandler
                0x0000000008004670                TIM7_IRQHandler
                0x0000000008004670                UCPD1_IRQHandler
                0x0000000008004670                I2C3_EV_IRQHandler
                0x0000000008004670                EXTI9_5_IRQHandler
                0x0000000008004670                RTC_WKUP_IRQHandler
                0x0000000008004670                PVD_PVM_IRQHandler
                0x0000000008004670                SPI2_IRQHandler
                0x0000000008004670                DMA2_Channel5_IRQHandler
                0x0000000008004670                CRS_IRQHandler
                0x0000000008004670                DMA1_Channel5_IRQHandler
                0x0000000008004670                USB_LP_IRQHandler
                0x0000000008004670                EXTI4_IRQHandler
                0x0000000008004670                RNG_IRQHandler
                0x0000000008004670                TIM1_TRG_COM_TIM17_IRQHandler
                0x0000000008004670                WWDG_IRQHandler
                0x0000000008004670                DMA2_Channel6_IRQHandler
                0x0000000008004670                FDCAN1_IT0_IRQHandler
                0x0000000008004670                TIM2_IRQHandler
                0x0000000008004670                COMP1_2_3_IRQHandler
                0x0000000008004670                EXTI1_IRQHandler
                0x0000000008004670                USART2_IRQHandler
                0x0000000008004670                I2C2_ER_IRQHandler
                0x0000000008004670                TIM8_BRK_IRQHandler
                0x0000000008004670                FLASH_IRQHandler
                0x0000000008004670                USART1_IRQHandler
                0x0000000008004670                SPI3_IRQHandler
                0x0000000008004670                I2C1_ER_IRQHandler
                0x0000000008004670                LPTIM1_IRQHandler
                0x0000000008004670                DMAMUX_OVR_IRQHandler
                0x0000000008004670                USBWakeUp_IRQHandler
                0x0000000008004670                SAI1_IRQHandler
                0x0000000008004670                DMA2_Channel3_IRQHandler
                0x0000000008004670                COMP4_IRQHandler
                0x0000000008004670                TIM1_BRK_TIM15_IRQHandler
 *(.glue_7)
 .glue_7        0x0000000008004672        0x0 linker stubs
 *(.glue_7t)
 .glue_7t       0x0000000008004672        0x0 linker stubs
 *(.eh_frame)
 *fill*         0x0000000008004672        0x2 
 .eh_frame      0x0000000008004674        0x0 /usr/lib/gcc/arm-none-eabi/8.3.1/thumb/v7e-m+fp/hard/crtbegin.o
 *(.init)
 .init          0x0000000008004674        0x4 /usr/lib/gcc/arm-none-eabi/8.3.1/thumb/v7e-m+fp/hard/crti.o
                0x0000000008004674                _init
 .init          0x0000000008004678        0x8 /usr/lib/gcc/arm-none-eabi/8.3.1/thumb/v7e-m+fp/hard/crtn.o
 *(.fini)
 .fini          0x0000000008004680        0x4 /usr/lib/gcc/arm-none-eabi/8.3.1/thumb/v7e-m+fp/hard/crti.o
                0x0000000008004680                _fini
 .fini          0x0000000008004684        0x8 /usr/lib/gcc/arm-none-eabi/8.3.1/thumb/v7e-m+fp/hard/crtn.o
                0x000000000800468c                . = ALIGN (0x4)
                0x000000000800468c                _etext = .

.vfp11_veneer   0x000000000800468c        0x0
 .vfp11_veneer  0x000000000800468c        0x0 linker stubs

.v4_bx          0x000000000800468c        0x0
 .v4_bx         0x000000000800468c        0x0 linker stubs

.iplt           0x000000000800468c        0x0
 .iplt          0x000000000800468c        0x0 /usr/lib/gcc/arm-none-eabi/8.3.1/thumb/v7e-m+fp/hard/crtbegin.o

.rodata         0x000000000800468c      0xadc
                0x000000000800468c                . = ALIGN (0x4)
 *(.rodata)
 .rodata        0x000000000800468c        0x6 build/user_interface.o
 *(.rodata*)
 *fill*         0x0000000008004692        0x2 
 .rodata.UARTPrescTable
                0x0000000008004694       0x18 build/stm32g4xx_hal_uart.o
                0x0000000008004694                UARTPrescTable
 .rodata.denominator.8801
                0x00000000080046ac        0x8 build/stm32g4xx_hal_uart_ex.o
 .rodata.numerator.8800
                0x00000000080046b4        0x8 build/stm32g4xx_hal_uart_ex.o
 .rodata.AHBPrescTable
                0x00000000080046bc       0x10 build/system_stm32g4xx.o
                0x00000000080046bc                AHBPrescTable
 .rodata.APBPrescTable
                0x00000000080046cc        0x8 build/system_stm32g4xx.o
                0x00000000080046cc                APBPrescTable
 .rodata.current_A
                0x00000000080046d4      0x210 build/real_waveforms.o
                0x00000000080046d4                current_A
 .rodata.current_C
                0x00000000080048e4      0x210 build/real_waveforms.o
                0x00000000080048e4                current_C
 .rodata.emulationcommand
                0x0000000008004af4        0xa build/user_interface.o
                0x0000000008004af4                emulationcommand
 *fill*         0x0000000008004afe        0x2 
 .rodata.helpcommand
                0x0000000008004b00        0x5 build/user_interface.o
                0x0000000008004b00                helpcommand
 *fill*         0x0000000008004b05        0x3 
 .rodata.helpmessage
                0x0000000008004b08      0x253 build/user_interface.o
                0x0000000008004b08                helpmessage
 *fill*         0x0000000008004d5b        0x1 
 .rodata.initialmessage
                0x0000000008004d5c      0x380 build/user_interface.o
                0x0000000008004d5c                initialmessage
 .rodata.notokmessage
                0x00000000080050dc       0x22 build/user_interface.o
                0x00000000080050dc                notokmessage
 *fill*         0x00000000080050fe        0x2 
 .rodata.off_emulationmessage
                0x0000000008005100       0x16 build/user_interface.o
                0x0000000008005100                off_emulationmessage
 *fill*         0x0000000008005116        0x2 
 .rodata.okmessage
                0x0000000008005118        0xb build/user_interface.o
                0x0000000008005118                okmessage
 *fill*         0x0000000008005123        0x1 
 .rodata.on_emulationmessage
                0x0000000008005124       0x15 build/user_interface.o
                0x0000000008005124                on_emulationmessage
 *fill*         0x0000000008005139        0x3 
 .rodata.resetcommand
                0x000000000800513c        0xd build/user_interface.o
                0x000000000800513c                resetcommand
 *fill*         0x0000000008005149        0x3 
 .rodata.resetmessage
                0x000000000800514c       0x19 build/user_interface.o
                0x000000000800514c                resetmessage
                0x0000000008005168                . = ALIGN (0x4)
 *fill*         0x0000000008005165        0x3 

.ARM.extab      0x0000000008005168        0x0
                0x0000000008005168                . = ALIGN (0x4)
 *(.ARM.extab* .gnu.linkonce.armextab.*)
                0x0000000008005168                . = ALIGN (0x4)

.ARM            0x0000000008005168        0x8
                0x0000000008005168                . = ALIGN (0x4)
                0x0000000008005168                __exidx_start = .
 *(.ARM.exidx*)
 .ARM.exidx     0x0000000008005168        0x8 /usr/lib/gcc/arm-none-eabi/8.3.1/thumb/v7e-m+fp/hard/libgcc.a(_udivmoddi4.o)
                0x0000000008005170                __exidx_end = .
                0x0000000008005170                . = ALIGN (0x4)

.rel.dyn        0x0000000008005170        0x0
 .rel.iplt      0x0000000008005170        0x0 /usr/lib/gcc/arm-none-eabi/8.3.1/thumb/v7e-m+fp/hard/crtbegin.o

.preinit_array  0x0000000008005170        0x0
                0x0000000008005170                . = ALIGN (0x4)
                0x0000000008005170                PROVIDE (__preinit_array_start = .)
 *(.preinit_array*)
                0x0000000008005170                PROVIDE (__preinit_array_end = .)
                0x0000000008005170                . = ALIGN (0x4)

.init_array     0x0000000008005170        0x4
                0x0000000008005170                . = ALIGN (0x4)
                0x0000000008005170                PROVIDE (__init_array_start = .)
 *(SORT_BY_NAME(.init_array.*))
 *(.init_array*)
 .init_array    0x0000000008005170        0x4 /usr/lib/gcc/arm-none-eabi/8.3.1/thumb/v7e-m+fp/hard/crtbegin.o
                0x0000000008005174                PROVIDE (__init_array_end = .)
                0x0000000008005174                . = ALIGN (0x4)

.fini_array     0x0000000008005174        0x4
                0x0000000008005174                . = ALIGN (0x4)
                0x0000000008005174                PROVIDE (__fini_array_start = .)
 *(SORT_BY_NAME(.fini_array.*))
 *(.fini_array*)
 .fini_array    0x0000000008005174        0x4 /usr/lib/gcc/arm-none-eabi/8.3.1/thumb/v7e-m+fp/hard/crtbegin.o
                0x0000000008005178                PROVIDE (__fini_array_end = .)
                0x0000000008005178                . = ALIGN (0x4)
                0x0000000008005178                _sidata = LOADADDR (.data)

.data           0x0000000020000000      0x1a0 load address 0x0000000008005178
                0x0000000020000000                . = ALIGN (0x4)
                0x0000000020000000                _sdata = .
 *(.data)
 *(.data*)
 .data.uwTickFreq
                0x0000000020000000        0x4 build/stm32g4xx_hal.o
                0x0000000020000000                uwTickFreq
 .data.uwTickPrio
                0x0000000020000004        0x4 build/stm32g4xx_hal.o
                0x0000000020000004                uwTickPrio
 .data.SystemCoreClock
                0x0000000020000008        0x4 build/system_stm32g4xx.o
                0x0000000020000008                SystemCoreClock
 .data.signal_order
                0x000000002000000c        0x6 build/hall_swapper.o
                0x000000002000000c                signal_order
 *fill*         0x0000000020000012        0x2 
 .data.HALL_A   0x0000000020000014       0x84 build/real_waveforms.o
                0x0000000020000014                HALL_A
 .data.HALL_B   0x0000000020000098       0x84 build/real_waveforms.o
                0x0000000020000098                HALL_B
 .data.HALL_C   0x000000002000011c       0x84 build/real_waveforms.o
                0x000000002000011c                HALL_C
 *(.RamFunc)
 *(.RamFunc*)
                0x00000000200001a0                . = ALIGN (0x4)
                0x00000000200001a0                _edata = .

.tm_clone_table
                0x00000000200001a0        0x0 load address 0x0000000008005318
 .tm_clone_table
                0x00000000200001a0        0x0 /usr/lib/gcc/arm-none-eabi/8.3.1/thumb/v7e-m+fp/hard/crtbegin.o
 .tm_clone_table
                0x00000000200001a0        0x0 /usr/lib/gcc/arm-none-eabi/8.3.1/thumb/v7e-m+fp/hard/crtend.o

.igot.plt       0x00000000200001a0        0x0 load address 0x0000000008005318
 .igot.plt      0x00000000200001a0        0x0 /usr/lib/gcc/arm-none-eabi/8.3.1/thumb/v7e-m+fp/hard/crtbegin.o
                0x00000000200001a0                . = ALIGN (0x4)

.bss            0x00000000200001a0      0x444 load address 0x0000000008005318
                0x00000000200001a0                _sbss = .
                0x00000000200001a0                __bss_start__ = _sbss
 *(.bss)
 .bss           0x00000000200001a0       0x1c /usr/lib/gcc/arm-none-eabi/8.3.1/thumb/v7e-m+fp/hard/crtbegin.o
 *(.bss*)
 .bss.signal_inputs
                0x00000000200001bc        0x3 build/hall_swapper.o
                0x00000000200001bc                signal_inputs
 *fill*         0x00000000200001bf        0x1 
 .bss.signal_outputs
                0x00000000200001c0        0x3 build/hall_swapper.o
                0x00000000200001c0                signal_outputs
 *fill*         0x00000000200001c3        0x1 
 .bss.signal_polarity
                0x00000000200001c4        0x6 build/hall_swapper.o
                0x00000000200001c4                signal_polarity
 *fill*         0x00000000200001ca        0x2 
 .bss.dma_index
                0x00000000200001cc        0x4 build/real_waveforms.o
                0x00000000200001cc                dma_index
 .bss.echoed_size
                0x00000000200001d0        0x1 build/user_interface.o
                0x00000000200001d0                echoed_size
 *fill*         0x00000000200001d1        0x3 
 .bss.rx_buffer
                0x00000000200001d4      0x100 build/user_interface.o
                0x00000000200001d4                rx_buffer
 .bss.rx_flag   0x00000000200002d4        0x1 build/user_interface.o
                0x00000000200002d4                rx_flag
 .bss.rx_size   0x00000000200002d5        0x1 build/user_interface.o
                0x00000000200002d5                rx_size
 *fill*         0x00000000200002d6        0x2 
 .bss.emulator_enabled
                0x00000000200002d8        0x4 build/wave_emulator.o
                0x00000000200002d8                emulator_enabled
 .bss.old_emulator_enabled
                0x00000000200002dc        0x4 build/wave_emulator.o
                0x00000000200002dc                old_emulator_enabled
 *(COMMON)
 COMMON         0x00000000200002e0       0xd4 build/dac.o
                0x00000000200002e0                hdma_dac1_ch2
                0x0000000020000340                hdac1
                0x0000000020000354                hdma_dac1_ch1
 COMMON         0x00000000200003b4      0x1e0 build/usart.o
                0x00000000200003b4                hlpuart1
                0x0000000020000444                huart1
                0x00000000200004d4                hdma_lpuart1_tx
                0x0000000020000534                hdma_lpuart1_rx
 COMMON         0x0000000020000594       0x4c build/tim.o
                0x0000000020000594                htim8
 COMMON         0x00000000200005e0        0x4 build/stm32g4xx_hal.o
                0x00000000200005e0                uwTick
                0x00000000200005e4                . = ALIGN (0x4)
                0x00000000200005e4                _ebss = .
                0x00000000200005e4                __bss_end__ = _ebss

._user_heap_stack
                0x00000000200005e4      0x604 load address 0x0000000008005318
                0x00000000200005e8                . = ALIGN (0x8)
 *fill*         0x00000000200005e4        0x4 
                [!provide]                        PROVIDE (end = .)
                [!provide]                        PROVIDE (_end = .)
                0x00000000200007e8                . = (. + _Min_Heap_Size)
 *fill*         0x00000000200005e8      0x200 
                0x0000000020000be8                . = (. + _Min_Stack_Size)
 *fill*         0x00000000200007e8      0x400 
                0x0000000020000be8                . = ALIGN (0x8)

/DISCARD/
 libc.a(*)
 libm.a(*)
 libgcc.a(*)

.ARM.attributes
                0x0000000000000000       0x30
 *(.ARM.attributes)
 .ARM.attributes
                0x0000000000000000       0x1e /usr/lib/gcc/arm-none-eabi/8.3.1/thumb/v7e-m+fp/hard/crti.o
 .ARM.attributes
                0x000000000000001e       0x34 /usr/lib/gcc/arm-none-eabi/8.3.1/thumb/v7e-m+fp/hard/crtbegin.o
 .ARM.attributes
                0x0000000000000052       0x34 build/main.o
 .ARM.attributes
                0x0000000000000086       0x34 build/gpio.o
 .ARM.attributes
                0x00000000000000ba       0x34 build/dac.o
 .ARM.attributes
                0x00000000000000ee       0x34 build/dma.o
 .ARM.attributes
                0x0000000000000122       0x34 build/usart.o
 .ARM.attributes
                0x0000000000000156       0x34 build/tim.o
 .ARM.attributes
                0x000000000000018a       0x34 build/stm32g4xx_it.o
 .ARM.attributes
                0x00000000000001be       0x34 build/stm32g4xx_hal_msp.o
 .ARM.attributes
                0x00000000000001f2       0x34 build/stm32g4xx_hal_dac.o
 .ARM.attributes
                0x0000000000000226       0x34 build/stm32g4xx_hal_dac_ex.o
 .ARM.attributes
                0x000000000000025a       0x34 build/stm32g4xx_hal.o
 .ARM.attributes
                0x000000000000028e       0x34 build/stm32g4xx_hal_rcc.o
 .ARM.attributes
                0x00000000000002c2       0x34 build/stm32g4xx_hal_rcc_ex.o
 .ARM.attributes
                0x00000000000002f6       0x34 build/stm32g4xx_hal_gpio.o
 .ARM.attributes
                0x000000000000032a       0x34 build/stm32g4xx_hal_dma.o
 .ARM.attributes
                0x000000000000035e       0x34 build/stm32g4xx_hal_pwr_ex.o
 .ARM.attributes
                0x0000000000000392       0x34 build/stm32g4xx_hal_cortex.o
 .ARM.attributes
                0x00000000000003c6       0x34 build/stm32g4xx_hal_uart.o
 .ARM.attributes
                0x00000000000003fa       0x34 build/stm32g4xx_hal_uart_ex.o
 .ARM.attributes
                0x000000000000042e       0x34 build/stm32g4xx_hal_tim.o
 .ARM.attributes
                0x0000000000000462       0x34 build/stm32g4xx_hal_tim_ex.o
 .ARM.attributes
                0x0000000000000496       0x34 build/system_stm32g4xx.o
 .ARM.attributes
                0x00000000000004ca       0x34 build/hall_swapper.o
 .ARM.attributes
                0x00000000000004fe       0x39 build/real_waveforms.o
 .ARM.attributes
                0x0000000000000537       0x34 build/user_interface.o
 .ARM.attributes
                0x000000000000056b       0x34 build/wave_emulator.o
 .ARM.attributes
                0x000000000000059f       0x21 build/startup_stm32g431rbtx.o
 .ARM.attributes
                0x00000000000005c0       0x34 /usr/lib/gcc/arm-none-eabi/8.3.1/../../../arm-none-eabi/lib/thumb/v7e-m+fp/hard/libc_nano.a(lib_a-init.o)
 .ARM.attributes
                0x00000000000005f4       0x34 /usr/lib/gcc/arm-none-eabi/8.3.1/../../../arm-none-eabi/lib/thumb/v7e-m+fp/hard/libc_nano.a(lib_a-memset.o)
 .ARM.attributes
                0x0000000000000628       0x34 /usr/lib/gcc/arm-none-eabi/8.3.1/../../../arm-none-eabi/lib/thumb/v7e-m+fp/hard/libc_nano.a(lib_a-strstr.o)
 .ARM.attributes
                0x000000000000065c       0x34 /usr/lib/gcc/arm-none-eabi/8.3.1/../../../arm-none-eabi/lib/thumb/v7e-m+fp/hard/libc_nano.a(lib_a-memcmp.o)
 .ARM.attributes
                0x0000000000000690       0x34 /usr/lib/gcc/arm-none-eabi/8.3.1/../../../arm-none-eabi/lib/thumb/v7e-m+fp/hard/libc_nano.a(lib_a-strchr.o)
 .ARM.attributes
                0x00000000000006c4       0x1c /usr/lib/gcc/arm-none-eabi/8.3.1/../../../arm-none-eabi/lib/thumb/v7e-m+fp/hard/libc_nano.a(lib_a-strlen.o)
 .ARM.attributes
                0x00000000000006e0       0x34 /usr/lib/gcc/arm-none-eabi/8.3.1/../../../arm-none-eabi/lib/thumb/v7e-m+fp/hard/libc_nano.a(lib_a-strnlen.o)
 .ARM.attributes
                0x0000000000000714       0x1e /usr/lib/gcc/arm-none-eabi/8.3.1/thumb/v7e-m+fp/hard/libgcc.a(_aeabi_uldivmod.o)
 .ARM.attributes
                0x0000000000000732       0x34 /usr/lib/gcc/arm-none-eabi/8.3.1/thumb/v7e-m+fp/hard/libgcc.a(_udivmoddi4.o)
 .ARM.attributes
                0x0000000000000766       0x1e /usr/lib/gcc/arm-none-eabi/8.3.1/thumb/v7e-m+fp/hard/libgcc.a(_dvmd_tls.o)
 .ARM.attributes
                0x0000000000000784       0x32 /usr/lib/gcc/arm-none-eabi/8.3.1/thumb/v7e-m+fp/hard/crtend.o
 .ARM.attributes
                0x00000000000007b6       0x1e /usr/lib/gcc/arm-none-eabi/8.3.1/thumb/v7e-m+fp/hard/crtn.o
OUTPUT(build/hall_error_emulator_nucleo-G431RB.elf elf32-littlearm)
LOAD linker stubs
LOAD /usr/lib/gcc/arm-none-eabi/8.3.1/../../../arm-none-eabi/lib/thumb/v7e-m+fp/hard/libc.a
LOAD /usr/lib/gcc/arm-none-eabi/8.3.1/../../../arm-none-eabi/lib/thumb/v7e-m+fp/hard/libm.a
LOAD /usr/lib/gcc/arm-none-eabi/8.3.1/thumb/v7e-m+fp/hard/libgcc.a

.comment        0x0000000000000000       0x9f
 .comment       0x0000000000000000       0x51 /usr/lib/gcc/arm-none-eabi/8.3.1/thumb/v7e-m+fp/hard/crtbegin.o
                                         0x52 (size before relaxing)
 .comment       0x0000000000000051       0x52 build/main.o
 .comment       0x0000000000000051       0x52 build/gpio.o
 .comment       0x0000000000000051       0x52 build/dac.o
 .comment       0x0000000000000051       0x52 build/dma.o
 .comment       0x0000000000000051       0x52 build/usart.o
 .comment       0x0000000000000051       0x52 build/tim.o
 .comment       0x0000000000000051       0x52 build/stm32g4xx_it.o
 .comment       0x0000000000000051       0x52 build/stm32g4xx_hal_msp.o
 .comment       0x0000000000000051       0x52 build/stm32g4xx_hal_dac.o
 .comment       0x0000000000000051       0x52 build/stm32g4xx_hal_dac_ex.o
 .comment       0x0000000000000051       0x52 build/stm32g4xx_hal.o
 .comment       0x0000000000000051       0x52 build/stm32g4xx_hal_rcc.o
 .comment       0x0000000000000051       0x52 build/stm32g4xx_hal_rcc_ex.o
 .comment       0x0000000000000051       0x52 build/stm32g4xx_hal_gpio.o
 .comment       0x0000000000000051       0x52 build/stm32g4xx_hal_dma.o
 .comment       0x0000000000000051       0x52 build/stm32g4xx_hal_pwr_ex.o
 .comment       0x0000000000000051       0x52 build/stm32g4xx_hal_cortex.o
 .comment       0x0000000000000051       0x52 build/stm32g4xx_hal_uart.o
 .comment       0x0000000000000051       0x52 build/stm32g4xx_hal_uart_ex.o
 .comment       0x0000000000000051       0x52 build/stm32g4xx_hal_tim.o
 .comment       0x0000000000000051       0x52 build/stm32g4xx_hal_tim_ex.o
 .comment       0x0000000000000051       0x52 build/system_stm32g4xx.o
 .comment       0x0000000000000051       0x52 build/hall_swapper.o
 .comment       0x0000000000000051       0x52 build/real_waveforms.o
 .comment       0x0000000000000051       0x52 build/user_interface.o
 .comment       0x0000000000000051       0x52 build/wave_emulator.o
 .comment       0x0000000000000051       0x4e /usr/lib/gcc/arm-none-eabi/8.3.1/../../../arm-none-eabi/lib/thumb/v7e-m+fp/hard/libc_nano.a(lib_a-init.o)
                                         0x4f (size before relaxing)
 .comment       0x000000000000009f       0x4f /usr/lib/gcc/arm-none-eabi/8.3.1/../../../arm-none-eabi/lib/thumb/v7e-m+fp/hard/libc_nano.a(lib_a-memset.o)
 .comment       0x000000000000009f       0x4f /usr/lib/gcc/arm-none-eabi/8.3.1/../../../arm-none-eabi/lib/thumb/v7e-m+fp/hard/libc_nano.a(lib_a-strstr.o)
 .comment       0x000000000000009f       0x4f /usr/lib/gcc/arm-none-eabi/8.3.1/../../../arm-none-eabi/lib/thumb/v7e-m+fp/hard/libc_nano.a(lib_a-memcmp.o)
 .comment       0x000000000000009f       0x4f /usr/lib/gcc/arm-none-eabi/8.3.1/../../../arm-none-eabi/lib/thumb/v7e-m+fp/hard/libc_nano.a(lib_a-strchr.o)
 .comment       0x000000000000009f       0x4f /usr/lib/gcc/arm-none-eabi/8.3.1/../../../arm-none-eabi/lib/thumb/v7e-m+fp/hard/libc_nano.a(lib_a-strnlen.o)
 .comment       0x000000000000009f       0x52 /usr/lib/gcc/arm-none-eabi/8.3.1/thumb/v7e-m+fp/hard/libgcc.a(_udivmoddi4.o)
 .comment       0x000000000000009f       0x52 /usr/lib/gcc/arm-none-eabi/8.3.1/thumb/v7e-m+fp/hard/crtend.o

.debug_info     0x0000000000000000    0x281c6
 .debug_info    0x0000000000000000     0x1655 build/main.o
 .debug_info    0x0000000000001655      0x7f5 build/gpio.o
 .debug_info    0x0000000000001e4a     0x103c build/dac.o
 .debug_info    0x0000000000002e86      0x861 build/dma.o
 .debug_info    0x00000000000036e7     0x15de build/usart.o
 .debug_info    0x0000000000004cc5     0x11b9 build/tim.o
 .debug_info    0x0000000000005e7e     0x1151 build/stm32g4xx_it.o
 .debug_info    0x0000000000006fcf      0x5b6 build/stm32g4xx_hal_msp.o
 .debug_info    0x0000000000007585     0x11a1 build/stm32g4xx_hal_dac.o
 .debug_info    0x0000000000008726     0x1250 build/stm32g4xx_hal_dac_ex.o
 .debug_info    0x0000000000009976      0xe85 build/stm32g4xx_hal.o
 .debug_info    0x000000000000a7fb     0x116b build/stm32g4xx_hal_rcc.o
 .debug_info    0x000000000000b966     0x1232 build/stm32g4xx_hal_rcc_ex.o
 .debug_info    0x000000000000cb98      0xb2a build/stm32g4xx_hal_gpio.o
 .debug_info    0x000000000000d6c2      0xcd9 build/stm32g4xx_hal_dma.o
 .debug_info    0x000000000000e39b      0xd15 build/stm32g4xx_hal_pwr_ex.o
 .debug_info    0x000000000000f0b0     0x1314 build/stm32g4xx_hal_cortex.o
 .debug_info    0x00000000000103c4     0x6d8c build/stm32g4xx_hal_uart.o
 .debug_info    0x0000000000017150     0x154d build/stm32g4xx_hal_uart_ex.o
 .debug_info    0x000000000001869d     0x4566 build/stm32g4xx_hal_tim.o
 .debug_info    0x000000000001cc03     0x28ac build/stm32g4xx_hal_tim_ex.o
 .debug_info    0x000000000001f4af      0x7ed build/system_stm32g4xx.o
 .debug_info    0x000000000001fc9c      0x71f build/hall_swapper.o
 .debug_info    0x00000000000203bb      0x3b2 build/real_waveforms.o
 .debug_info    0x000000000002076d     0x1f17 build/user_interface.o
 .debug_info    0x0000000000022684      0xf4c build/wave_emulator.o
 .debug_info    0x00000000000235d0       0x22 build/startup_stm32g431rbtx.o
 .debug_info    0x00000000000235f2      0x11a /usr/lib/gcc/arm-none-eabi/8.3.1/../../../arm-none-eabi/lib/thumb/v7e-m+fp/hard/libc_nano.a(lib_a-init.o)
 .debug_info    0x000000000002370c      0xf21 /usr/lib/gcc/arm-none-eabi/8.3.1/../../../arm-none-eabi/lib/thumb/v7e-m+fp/hard/libc_nano.a(lib_a-memset.o)
 .debug_info    0x000000000002462d      0xff2 /usr/lib/gcc/arm-none-eabi/8.3.1/../../../arm-none-eabi/lib/thumb/v7e-m+fp/hard/libc_nano.a(lib_a-strstr.o)
 .debug_info    0x000000000002561f      0x9c2 /usr/lib/gcc/arm-none-eabi/8.3.1/../../../arm-none-eabi/lib/thumb/v7e-m+fp/hard/libc_nano.a(lib_a-memcmp.o)
 .debug_info    0x0000000000025fe1      0x9b9 /usr/lib/gcc/arm-none-eabi/8.3.1/../../../arm-none-eabi/lib/thumb/v7e-m+fp/hard/libc_nano.a(lib_a-strchr.o)
 .debug_info    0x000000000002699a       0x26 /usr/lib/gcc/arm-none-eabi/8.3.1/../../../arm-none-eabi/lib/thumb/v7e-m+fp/hard/libc_nano.a(lib_a-strlen.o)
 .debug_info    0x00000000000269c0      0x967 /usr/lib/gcc/arm-none-eabi/8.3.1/../../../arm-none-eabi/lib/thumb/v7e-m+fp/hard/libc_nano.a(lib_a-strnlen.o)
 .debug_info    0x0000000000027327       0x26 /usr/lib/gcc/arm-none-eabi/8.3.1/thumb/v7e-m+fp/hard/libgcc.a(_aeabi_uldivmod.o)
 .debug_info    0x000000000002734d      0xe53 /usr/lib/gcc/arm-none-eabi/8.3.1/thumb/v7e-m+fp/hard/libgcc.a(_udivmoddi4.o)
 .debug_info    0x00000000000281a0       0x26 /usr/lib/gcc/arm-none-eabi/8.3.1/thumb/v7e-m+fp/hard/libgcc.a(_dvmd_tls.o)

.debug_abbrev   0x0000000000000000     0x48be
 .debug_abbrev  0x0000000000000000      0x256 build/main.o
 .debug_abbrev  0x0000000000000256      0x17e build/gpio.o
 .debug_abbrev  0x00000000000003d4      0x20b build/dac.o
 .debug_abbrev  0x00000000000005df      0x176 build/dma.o
 .debug_abbrev  0x0000000000000755      0x20c build/usart.o
 .debug_abbrev  0x0000000000000961      0x20b build/tim.o
 .debug_abbrev  0x0000000000000b6c      0x1de build/stm32g4xx_it.o
 .debug_abbrev  0x0000000000000d4a      0x154 build/stm32g4xx_hal_msp.o
 .debug_abbrev  0x0000000000000e9e      0x22f build/stm32g4xx_hal_dac.o
 .debug_abbrev  0x00000000000010cd      0x29a build/stm32g4xx_hal_dac_ex.o
 .debug_abbrev  0x0000000000001367      0x26c build/stm32g4xx_hal.o
 .debug_abbrev  0x00000000000015d3      0x2ac build/stm32g4xx_hal_rcc.o
 .debug_abbrev  0x000000000000187f      0x28f build/stm32g4xx_hal_rcc_ex.o
 .debug_abbrev  0x0000000000001b0e      0x24f build/stm32g4xx_hal_gpio.o
 .debug_abbrev  0x0000000000001d5d      0x290 build/stm32g4xx_hal_dma.o
 .debug_abbrev  0x0000000000001fed      0x266 build/stm32g4xx_hal_pwr_ex.o
 .debug_abbrev  0x0000000000002253      0x3aa build/stm32g4xx_hal_cortex.o
 .debug_abbrev  0x00000000000025fd      0x351 build/stm32g4xx_hal_uart.o
 .debug_abbrev  0x000000000000294e      0x32e build/stm32g4xx_hal_uart_ex.o
 .debug_abbrev  0x0000000000002c7c      0x2cf build/stm32g4xx_hal_tim.o
 .debug_abbrev  0x0000000000002f4b      0x2cb build/stm32g4xx_hal_tim_ex.o
 .debug_abbrev  0x0000000000003216      0x16a build/system_stm32g4xx.o
 .debug_abbrev  0x0000000000003380      0x1e8 build/hall_swapper.o
 .debug_abbrev  0x0000000000003568       0xc6 build/real_waveforms.o
 .debug_abbrev  0x000000000000362e      0x3c6 build/user_interface.o
 .debug_abbrev  0x00000000000039f4      0x1cf build/wave_emulator.o
 .debug_abbrev  0x0000000000003bc3       0x12 build/startup_stm32g431rbtx.o
 .debug_abbrev  0x0000000000003bd5       0xcc /usr/lib/gcc/arm-none-eabi/8.3.1/../../../arm-none-eabi/lib/thumb/v7e-m+fp/hard/libc_nano.a(lib_a-init.o)
 .debug_abbrev  0x0000000000003ca1      0x1d9 /usr/lib/gcc/arm-none-eabi/8.3.1/../../../arm-none-eabi/lib/thumb/v7e-m+fp/hard/libc_nano.a(lib_a-memset.o)
 .debug_abbrev  0x0000000000003e7a      0x331 /usr/lib/gcc/arm-none-eabi/8.3.1/../../../arm-none-eabi/lib/thumb/v7e-m+fp/hard/libc_nano.a(lib_a-strstr.o)
 .debug_abbrev  0x00000000000041ab      0x1af /usr/lib/gcc/arm-none-eabi/8.3.1/../../../arm-none-eabi/lib/thumb/v7e-m+fp/hard/libc_nano.a(lib_a-memcmp.o)
 .debug_abbrev  0x000000000000435a      0x1be /usr/lib/gcc/arm-none-eabi/8.3.1/../../../arm-none-eabi/lib/thumb/v7e-m+fp/hard/libc_nano.a(lib_a-strchr.o)
 .debug_abbrev  0x0000000000004518       0x14 /usr/lib/gcc/arm-none-eabi/8.3.1/../../../arm-none-eabi/lib/thumb/v7e-m+fp/hard/libc_nano.a(lib_a-strlen.o)
 .debug_abbrev  0x000000000000452c      0x1a8 /usr/lib/gcc/arm-none-eabi/8.3.1/../../../arm-none-eabi/lib/thumb/v7e-m+fp/hard/libc_nano.a(lib_a-strnlen.o)
 .debug_abbrev  0x00000000000046d4       0x14 /usr/lib/gcc/arm-none-eabi/8.3.1/thumb/v7e-m+fp/hard/libgcc.a(_aeabi_uldivmod.o)
 .debug_abbrev  0x00000000000046e8      0x1c2 /usr/lib/gcc/arm-none-eabi/8.3.1/thumb/v7e-m+fp/hard/libgcc.a(_udivmoddi4.o)
 .debug_abbrev  0x00000000000048aa       0x14 /usr/lib/gcc/arm-none-eabi/8.3.1/thumb/v7e-m+fp/hard/libgcc.a(_dvmd_tls.o)

.debug_loc      0x0000000000000000    0x1983b
 .debug_loc     0x0000000000000000       0x66 build/main.o
 .debug_loc     0x0000000000000066       0x38 build/gpio.o
 .debug_loc     0x000000000000009e      0x119 build/dac.o
 .debug_loc     0x00000000000001b7       0x38 build/dma.o
 .debug_loc     0x00000000000001ef      0x124 build/usart.o
 .debug_loc     0x0000000000000313      0x103 build/tim.o
 .debug_loc     0x0000000000000416       0xe0 build/stm32g4xx_it.o
 .debug_loc     0x00000000000004f6       0x38 build/stm32g4xx_hal_msp.o
 .debug_loc     0x000000000000052e      0xa83 build/stm32g4xx_hal_dac.o
 .debug_loc     0x0000000000000fb1      0xdb8 build/stm32g4xx_hal_dac_ex.o
 .debug_loc     0x0000000000001d69      0x343 build/stm32g4xx_hal.o
 .debug_loc     0x00000000000020ac      0x9e4 build/stm32g4xx_hal_rcc.o
 .debug_loc     0x0000000000002a90     0x149a build/stm32g4xx_hal_rcc_ex.o
 .debug_loc     0x0000000000003f2a      0x3f4 build/stm32g4xx_hal_gpio.o
 .debug_loc     0x000000000000431e      0xa5a build/stm32g4xx_hal_dma.o
 .debug_loc     0x0000000000004d78      0xa4b build/stm32g4xx_hal_pwr_ex.o
 .debug_loc     0x00000000000057c3      0x782 build/stm32g4xx_hal_cortex.o
 .debug_loc     0x0000000000005f45     0x61da build/stm32g4xx_hal_uart.o
 .debug_loc     0x000000000000c11f      0xd01 build/stm32g4xx_hal_uart_ex.o
 .debug_loc     0x000000000000ce20     0x6930 build/stm32g4xx_hal_tim.o
 .debug_loc     0x0000000000013750     0x3324 build/stm32g4xx_hal_tim_ex.o
 .debug_loc     0x0000000000016a74       0x90 build/system_stm32g4xx.o
 .debug_loc     0x0000000000016b04       0x60 build/hall_swapper.o
 .debug_loc     0x0000000000016b64      0x69e build/user_interface.o
 .debug_loc     0x0000000000017202       0x78 build/wave_emulator.o
 .debug_loc     0x000000000001727a       0xba /usr/lib/gcc/arm-none-eabi/8.3.1/../../../arm-none-eabi/lib/thumb/v7e-m+fp/hard/libc_nano.a(lib_a-init.o)
 .debug_loc     0x0000000000017334      0x231 /usr/lib/gcc/arm-none-eabi/8.3.1/../../../arm-none-eabi/lib/thumb/v7e-m+fp/hard/libc_nano.a(lib_a-memset.o)
 .debug_loc     0x0000000000017565      0xd74 /usr/lib/gcc/arm-none-eabi/8.3.1/../../../arm-none-eabi/lib/thumb/v7e-m+fp/hard/libc_nano.a(lib_a-strstr.o)
 .debug_loc     0x00000000000182d9      0x196 /usr/lib/gcc/arm-none-eabi/8.3.1/../../../arm-none-eabi/lib/thumb/v7e-m+fp/hard/libc_nano.a(lib_a-memcmp.o)
 .debug_loc     0x000000000001846f      0x25b /usr/lib/gcc/arm-none-eabi/8.3.1/../../../arm-none-eabi/lib/thumb/v7e-m+fp/hard/libc_nano.a(lib_a-strchr.o)
 .debug_loc     0x00000000000186ca      0x15d /usr/lib/gcc/arm-none-eabi/8.3.1/../../../arm-none-eabi/lib/thumb/v7e-m+fp/hard/libc_nano.a(lib_a-strnlen.o)
 .debug_loc     0x0000000000018827     0x1014 /usr/lib/gcc/arm-none-eabi/8.3.1/thumb/v7e-m+fp/hard/libgcc.a(_udivmoddi4.o)

.debug_aranges  0x0000000000000000     0x1420
 .debug_aranges
                0x0000000000000000       0x30 build/main.o
 .debug_aranges
                0x0000000000000030       0x20 build/gpio.o
 .debug_aranges
                0x0000000000000050       0x30 build/dac.o
 .debug_aranges
                0x0000000000000080       0x20 build/dma.o
 .debug_aranges
                0x00000000000000a0       0x38 build/usart.o
 .debug_aranges
                0x00000000000000d8       0x30 build/tim.o
 .debug_aranges
                0x0000000000000108       0x90 build/stm32g4xx_it.o
 .debug_aranges
                0x0000000000000198       0x20 build/stm32g4xx_hal_msp.o
 .debug_aranges
                0x00000000000001b8       0xc0 build/stm32g4xx_hal_dac.o
 .debug_aranges
                0x0000000000000278       0xc0 build/stm32g4xx_hal_dac_ex.o
 .debug_aranges
                0x0000000000000338      0x130 build/stm32g4xx_hal.o
 .debug_aranges
                0x0000000000000468       0x98 build/stm32g4xx_hal_rcc.o
 .debug_aranges
                0x0000000000000500       0xb0 build/stm32g4xx_hal_rcc_ex.o
 .debug_aranges
                0x00000000000005b0       0x58 build/stm32g4xx_hal_gpio.o
 .debug_aranges
                0x0000000000000608       0x90 build/stm32g4xx_hal_dma.o
 .debug_aranges
                0x0000000000000698      0x140 build/stm32g4xx_hal_pwr_ex.o
 .debug_aranges
                0x00000000000007d8       0xa8 build/stm32g4xx_hal_cortex.o
 .debug_aranges
                0x0000000000000880      0x248 build/stm32g4xx_hal_uart.o
 .debug_aranges
                0x0000000000000ac8       0xa0 build/stm32g4xx_hal_uart_ex.o
 .debug_aranges
                0x0000000000000b68      0x3e0 build/stm32g4xx_hal_tim.o
 .debug_aranges
                0x0000000000000f48      0x240 build/stm32g4xx_hal_tim_ex.o
 .debug_aranges
                0x0000000000001188       0x28 build/system_stm32g4xx.o
 .debug_aranges
                0x00000000000011b0       0x48 build/hall_swapper.o
 .debug_aranges
                0x00000000000011f8       0x18 build/real_waveforms.o
 .debug_aranges
                0x0000000000001210       0x78 build/user_interface.o
 .debug_aranges
                0x0000000000001288       0x30 build/wave_emulator.o
 .debug_aranges
                0x00000000000012b8       0x28 build/startup_stm32g431rbtx.o
 .debug_aranges
                0x00000000000012e0       0x20 /usr/lib/gcc/arm-none-eabi/8.3.1/../../../arm-none-eabi/lib/thumb/v7e-m+fp/hard/libc_nano.a(lib_a-init.o)
 .debug_aranges
                0x0000000000001300       0x20 /usr/lib/gcc/arm-none-eabi/8.3.1/../../../arm-none-eabi/lib/thumb/v7e-m+fp/hard/libc_nano.a(lib_a-memset.o)
 .debug_aranges
                0x0000000000001320       0x20 /usr/lib/gcc/arm-none-eabi/8.3.1/../../../arm-none-eabi/lib/thumb/v7e-m+fp/hard/libc_nano.a(lib_a-strstr.o)
 .debug_aranges
                0x0000000000001340       0x20 /usr/lib/gcc/arm-none-eabi/8.3.1/../../../arm-none-eabi/lib/thumb/v7e-m+fp/hard/libc_nano.a(lib_a-memcmp.o)
 .debug_aranges
                0x0000000000001360       0x20 /usr/lib/gcc/arm-none-eabi/8.3.1/../../../arm-none-eabi/lib/thumb/v7e-m+fp/hard/libc_nano.a(lib_a-strchr.o)
 .debug_aranges
                0x0000000000001380       0x20 /usr/lib/gcc/arm-none-eabi/8.3.1/../../../arm-none-eabi/lib/thumb/v7e-m+fp/hard/libc_nano.a(lib_a-strlen.o)
 .debug_aranges
                0x00000000000013a0       0x20 /usr/lib/gcc/arm-none-eabi/8.3.1/../../../arm-none-eabi/lib/thumb/v7e-m+fp/hard/libc_nano.a(lib_a-strnlen.o)
 .debug_aranges
                0x00000000000013c0       0x20 /usr/lib/gcc/arm-none-eabi/8.3.1/thumb/v7e-m+fp/hard/libgcc.a(_aeabi_uldivmod.o)
 .debug_aranges
                0x00000000000013e0       0x20 /usr/lib/gcc/arm-none-eabi/8.3.1/thumb/v7e-m+fp/hard/libgcc.a(_udivmoddi4.o)
 .debug_aranges
                0x0000000000001400       0x20 /usr/lib/gcc/arm-none-eabi/8.3.1/thumb/v7e-m+fp/hard/libgcc.a(_dvmd_tls.o)

.debug_ranges   0x0000000000000000     0x13b8
 .debug_ranges  0x0000000000000000       0x20 build/main.o
 .debug_ranges  0x0000000000000020       0x10 build/gpio.o
 .debug_ranges  0x0000000000000030       0x20 build/dac.o
 .debug_ranges  0x0000000000000050       0x10 build/dma.o
 .debug_ranges  0x0000000000000060       0x28 build/usart.o
 .debug_ranges  0x0000000000000088       0x20 build/tim.o
 .debug_ranges  0x00000000000000a8       0x80 build/stm32g4xx_it.o
 .debug_ranges  0x0000000000000128       0x10 build/stm32g4xx_hal_msp.o
 .debug_ranges  0x0000000000000138       0xb0 build/stm32g4xx_hal_dac.o
 .debug_ranges  0x00000000000001e8       0xb0 build/stm32g4xx_hal_dac_ex.o
 .debug_ranges  0x0000000000000298      0x120 build/stm32g4xx_hal.o
 .debug_ranges  0x00000000000003b8       0xa0 build/stm32g4xx_hal_rcc.o
 .debug_ranges  0x0000000000000458       0xb8 build/stm32g4xx_hal_rcc_ex.o
 .debug_ranges  0x0000000000000510       0x48 build/stm32g4xx_hal_gpio.o
 .debug_ranges  0x0000000000000558       0x80 build/stm32g4xx_hal_dma.o
 .debug_ranges  0x00000000000005d8      0x130 build/stm32g4xx_hal_pwr_ex.o
 .debug_ranges  0x0000000000000708       0xe0 build/stm32g4xx_hal_cortex.o
 .debug_ranges  0x00000000000007e8      0x250 build/stm32g4xx_hal_uart.o
 .debug_ranges  0x0000000000000a38       0x90 build/stm32g4xx_hal_uart_ex.o
 .debug_ranges  0x0000000000000ac8      0x3d0 build/stm32g4xx_hal_tim.o
 .debug_ranges  0x0000000000000e98      0x230 build/stm32g4xx_hal_tim_ex.o
 .debug_ranges  0x00000000000010c8       0x18 build/system_stm32g4xx.o
 .debug_ranges  0x00000000000010e0       0x38 build/hall_swapper.o
 .debug_ranges  0x0000000000001118       0xe0 build/user_interface.o
 .debug_ranges  0x00000000000011f8       0x20 build/wave_emulator.o
 .debug_ranges  0x0000000000001218       0x20 build/startup_stm32g431rbtx.o
 .debug_ranges  0x0000000000001238       0x98 /usr/lib/gcc/arm-none-eabi/8.3.1/../../../arm-none-eabi/lib/thumb/v7e-m+fp/hard/libc_nano.a(lib_a-strstr.o)
 .debug_ranges  0x00000000000012d0       0x10 /usr/lib/gcc/arm-none-eabi/8.3.1/../../../arm-none-eabi/lib/thumb/v7e-m+fp/hard/libc_nano.a(lib_a-strnlen.o)
 .debug_ranges  0x00000000000012e0       0xd8 /usr/lib/gcc/arm-none-eabi/8.3.1/thumb/v7e-m+fp/hard/libgcc.a(_udivmoddi4.o)

.debug_line     0x0000000000000000    0x17526
 .debug_line    0x0000000000000000      0x39f build/main.o
 .debug_line    0x000000000000039f      0x217 build/gpio.o
 .debug_line    0x00000000000005b6      0x3a6 build/dac.o
 .debug_line    0x000000000000095c      0x198 build/dma.o
 .debug_line    0x0000000000000af4      0x526 build/usart.o
 .debug_line    0x000000000000101a      0x2db build/tim.o
 .debug_line    0x00000000000012f5      0x326 build/stm32g4xx_it.o
 .debug_line    0x000000000000161b      0x1a0 build/stm32g4xx_hal_msp.o
 .debug_line    0x00000000000017bb      0xa38 build/stm32g4xx_hal_dac.o
 .debug_line    0x00000000000021f3      0xa08 build/stm32g4xx_hal_dac_ex.o
 .debug_line    0x0000000000002bfb      0x61f build/stm32g4xx_hal.o
 .debug_line    0x000000000000321a      0xd4e build/stm32g4xx_hal_rcc.o
 .debug_line    0x0000000000003f68      0xfc9 build/stm32g4xx_hal_rcc_ex.o
 .debug_line    0x0000000000004f31      0x680 build/stm32g4xx_hal_gpio.o
 .debug_line    0x00000000000055b1      0xbf6 build/stm32g4xx_hal_dma.o
 .debug_line    0x00000000000061a7      0xa0e build/stm32g4xx_hal_pwr_ex.o
 .debug_line    0x0000000000006bb5      0x73b build/stm32g4xx_hal_cortex.o
 .debug_line    0x00000000000072f0     0x5a5f build/stm32g4xx_hal_uart.o
 .debug_line    0x000000000000cd4f      0xbef build/stm32g4xx_hal_uart_ex.o
 .debug_line    0x000000000000d93e     0x4f32 build/stm32g4xx_hal_tim.o
 .debug_line    0x0000000000012870     0x2409 build/stm32g4xx_hal_tim_ex.o
 .debug_line    0x0000000000014c79      0x22f build/system_stm32g4xx.o
 .debug_line    0x0000000000014ea8      0x31f build/hall_swapper.o
 .debug_line    0x00000000000151c7      0x184 build/real_waveforms.o
 .debug_line    0x000000000001534b      0x732 build/user_interface.o
 .debug_line    0x0000000000015a7d      0x274 build/wave_emulator.o
 .debug_line    0x0000000000015cf1       0x86 build/startup_stm32g431rbtx.o
 .debug_line    0x0000000000015d77      0x10d /usr/lib/gcc/arm-none-eabi/8.3.1/../../../arm-none-eabi/lib/thumb/v7e-m+fp/hard/libc_nano.a(lib_a-init.o)
 .debug_line    0x0000000000015e84      0x26b /usr/lib/gcc/arm-none-eabi/8.3.1/../../../arm-none-eabi/lib/thumb/v7e-m+fp/hard/libc_nano.a(lib_a-memset.o)
 .debug_line    0x00000000000160ef      0x788 /usr/lib/gcc/arm-none-eabi/8.3.1/../../../arm-none-eabi/lib/thumb/v7e-m+fp/hard/libc_nano.a(lib_a-strstr.o)
 .debug_line    0x0000000000016877      0x1d4 /usr/lib/gcc/arm-none-eabi/8.3.1/../../../arm-none-eabi/lib/thumb/v7e-m+fp/hard/libc_nano.a(lib_a-memcmp.o)
 .debug_line    0x0000000000016a4b      0x21f /usr/lib/gcc/arm-none-eabi/8.3.1/../../../arm-none-eabi/lib/thumb/v7e-m+fp/hard/libc_nano.a(lib_a-strchr.o)
 .debug_line    0x0000000000016c6a       0xaf /usr/lib/gcc/arm-none-eabi/8.3.1/../../../arm-none-eabi/lib/thumb/v7e-m+fp/hard/libc_nano.a(lib_a-strlen.o)
 .debug_line    0x0000000000016d19      0x18e /usr/lib/gcc/arm-none-eabi/8.3.1/../../../arm-none-eabi/lib/thumb/v7e-m+fp/hard/libc_nano.a(lib_a-strnlen.o)
 .debug_line    0x0000000000016ea7       0x60 /usr/lib/gcc/arm-none-eabi/8.3.1/thumb/v7e-m+fp/hard/libgcc.a(_aeabi_uldivmod.o)
 .debug_line    0x0000000000016f07      0x5bf /usr/lib/gcc/arm-none-eabi/8.3.1/thumb/v7e-m+fp/hard/libgcc.a(_udivmoddi4.o)
 .debug_line    0x00000000000174c6       0x60 /usr/lib/gcc/arm-none-eabi/8.3.1/thumb/v7e-m+fp/hard/libgcc.a(_dvmd_tls.o)

.debug_str      0x0000000000000000     0x7f66
 .debug_str     0x0000000000000000     0x1003 build/main.o
                                       0x1160 (size before relaxing)
 .debug_str     0x0000000000001003      0x1e2 build/gpio.o
                                        0x649 (size before relaxing)
 .debug_str     0x00000000000011e5      0x1f1 build/dac.o
                                        0xc2b (size before relaxing)
 .debug_str     0x00000000000013d6      0x48c build/dma.o
                                        0xa1b (size before relaxing)
 .debug_str     0x0000000000001862      0x249 build/usart.o
                                       0x1276 (size before relaxing)
 .debug_str     0x0000000000001aab      0x13f build/tim.o
                                       0x118f (size before relaxing)
 .debug_str     0x0000000000001bea      0x19e build/stm32g4xx_it.o
                                        0xeca (size before relaxing)
 .debug_str     0x0000000000001d88       0x4a build/stm32g4xx_hal_msp.o
                                        0x5cd (size before relaxing)
 .debug_str     0x0000000000001dd2      0x239 build/stm32g4xx_hal_dac.o
                                        0xc39 (size before relaxing)
 .debug_str     0x000000000000200b      0x296 build/stm32g4xx_hal_dac_ex.o
                                        0xcc0 (size before relaxing)
 .debug_str     0x00000000000022a1      0x415 build/stm32g4xx_hal.o
                                        0xea8 (size before relaxing)
 .debug_str     0x00000000000026b6      0x2c7 build/stm32g4xx_hal_rcc.o
                                        0xa85 (size before relaxing)
 .debug_str     0x000000000000297d      0x3b9 build/stm32g4xx_hal_rcc_ex.o
                                        0xca1 (size before relaxing)
 .debug_str     0x0000000000002d36       0xc7 build/stm32g4xx_hal_gpio.o
                                        0x7cb (size before relaxing)
 .debug_str     0x0000000000002dfd      0x27d build/stm32g4xx_hal_dma.o
                                        0xa09 (size before relaxing)
 .debug_str     0x000000000000307a      0x4d3 build/stm32g4xx_hal_pwr_ex.o
                                        0xa5f (size before relaxing)
 .debug_str     0x000000000000354d      0x41a build/stm32g4xx_hal_cortex.o
                                        0xe05 (size before relaxing)
 .debug_str     0x0000000000003967      0x84f build/stm32g4xx_hal_uart.o
                                       0x1411 (size before relaxing)
 .debug_str     0x00000000000041b6      0x22c build/stm32g4xx_hal_uart_ex.o
                                        0xd4b (size before relaxing)
 .debug_str     0x00000000000043e2      0xed0 build/stm32g4xx_hal_tim.o
                                       0x1ab3 (size before relaxing)
 .debug_str     0x00000000000052b2      0x912 build/stm32g4xx_hal_tim_ex.o
                                       0x171b (size before relaxing)
 .debug_str     0x0000000000005bc4       0x3d build/system_stm32g4xx.o
                                        0x628 (size before relaxing)
 .debug_str     0x0000000000005c01       0x8b build/hall_swapper.o
                                        0x658 (size before relaxing)
 .debug_str     0x0000000000005c8c       0x1a build/real_waveforms.o
                                        0x4ab (size before relaxing)
 .debug_str     0x0000000000005ca6      0x66c build/user_interface.o
                                       0x1220 (size before relaxing)
 .debug_str     0x0000000000006312       0x4f build/wave_emulator.o
                                        0xc70 (size before relaxing)
 .debug_str     0x0000000000006361       0x33 build/startup_stm32g431rbtx.o
                                         0xee (size before relaxing)
 .debug_str     0x0000000000006394      0x188 /usr/lib/gcc/arm-none-eabi/8.3.1/../../../arm-none-eabi/lib/thumb/v7e-m+fp/hard/libc_nano.a(lib_a-init.o)
                                        0x229 (size before relaxing)
 .debug_str     0x000000000000651c      0x391 /usr/lib/gcc/arm-none-eabi/8.3.1/../../../arm-none-eabi/lib/thumb/v7e-m+fp/hard/libc_nano.a(lib_a-memset.o)
                                        0x90f (size before relaxing)
 .debug_str     0x00000000000068ad      0x112 /usr/lib/gcc/arm-none-eabi/8.3.1/../../../arm-none-eabi/lib/thumb/v7e-m+fp/hard/libc_nano.a(lib_a-strstr.o)
                                        0x6ea (size before relaxing)
 .debug_str     0x00000000000069bf       0x34 /usr/lib/gcc/arm-none-eabi/8.3.1/../../../arm-none-eabi/lib/thumb/v7e-m+fp/hard/libc_nano.a(lib_a-memcmp.o)
                                        0x5e6 (size before relaxing)
 .debug_str     0x00000000000069f3       0x34 /usr/lib/gcc/arm-none-eabi/8.3.1/../../../arm-none-eabi/lib/thumb/v7e-m+fp/hard/libc_nano.a(lib_a-strchr.o)
                                        0x5f1 (size before relaxing)
 .debug_str     0x0000000000006a27       0xb8 /usr/lib/gcc/arm-none-eabi/8.3.1/../../../arm-none-eabi/lib/thumb/v7e-m+fp/hard/libc_nano.a(lib_a-strlen.o)
 .debug_str     0x0000000000006adf       0x35 /usr/lib/gcc/arm-none-eabi/8.3.1/../../../arm-none-eabi/lib/thumb/v7e-m+fp/hard/libc_nano.a(lib_a-strnlen.o)
                                        0x5ee (size before relaxing)
 .debug_str     0x0000000000006b14       0xa3 /usr/lib/gcc/arm-none-eabi/8.3.1/thumb/v7e-m+fp/hard/libgcc.a(_aeabi_uldivmod.o)
 .debug_str     0x0000000000006bb7     0x137f /usr/lib/gcc/arm-none-eabi/8.3.1/thumb/v7e-m+fp/hard/libgcc.a(_udivmoddi4.o)
                                       0x1484 (size before relaxing)
 .debug_str     0x0000000000007f36       0x30 /usr/lib/gcc/arm-none-eabi/8.3.1/thumb/v7e-m+fp/hard/libgcc.a(_dvmd_tls.o)
                                         0xa7 (size before relaxing)

.debug_frame    0x0000000000000000     0x3264
 .debug_frame   0x0000000000000000       0x58 build/main.o
 .debug_frame   0x0000000000000058       0x34 build/gpio.o
 .debug_frame   0x000000000000008c       0x68 build/dac.o
 .debug_frame   0x00000000000000f4       0x2c build/dma.o
 .debug_frame   0x0000000000000120       0x7c build/usart.o
 .debug_frame   0x000000000000019c       0x64 build/tim.o
 .debug_frame   0x0000000000000200      0x138 build/stm32g4xx_it.o
 .debug_frame   0x0000000000000338       0x2c build/stm32g4xx_hal_msp.o
 .debug_frame   0x0000000000000364      0x204 build/stm32g4xx_hal_dac.o
 .debug_frame   0x0000000000000568      0x258 build/stm32g4xx_hal_dac_ex.o
 .debug_frame   0x00000000000007c0      0x274 build/stm32g4xx_hal.o
 .debug_frame   0x0000000000000a34      0x198 build/stm32g4xx_hal_rcc.o
 .debug_frame   0x0000000000000bcc      0x1a0 build/stm32g4xx_hal_rcc_ex.o
 .debug_frame   0x0000000000000d6c       0xd8 build/stm32g4xx_hal_gpio.o
 .debug_frame   0x0000000000000e44      0x178 build/stm32g4xx_hal_dma.o
 .debug_frame   0x0000000000000fbc      0x268 build/stm32g4xx_hal_pwr_ex.o
 .debug_frame   0x0000000000001224      0x15c build/stm32g4xx_hal_cortex.o
 .debug_frame   0x0000000000001380      0x674 build/stm32g4xx_hal_uart.o
 .debug_frame   0x00000000000019f4      0x1b8 build/stm32g4xx_hal_uart_ex.o
 .debug_frame   0x0000000000001bac      0xbf8 build/stm32g4xx_hal_tim.o
 .debug_frame   0x00000000000027a4      0x68c build/stm32g4xx_hal_tim_ex.o
 .debug_frame   0x0000000000002e30       0x30 build/system_stm32g4xx.o
 .debug_frame   0x0000000000002e60       0x90 build/hall_swapper.o
 .debug_frame   0x0000000000002ef0      0x130 build/user_interface.o
 .debug_frame   0x0000000000003020       0x68 build/wave_emulator.o
 .debug_frame   0x0000000000003088       0x2c /usr/lib/gcc/arm-none-eabi/8.3.1/../../../arm-none-eabi/lib/thumb/v7e-m+fp/hard/libc_nano.a(lib_a-init.o)
 .debug_frame   0x00000000000030b4       0x38 /usr/lib/gcc/arm-none-eabi/8.3.1/../../../arm-none-eabi/lib/thumb/v7e-m+fp/hard/libc_nano.a(lib_a-memset.o)
 .debug_frame   0x00000000000030ec       0x80 /usr/lib/gcc/arm-none-eabi/8.3.1/../../../arm-none-eabi/lib/thumb/v7e-m+fp/hard/libc_nano.a(lib_a-strstr.o)
 .debug_frame   0x000000000000316c       0x38 /usr/lib/gcc/arm-none-eabi/8.3.1/../../../arm-none-eabi/lib/thumb/v7e-m+fp/hard/libc_nano.a(lib_a-memcmp.o)
 .debug_frame   0x00000000000031a4       0x30 /usr/lib/gcc/arm-none-eabi/8.3.1/../../../arm-none-eabi/lib/thumb/v7e-m+fp/hard/libc_nano.a(lib_a-strchr.o)
 .debug_frame   0x00000000000031d4       0x30 /usr/lib/gcc/arm-none-eabi/8.3.1/../../../arm-none-eabi/lib/thumb/v7e-m+fp/hard/libc_nano.a(lib_a-strnlen.o)
 .debug_frame   0x0000000000003204       0x2c /usr/lib/gcc/arm-none-eabi/8.3.1/thumb/v7e-m+fp/hard/libgcc.a(_aeabi_uldivmod.o)
 .debug_frame   0x0000000000003230       0x34 /usr/lib/gcc/arm-none-eabi/8.3.1/thumb/v7e-m+fp/hard/libgcc.a(_udivmoddi4.o)

Cross Reference Table

Symbol                                            File
ADC1_2_IRQHandler                                 build/startup_stm32g431rbtx.o
AHBPrescTable                                     build/system_stm32g4xx.o
                                                  build/stm32g4xx_hal_rcc.o
APBPrescTable                                     build/system_stm32g4xx.o
                                                  build/stm32g4xx_hal_rcc.o
BusFault_Handler                                  build/stm32g4xx_it.o
COMP1_2_3_IRQHandler                              build/startup_stm32g431rbtx.o
COMP4_IRQHandler                                  build/startup_stm32g431rbtx.o
CORDIC_IRQHandler                                 build/startup_stm32g431rbtx.o
CRS_IRQHandler                                    build/startup_stm32g431rbtx.o
DAC_DMAConvCpltCh1                                build/stm32g4xx_hal_dac.o
                                                  build/stm32g4xx_hal_dac_ex.o
DAC_DMAConvCpltCh2                                build/stm32g4xx_hal_dac_ex.o
                                                  build/stm32g4xx_hal_dac.o
DAC_DMAErrorCh1                                   build/stm32g4xx_hal_dac.o
                                                  build/stm32g4xx_hal_dac_ex.o
DAC_DMAErrorCh2                                   build/stm32g4xx_hal_dac_ex.o
                                                  build/stm32g4xx_hal_dac.o
DAC_DMAHalfConvCpltCh1                            build/stm32g4xx_hal_dac.o
                                                  build/stm32g4xx_hal_dac_ex.o
DAC_DMAHalfConvCpltCh2                            build/stm32g4xx_hal_dac_ex.o
                                                  build/stm32g4xx_hal_dac.o
DMA1_Channel1_IRQHandler                          build/stm32g4xx_it.o
DMA1_Channel2_IRQHandler                          build/stm32g4xx_it.o
DMA1_Channel3_IRQHandler                          build/stm32g4xx_it.o
DMA1_Channel4_IRQHandler                          build/stm32g4xx_it.o
DMA1_Channel5_IRQHandler                          build/startup_stm32g431rbtx.o
DMA1_Channel6_IRQHandler                          build/startup_stm32g431rbtx.o
DMA2_Channel1_IRQHandler                          build/startup_stm32g431rbtx.o
DMA2_Channel2_IRQHandler                          build/startup_stm32g431rbtx.o
DMA2_Channel3_IRQHandler                          build/startup_stm32g431rbtx.o
DMA2_Channel4_IRQHandler                          build/startup_stm32g431rbtx.o
DMA2_Channel5_IRQHandler                          build/startup_stm32g431rbtx.o
DMA2_Channel6_IRQHandler                          build/startup_stm32g431rbtx.o
DMAMUX_OVR_IRQHandler                             build/startup_stm32g431rbtx.o
DebugMon_Handler                                  build/stm32g4xx_it.o
Default_Handler                                   build/startup_stm32g431rbtx.o
EXTI0_IRQHandler                                  build/startup_stm32g431rbtx.o
EXTI15_10_IRQHandler                              build/startup_stm32g431rbtx.o
EXTI1_IRQHandler                                  build/startup_stm32g431rbtx.o
EXTI2_IRQHandler                                  build/startup_stm32g431rbtx.o
EXTI3_IRQHandler                                  build/startup_stm32g431rbtx.o
EXTI4_IRQHandler                                  build/startup_stm32g431rbtx.o
EXTI9_5_IRQHandler                                build/startup_stm32g431rbtx.o
Error_Handler                                     build/main.o
                                                  build/tim.o
                                                  build/usart.o
                                                  build/dac.o
FDCAN1_IT0_IRQHandler                             build/startup_stm32g431rbtx.o
FDCAN1_IT1_IRQHandler                             build/startup_stm32g431rbtx.o
FLASH_FlushCaches                                 build/stm32g4xx_hal_flash_ex.o
                                                  build/stm32g4xx_hal_flash.o
FLASH_IRQHandler                                  build/startup_stm32g431rbtx.o
FLASH_PageErase                                   build/stm32g4xx_hal_flash_ex.o
                                                  build/stm32g4xx_hal_flash.o
FLASH_WaitForLastOperation                        build/stm32g4xx_hal_flash.o
                                                  build/stm32g4xx_hal_flash_ex.o
FMAC_IRQHandler                                   build/startup_stm32g431rbtx.o
FPU_IRQHandler                                    build/startup_stm32g431rbtx.o
HALL_A                                            build/real_waveforms.o
                                                  build/hall_swapper.o
HALL_B                                            build/real_waveforms.o
                                                  build/hall_swapper.o
HALL_C                                            build/real_waveforms.o
                                                  build/hall_swapper.o
HAL_DACEx_ConvCpltCallbackCh2                     build/stm32g4xx_hal_dac_ex.o
HAL_DACEx_ConvHalfCpltCallbackCh2                 build/stm32g4xx_hal_dac_ex.o
HAL_DACEx_DMAUnderrunCallbackCh2                  build/stm32g4xx_hal_dac_ex.o
                                                  build/stm32g4xx_hal_dac.o
HAL_DACEx_DualGetValue                            build/stm32g4xx_hal_dac_ex.o
HAL_DACEx_DualSetValue                            build/stm32g4xx_hal_dac_ex.o
HAL_DACEx_DualStart                               build/stm32g4xx_hal_dac_ex.o
HAL_DACEx_DualStart_DMA                           build/stm32g4xx_hal_dac_ex.o
HAL_DACEx_DualStop                                build/stm32g4xx_hal_dac_ex.o
HAL_DACEx_DualStop_DMA                            build/stm32g4xx_hal_dac_ex.o
HAL_DACEx_ErrorCallbackCh2                        build/stm32g4xx_hal_dac_ex.o
HAL_DACEx_GetTrimOffset                           build/stm32g4xx_hal_dac_ex.o
HAL_DACEx_NoiseWaveGenerate                       build/stm32g4xx_hal_dac_ex.o
HAL_DACEx_SawtoothWaveDataReset                   build/stm32g4xx_hal_dac_ex.o
HAL_DACEx_SawtoothWaveDataStep                    build/stm32g4xx_hal_dac_ex.o
HAL_DACEx_SawtoothWaveGenerate                    build/stm32g4xx_hal_dac_ex.o
HAL_DACEx_SelfCalibrate                           build/stm32g4xx_hal_dac_ex.o
HAL_DACEx_SetUserTrimming                         build/stm32g4xx_hal_dac_ex.o
HAL_DACEx_TriangleWaveGenerate                    build/stm32g4xx_hal_dac_ex.o
HAL_DAC_ConfigChannel                             build/stm32g4xx_hal_dac.o
                                                  build/dac.o
HAL_DAC_ConvCpltCallbackCh1                       build/stm32g4xx_hal_dac.o
HAL_DAC_ConvHalfCpltCallbackCh1                   build/stm32g4xx_hal_dac.o
HAL_DAC_DMAUnderrunCallbackCh1                    build/stm32g4xx_hal_dac.o
HAL_DAC_DeInit                                    build/stm32g4xx_hal_dac.o
HAL_DAC_ErrorCallbackCh1                          build/stm32g4xx_hal_dac.o
HAL_DAC_GetError                                  build/stm32g4xx_hal_dac.o
HAL_DAC_GetState                                  build/stm32g4xx_hal_dac.o
HAL_DAC_GetValue                                  build/stm32g4xx_hal_dac.o
HAL_DAC_IRQHandler                                build/stm32g4xx_hal_dac.o
HAL_DAC_Init                                      build/stm32g4xx_hal_dac.o
                                                  build/dac.o
HAL_DAC_MspDeInit                                 build/dac.o
HAL_DAC_MspInit                                   build/dac.o
HAL_DAC_SetValue                                  build/stm32g4xx_hal_dac.o
HAL_DAC_Start                                     build/stm32g4xx_hal_dac.o
HAL_DAC_Start_DMA                                 build/stm32g4xx_hal_dac.o
                                                  build/wave_emulator.o
HAL_DAC_Stop                                      build/stm32g4xx_hal_dac.o
HAL_DAC_Stop_DMA                                  build/stm32g4xx_hal_dac.o
                                                  build/wave_emulator.o
HAL_DBGMCU_DisableDBGSleepMode                    build/stm32g4xx_hal.o
HAL_DBGMCU_DisableDBGStandbyMode                  build/stm32g4xx_hal.o
HAL_DBGMCU_DisableDBGStopMode                     build/stm32g4xx_hal.o
HAL_DBGMCU_EnableDBGSleepMode                     build/stm32g4xx_hal.o
HAL_DBGMCU_EnableDBGStandbyMode                   build/stm32g4xx_hal.o
HAL_DBGMCU_EnableDBGStopMode                      build/stm32g4xx_hal.o
HAL_DMAEx_ConfigMuxRequestGenerator               build/stm32g4xx_hal_dma_ex.o
HAL_DMAEx_ConfigMuxSync                           build/stm32g4xx_hal_dma_ex.o
HAL_DMAEx_DisableMuxRequestGenerator              build/stm32g4xx_hal_dma_ex.o
HAL_DMAEx_EnableMuxRequestGenerator               build/stm32g4xx_hal_dma_ex.o
HAL_DMAEx_MUX_IRQHandler                          build/stm32g4xx_hal_dma_ex.o
HAL_DMA_Abort                                     build/stm32g4xx_hal_dma.o
                                                  build/stm32g4xx_hal_uart.o
                                                  build/stm32g4xx_hal_dac_ex.o
                                                  build/stm32g4xx_hal_dac.o
HAL_DMA_Abort_IT                                  build/stm32g4xx_hal_dma.o
                                                  build/stm32g4xx_hal_tim_ex.o
                                                  build/stm32g4xx_hal_tim.o
                                                  build/stm32g4xx_hal_uart.o
HAL_DMA_DeInit                                    build/stm32g4xx_hal_dma.o
                                                  build/usart.o
                                                  build/dac.o
HAL_DMA_GetError                                  build/stm32g4xx_hal_dma.o
                                                  build/stm32g4xx_hal_uart.o
HAL_DMA_GetState                                  build/stm32g4xx_hal_dma.o
HAL_DMA_IRQHandler                                build/stm32g4xx_hal_dma.o
                                                  build/stm32g4xx_it.o
HAL_DMA_Init                                      build/stm32g4xx_hal_dma.o
                                                  build/usart.o
                                                  build/dac.o
HAL_DMA_PollForTransfer                           build/stm32g4xx_hal_dma.o
HAL_DMA_RegisterCallback                          build/stm32g4xx_hal_dma.o
HAL_DMA_Start                                     build/stm32g4xx_hal_dma.o
HAL_DMA_Start_IT                                  build/stm32g4xx_hal_dma.o
                                                  build/stm32g4xx_hal_tim_ex.o
                                                  build/stm32g4xx_hal_tim.o
                                                  build/stm32g4xx_hal_uart.o
                                                  build/stm32g4xx_hal_dac_ex.o
                                                  build/stm32g4xx_hal_dac.o
HAL_DMA_UnRegisterCallback                        build/stm32g4xx_hal_dma.o
HAL_DeInit                                        build/stm32g4xx_hal.o
HAL_Delay                                         build/stm32g4xx_hal.o
                                                  build/user_interface.o
                                                  build/stm32g4xx_hal_dac_ex.o