../Core/Src/hall_detection.c:90:6:Hall_start_detection	4	static
../Core/Src/hall_detection.c:98:10:Hall_is_detection_finished	4	static
../Core/Src/hall_detection.c:109:6:Hall_Identification_Test_measurement	32	static
../Core/Src/hall_detection.c:130:6:signals_adquisition	24	static
../Core/Src/hall_detection.c:160:6:detect_all_zerocrossings	8	static
../Core/Src/hall_detection.c:175:6:detect_current_zerocrossings	16	static
../Core/Src/hall_detection.c:207:6:detect_hall_zerocrossings	16	static
../Core/Src/hall_detection.c:225:6:end_detection	16	static
../Core/Src/hall_detection.c:244:6:evaluate_and_present_results	24	static
../Core/Src/hall_detection.c:258:6:swap_hall_gpios_with_detected_results	48	static
../Core/Src/hall_detection.c:319:6:calculateElectricPeriod_inTicks	24	static
../Core/Src/hall_detection.c:339:6:assign_closest_phase_to_hall	56	static
../Core/Src/hall_detection.c:419:9:absolute	16	static
../Core/Src/hall_detection.c:427:6:assign_polarity	24	static
../Core/Src/hall_detection.c:450:6:present_results	16	static
../Core/Src/hall_detection.c:479:6:present_results_uart	8	static
