../Core/Src/hall_detection.c:104:6:Hall_start_detection	8	static
../Core/Src/hall_detection.c:120:10:Hall_is_detection_finished	4	static
../Core/Src/hall_detection.c:131:6:Hall_Identification_Test_measurement	32	static
../Core/Src/hall_detection.c:154:6:signals_adquisition	24	static
../Core/Src/hall_detection.c:211:6:detect_all_zerocrossings	8	static
../Core/Src/hall_detection.c:226:6:detect_current_zerocrossings	16	static
../Core/Src/hall_detection.c:258:6:detect_hall_zerocrossings	16	static
../Core/Src/hall_detection.c:276:6:end_detection	16	static
../Core/Src/hall_detection.c:295:6:evaluate_and_present_results	24	static
../Core/Src/hall_detection.c:313:6:swap_hall_gpios_with_detected_results	48	static
../Core/Src/hall_detection.c:365:6:calculateElectricPeriod_inTicks	24	static
../Core/Src/hall_detection.c:385:6:assign_closest_phase_to_hall	56	static
../Core/Src/hall_detection.c:465:9:absolute	16	static
../Core/Src/hall_detection.c:473:6:assign_polarity	24	static
../Core/Src/hall_detection.c:496:6:present_results	16	static
../Core/Src/hall_detection.c:525:6:present_results_uart	8	static
