../Core/Src/hall_detection.c:65:6:Hall_Identification_Test_measurement	24	static
../Core/Src/hall_detection.c:85:6:signals_adquisition	24	static
../Core/Src/hall_detection.c:109:6:detect_all_zerocrossings	8	static
../Core/Src/hall_detection.c:124:6:detect_current_zerocrossings	16	static
../Core/Src/hall_detection.c:156:6:detect_hall_zerocrossings	16	static
../Core/Src/hall_detection.c:174:6:end_detection	16	static
../Core/Src/hall_detection.c:193:6:evaluate_and_present_results	24	static
../Core/Src/hall_detection.c:203:6:swap_hall_gpios_with_detected_results	48	static
../Core/Src/hall_detection.c:264:6:calculateElectricPeriod_inTicks	24	static
../Core/Src/hall_detection.c:284:6:assign_closest_phase_to_hall	56	static
../Core/Src/hall_detection.c:364:9:absolute	16	static
../Core/Src/hall_detection.c:372:6:assign_polarity	16	static
../Core/Src/hall_detection.c:436:6:present_results	24	static
