../Core/Src/hall_detection.c:99:6:Hall_start_detection	4	static
../Core/Src/hall_detection.c:106:10:Hall_is_detection_finished	4	static
../Core/Src/hall_detection.c:168:6:Hall_Identification_Test_measurement	40	static
../Core/Src/hall_detection.c:215:6:resetVariables	16	static
../Core/Src/hall_detection.c:230:6:wait_for_the_current_stationary	32	static
../Core/Src/hall_detection.c:270:6:adquisition	32	static
../Core/Src/hall_detection.c:301:6:interpretation	16	static
../Core/Src/hall_detection.c:323:6:validation	40	static
../Core/Src/hall_detection.c:391:6:present_and_finish	24	static
../Core/Src/hall_detection.c:432:6:fill_buffers	24	static
../Core/Src/hall_detection.c:491:18:detect_N_zerocrossings	16	static
../Core/Src/hall_detection.c:518:6:detect_N_current_zerocrossings	24	static
../Core/Src/hall_detection.c:550:6:detect_N_hall_zerocrossings	24	static
../Core/Src/hall_detection.c:569:6:calculateElectricPeriod_inTicks	24	static
../Core/Src/hall_detection.c:592:18:is_deviation_from_period_acceptable	48	static
../Core/Src/hall_detection.c:618:18:are_all_periods_stable	16	static
../Core/Src/hall_detection.c:682:9:absolute	16	static
../Core/Src/hall_detection.c:691:6:assign_closest_phase_to_hall	48	static
../Core/Src/hall_detection.c:770:6:assign_polarity	48	static
