../Core/Src/hall_detection.c:45:6:run_hall_detection_inside_20Khz_interruption	16	static
../Core/Src/hall_detection.c:60:6:signals_adquisition	8	static
../Core/Src/hall_detection.c:84:6:detect_all_zerocrossings	8	static
../Core/Src/hall_detection.c:99:6:detect_current_zerocrossings	16	static
../Core/Src/hall_detection.c:131:6:detect_hall_zerocrossings	16	static
../Core/Src/hall_detection.c:149:6:end_detection	16	static
../Core/Src/hall_detection.c:168:6:evaluate_and_present_results	16	static
../Core/Src/hall_detection.c:180:6:calculateElectricPeriod_inTicks	24	static
../Core/Src/hall_detection.c:201:6:assign_closest_phase_to_hall	80	static
../Core/Src/hall_detection.c:267:9:absolute	16	static
../Core/Src/hall_detection.c:275:6:assign_polarity	16	static
