../Core/Src/hall_detection.c:68:6:Hall_Identification_Test_measurement	24	static
../Core/Src/hall_detection.c:88:6:signals_adquisition	24	static
../Core/Src/hall_detection.c:112:6:detect_all_zerocrossings	8	static
../Core/Src/hall_detection.c:127:6:detect_current_zerocrossings	16	static
../Core/Src/hall_detection.c:159:6:detect_hall_zerocrossings	16	static
../Core/Src/hall_detection.c:177:6:end_detection	16	static
../Core/Src/hall_detection.c:196:6:evaluate_and_present_results	24	static
../Core/Src/hall_detection.c:206:6:swap_hall_gpios_with_detected_results	48	static
../Core/Src/hall_detection.c:267:6:calculateElectricPeriod_inTicks	24	static
../Core/Src/hall_detection.c:287:6:assign_closest_phase_to_hall	56	static
../Core/Src/hall_detection.c:367:9:absolute	16	static
../Core/Src/hall_detection.c:375:6:assign_polarity	24	static
../Core/Src/hall_detection.c:387:6:present_results	24	static
