../Core/Src/hall_detection.c:94:6:Hall_start_detection	4	static
../Core/Src/hall_detection.c:102:10:Hall_is_detection_finished	4	static
../Core/Src/hall_detection.c:113:6:Hall_Identification_Test_measurement	32	static
../Core/Src/hall_detection.c:134:6:signals_adquisition	24	static
../Core/Src/hall_detection.c:192:6:detect_all_zerocrossings	8	static
../Core/Src/hall_detection.c:207:6:detect_current_zerocrossings	16	static
../Core/Src/hall_detection.c:239:6:detect_hall_zerocrossings	16	static
../Core/Src/hall_detection.c:257:6:end_detection	16	static
../Core/Src/hall_detection.c:276:6:evaluate_and_present_results	24	static
../Core/Src/hall_detection.c:290:6:swap_hall_gpios_with_detected_results	48	static
../Core/Src/hall_detection.c:351:6:calculateElectricPeriod_inTicks	24	static
../Core/Src/hall_detection.c:371:6:assign_closest_phase_to_hall	56	static
../Core/Src/hall_detection.c:451:9:absolute	16	static
../Core/Src/hall_detection.c:459:6:assign_polarity	24	static
../Core/Src/hall_detection.c:482:6:present_results	16	static
../Core/Src/hall_detection.c:511:6:present_results_uart	8	static
