../Core/Src/hall_detection.c:49:6:run_hall_detection_inside_20Khz_interruption	16	static
../Core/Src/hall_detection.c:61:6:signals_adquisition	8	static
../Core/Src/hall_detection.c:80:6:detect_all_zerocrossings	8	static
../Core/Src/hall_detection.c:91:6:detect_current_zerocrossings	16	static
../Core/Src/hall_detection.c:119:6:detect_hall_zerocrossings	16	static
../Core/Src/hall_detection.c:134:6:end_detection	16	static
../Core/Src/hall_detection.c:148:6:evaluate_and_present_results	16	static
../Core/Src/hall_detection.c:157:10:calculateElectricPeriod_inTicks	16	static
../Core/Src/hall_detection.c:174:7:fromTicksToMiliseconds	24	static
