../Core/Src/hall_detection.c:82:6:Hall_Identification_Test_measurement	32	static
../Core/Src/hall_detection.c:104:6:signals_adquisition	24	static
../Core/Src/hall_detection.c:134:6:detect_all_zerocrossings	8	static
../Core/Src/hall_detection.c:149:6:detect_current_zerocrossings	16	static
../Core/Src/hall_detection.c:181:6:detect_hall_zerocrossings	16	static
../Core/Src/hall_detection.c:199:6:end_detection	16	static
../Core/Src/hall_detection.c:218:6:evaluate_and_present_results	24	static
../Core/Src/hall_detection.c:228:6:swap_hall_gpios_with_detected_results	48	static
../Core/Src/hall_detection.c:289:6:calculateElectricPeriod_inTicks	24	static
../Core/Src/hall_detection.c:309:6:assign_closest_phase_to_hall	56	static
../Core/Src/hall_detection.c:389:9:absolute	16	static
../Core/Src/hall_detection.c:397:6:assign_polarity	24	static
../Core/Src/hall_detection.c:409:6:present_results	24	static
