../Core/Src/hall_detection.c:89:6:Hall_start_detection	4	static
../Core/Src/hall_detection.c:97:10:Hall_is_detection_finished	4	static
../Core/Src/hall_detection.c:108:6:Hall_Identification_Test_measurement	32	static
../Core/Src/hall_detection.c:129:6:signals_adquisition	24	static
../Core/Src/hall_detection.c:159:6:detect_all_zerocrossings	8	static
../Core/Src/hall_detection.c:174:6:detect_current_zerocrossings	16	static
../Core/Src/hall_detection.c:206:6:detect_hall_zerocrossings	16	static
../Core/Src/hall_detection.c:224:6:end_detection	16	static
../Core/Src/hall_detection.c:243:6:evaluate_and_present_results	24	static
../Core/Src/hall_detection.c:257:6:swap_hall_gpios_with_detected_results	48	static
../Core/Src/hall_detection.c:318:6:calculateElectricPeriod_inTicks	24	static
../Core/Src/hall_detection.c:338:6:assign_closest_phase_to_hall	56	static
../Core/Src/hall_detection.c:418:9:absolute	16	static
../Core/Src/hall_detection.c:426:6:assign_polarity	24	static
../Core/Src/hall_detection.c:449:6:present_results	16	static
