../Core/Src/user_interface.c:73:6:ui_uart_init	8	static
../Core/Src/user_interface.c:80:6:ui_uart_transmit_initial_message	8	static
../Core/Src/user_interface.c:84:6:ui_uart_listen	8	static
../Core/Src/user_interface.c:96:10:ui_uart_echo_and_breaklinedetect_rx	16	static
../Core/Src/user_interface.c:125:10:decode_ABCcommands	64	static
../Core/Src/user_interface.c:180:10:decode_othercommands	24	static
../Core/Src/user_interface.c:208:10:apply_delete_character_to_buffer	32	static
../Core/Src/user_interface.c:229:20:decode_char_to_hall_signals_order	24	static
../Core/Src/user_interface.c:253:23:decode_char_to_hall_signals_polarity	24	static
../Core/Src/user_interface.c:268:6:reset_or_start_uart_DMA_communications	8	static
../Core/Src/user_interface.c:273:6:HAL_UART_TxCpltCallback	16	static
../Core/Src/user_interface.c:277:6:HAL_UARTEx_RxEventCallback	16	static
